Archive member included to satisfy reference by file (symbol)

/home/prapor/AVR/avr-gcc-11.1.0-x64-linux/bin/../lib/gcc/avr/11.1.0/avr5/libgcc.a(_udivmodhi4.o)
                              obj/Release/GSM.o (__udivmodhi4)
/home/prapor/AVR/avr-gcc-11.1.0-x64-linux/bin/../lib/gcc/avr/11.1.0/avr5/libgcc.a(_udivmodsi4.o)
                              obj/Release/app.o (__udivmodsi4)
/home/prapor/AVR/avr-gcc-11.1.0-x64-linux/bin/../lib/gcc/avr/11.1.0/avr5/libgcc.a(_divmodsi4.o)
                              obj/Release/app.o (__divmodsi4)
/home/prapor/AVR/avr-gcc-11.1.0-x64-linux/bin/../lib/gcc/avr/11.1.0/avr5/libgcc.a(_negsi2.o)
                              /home/prapor/AVR/avr-gcc-11.1.0-x64-linux/bin/../lib/gcc/avr/11.1.0/avr5/libgcc.a(_divmodsi4.o) (__negsi2)
/home/prapor/AVR/avr-gcc-11.1.0-x64-linux/bin/../lib/gcc/avr/11.1.0/avr5/libgcc.a(_exit.o)
                              /home/prapor/AVR/avr-gcc-11.1.0-x64-linux/bin/../lib/gcc/avr/11.1.0/../../../../avr/lib/avr5/crtatmega328p.o (exit)
/home/prapor/AVR/avr-gcc-11.1.0-x64-linux/bin/../lib/gcc/avr/11.1.0/avr5/libgcc.a(_copy_data.o)
                              obj/Release/app.o (__do_copy_data)
/home/prapor/AVR/avr-gcc-11.1.0-x64-linux/bin/../lib/gcc/avr/11.1.0/avr5/libgcc.a(_clear_bss.o)
                              obj/Release/app.o (__do_clear_bss)
/home/prapor/AVR/avr-gcc-11.1.0-x64-linux/bin/../lib/gcc/avr/11.1.0/avr5/libgcc.a(_umulhisi3.o)
                              obj/Release/app.o (__umulhisi3)
/home/prapor/AVR/avr-gcc-11.1.0-x64-linux/bin/../lib/gcc/avr/11.1.0/../../../../avr/lib/avr5/libc.a(malloc.o)
                              obj/Release/app.o (__brkval)
/home/prapor/AVR/avr-gcc-11.1.0-x64-linux/bin/../lib/gcc/avr/11.1.0/../../../../avr/lib/avr5/libc.a(strtoul.o)
                              obj/Release/GSM.o (strtoul)
/home/prapor/AVR/avr-gcc-11.1.0-x64-linux/bin/../lib/gcc/avr/11.1.0/../../../../avr/lib/avr5/libc.a(atoi.o)
                              obj/Release/GSM.o (atoi)
/home/prapor/AVR/avr-gcc-11.1.0-x64-linux/bin/../lib/gcc/avr/11.1.0/../../../../avr/lib/avr5/libc.a(isspace.o)
                              /home/prapor/AVR/avr-gcc-11.1.0-x64-linux/bin/../lib/gcc/avr/11.1.0/../../../../avr/lib/avr5/libc.a(strtoul.o) (isspace)
/home/prapor/AVR/avr-gcc-11.1.0-x64-linux/bin/../lib/gcc/avr/11.1.0/../../../../avr/lib/avr5/libc.a(memcmp_P.o)
                              obj/Release/sms_parse.o (memcmp_P)
/home/prapor/AVR/avr-gcc-11.1.0-x64-linux/bin/../lib/gcc/avr/11.1.0/../../../../avr/lib/avr5/libc.a(strcat_P.o)
                              obj/Release/app.o (strcat_P)
/home/prapor/AVR/avr-gcc-11.1.0-x64-linux/bin/../lib/gcc/avr/11.1.0/../../../../avr/lib/avr5/libc.a(strstr_P.o)
                              obj/Release/GSM.o (strstr_P)
/home/prapor/AVR/avr-gcc-11.1.0-x64-linux/bin/../lib/gcc/avr/11.1.0/../../../../avr/lib/avr5/libc.a(strtok.o)
                              obj/Release/GSM.o (strtok)
/home/prapor/AVR/avr-gcc-11.1.0-x64-linux/bin/../lib/gcc/avr/11.1.0/../../../../avr/lib/avr5/libc.a(memcmp.o)
                              obj/Release/sms_parse.o (memcmp)
/home/prapor/AVR/avr-gcc-11.1.0-x64-linux/bin/../lib/gcc/avr/11.1.0/../../../../avr/lib/avr5/libc.a(memmove.o)
                              obj/Release/GSM.o (memmove)
/home/prapor/AVR/avr-gcc-11.1.0-x64-linux/bin/../lib/gcc/avr/11.1.0/../../../../avr/lib/avr5/libc.a(memset.o)
                              obj/Release/sms_parse.o (memset)
/home/prapor/AVR/avr-gcc-11.1.0-x64-linux/bin/../lib/gcc/avr/11.1.0/../../../../avr/lib/avr5/libc.a(strcat.o)
                              obj/Release/app.o (strcat)
/home/prapor/AVR/avr-gcc-11.1.0-x64-linux/bin/../lib/gcc/avr/11.1.0/../../../../avr/lib/avr5/libc.a(strchr.o)
                              obj/Release/GSM.o (strchr)
/home/prapor/AVR/avr-gcc-11.1.0-x64-linux/bin/../lib/gcc/avr/11.1.0/../../../../avr/lib/avr5/libc.a(strlwr.o)
                              obj/Release/sms_parse.o (strlwr)
/home/prapor/AVR/avr-gcc-11.1.0-x64-linux/bin/../lib/gcc/avr/11.1.0/../../../../avr/lib/avr5/libc.a(strstr.o)
                              obj/Release/GSM.o (strstr)
/home/prapor/AVR/avr-gcc-11.1.0-x64-linux/bin/../lib/gcc/avr/11.1.0/../../../../avr/lib/avr5/libc.a(strtok_r.o)
                              /home/prapor/AVR/avr-gcc-11.1.0-x64-linux/bin/../lib/gcc/avr/11.1.0/../../../../avr/lib/avr5/libc.a(strtok.o) (strtok_r)
/home/prapor/AVR/avr-gcc-11.1.0-x64-linux/bin/../lib/gcc/avr/11.1.0/../../../../avr/lib/avr5/libc.a(itoa_ncheck.o)
                              obj/Release/app.o (__itoa_ncheck)
/home/prapor/AVR/avr-gcc-11.1.0-x64-linux/bin/../lib/gcc/avr/11.1.0/../../../../avr/lib/avr5/libc.a(mul10.o)
                              /home/prapor/AVR/avr-gcc-11.1.0-x64-linux/bin/../lib/gcc/avr/11.1.0/../../../../avr/lib/avr5/libc.a(atoi.o) (__mulhi_const_10)
/home/prapor/AVR/avr-gcc-11.1.0-x64-linux/bin/../lib/gcc/avr/11.1.0/../../../../avr/lib/avr5/libc.a(utoa_ncheck.o)
[...]
Memory Configuration

Name             Origin             Length             Attributes
text             0x0000000000000000 0x0000000000020000 xr
data             0x0000000000800060 0x000000000000ffa0 rw !x
eeprom           0x0000000000810000 0x0000000000010000 rw !x
fuse             0x0000000000820000 0x0000000000000003 rw !x
lock             0x0000000000830000 0x0000000000000400 rw !x
signature        0x0000000000840000 0x0000000000000400 rw !x
user_signatures  0x0000000000850000 0x0000000000000400 rw !x
*default*        0x0000000000000000 0xffffffffffffffff

Linker script and memory map

Address of section .data set to 0x800100
LOAD /home/prapor/AVR/avr-gcc-11.1.0-x64-linux/bin/../lib/gcc/avr/11.1.0/../../../../avr/lib/avr5/crtatmega328p.o
LOAD obj/Release/app.o
LOAD obj/Release/eeprom.o
LOAD obj/Release/GSM.o
LOAD obj/Release/main.o
LOAD obj/Release/port.o
LOAD obj/Release/sms_parse.o
LOAD obj/Release/softuart.o
LOAD obj/Release/timer.o
LOAD obj/Release/UART.o
START GROUP
LOAD /home/prapor/AVR/avr-gcc-11.1.0-x64-linux/bin/../lib/gcc/avr/11.1.0/avr5/libgcc.a
LOAD /home/prapor/AVR/avr-gcc-11.1.0-x64-linux/bin/../lib/gcc/avr/11.1.0/../../../../avr/lib/avr5/libm.a
LOAD /home/prapor/AVR/avr-gcc-11.1.0-x64-linux/bin/../lib/gcc/avr/11.1.0/../../../../avr/lib/avr5/libc.a
LOAD /home/prapor/AVR/avr-gcc-11.1.0-x64-linux/bin/../lib/gcc/avr/11.1.0/../../../../avr/lib/avr5/libatmega328p.a
END GROUP
                0x0000000000020000                __TEXT_REGION_LENGTH__ = DEFINED (__TEXT_REGION_LENGTH__)?__TEXT_REGION_LENGTH__:0x20000
                0x000000000000ffa0                __DATA_REGION_LENGTH__ = DEFINED (__DATA_REGION_LENGTH__)?__DATA_REGION_LENGTH__:0xffa0
                0x0000000000010000                __EEPROM_REGION_LENGTH__ = DEFINED (__EEPROM_REGION_LENGTH__)?__EEPROM_REGION_LENGTH__:0x10000
                [0x0000000000000003]                __FUSE_REGION_LENGTH__ = DEFINED (__FUSE_REGION_LENGTH__)?__FUSE_REGION_LENGTH__:0x400
                0x0000000000000400                __LOCK_REGION_LENGTH__ = DEFINED (__LOCK_REGION_LENGTH__)?__LOCK_REGION_LENGTH__:0x400
                0x0000000000000400                __SIGNATURE_REGION_LENGTH__ = DEFINED (__SIGNATURE_REGION_LENGTH__)?__SIGNATURE_REGION_LENGTH__:0x400
                0x0000000000000400                __USER_SIGNATURE_REGION_LENGTH__ = DEFINED (__USER_SIGNATURE_REGION_LENGTH__)?__USER_SIGNATURE_REGION_LENGTH__:0x400

.hash
 *(.hash)

.dynsym
 *(.dynsym)

.dynstr
 *(.dynstr)

.gnu.version
 *(.gnu.version)

.gnu.version_d
 *(.gnu.version_d)

.gnu.version_r
 *(.gnu.version_r)

.rel.init
 *(.rel.init)

.rela.init
 *(.rela.init)

.rel.text
 *(.rel.text)
 *(.rel.text.*)
 *(.rel.gnu.linkonce.t*)

.rela.text
 *(.rela.text)
 *(.rela.text.*)
 *(.rela.gnu.linkonce.t*)

.rel.fini
 *(.rel.fini)

.rela.fini
 *(.rela.fini)

.rel.rodata
 *(.rel.rodata)
 *(.rel.rodata.*)
 *(.rel.gnu.linkonce.r*)

.rela.rodata
 *(.rela.rodata)
 *(.rela.rodata.*)
 *(.rela.gnu.linkonce.r*)

.rel.data
 *(.rel.data)
 *(.rel.data.*)
 *(.rel.gnu.linkonce.d*)

.rela.data
 *(.rela.data)
 *(.rela.data.*)
 *(.rela.gnu.linkonce.d*)

.rel.ctors
 *(.rel.ctors)

.rela.ctors
 *(.rela.ctors)

.rel.dtors
 *(.rel.dtors)

.rela.dtors
 *(.rela.dtors)

.rel.got
 *(.rel.got)

.rela.got
 *(.rela.got)

.rel.bss
 *(.rel.bss)

.rela.bss
 *(.rela.bss)

.rel.plt
 *(.rel.plt)

.rela.plt
 *(.rela.plt)

.text           0x0000000000000000     0x4be8
 *(.vectors)
 .vectors       0x0000000000000000       0x68 /home/prapor/AVR/avr-gcc-11.1.0-x64-linux/bin/../lib/gcc/avr/11.1.0/../../../../avr/lib/avr5/crtatmega328p.o
                0x0000000000000000                __vectors
                0x0000000000000000                __vector_default
 *(.vectors)
 *(.progmem.gcc*)
                0x0000000000000068                . = ALIGN (0x2)
                0x0000000000000068                __trampolines_start = .
 *(.trampolines)
 .trampolines   0x0000000000000068        0x0 linker stubs
 *(.trampolines*)
                0x0000000000000068                __trampolines_end = .
 *libprintf_flt.a:*(.progmem.data)
 *libc.a:*(.progmem.data)
 *(.progmem.*)
 .progmem.data  0x0000000000000068      0x363 obj/Release/app.o
 .progmem.data  0x00000000000003cb       0x15 obj/Release/eeprom.o
 .progmem.data  0x00000000000003e0      0x229 obj/Release/GSM.o
 .progmem.data  0x0000000000000609       0x10 obj/Release/main.o
 .progmem.data  0x0000000000000619      0x410 obj/Release/sms_parse.o
                0x0000000000000a2a                . = ALIGN (0x2)
 *fill*         0x0000000000000a29        0x1 
 *(.lowtext)
 *(.lowtext*)
                0x0000000000000a2a                __ctors_start = .
 *(.ctors)
                0x0000000000000a2a                __ctors_end = .
                0x0000000000000a2a                __dtors_start = .
 *(.dtors)
                0x0000000000000a2a                __dtors_end = .
 SORT_BY_NAME(*)(.ctors)
 SORT_BY_NAME(*)(.dtors)
 *(.init0)
 .init0         0x0000000000000a2a        0x0 /home/prapor/AVR/avr-gcc-11.1.0-x64-linux/bin/../lib/gcc/avr/11.1.0/../../../../avr/lib/avr5/crtatmega328p.o
                0x0000000000000a2a                __init
 *(.init0)
 *(.init1)
 *(.init1)
 *(.init2)
 .init2         0x0000000000000a2a        0xc /home/prapor/AVR/avr-gcc-11.1.0-x64-linux/bin/../lib/gcc/avr/11.1.0/../../../../avr/lib/avr5/crtatmega328p.o
 *(.init2)
 *(.init3)
 *(.init3)
 *(.init4)
 .init4         0x0000000000000a36       0x16 /home/prapor/AVR/avr-gcc-11.1.0-x64-linux/bin/../lib/gcc/avr/11.1.0/avr5/libgcc.a(_copy_data.o)
                0x0000000000000a36                __do_copy_data
 .init4         0x0000000000000a4c       0x10 /home/prapor/AVR/avr-gcc-11.1.0-x64-linux/bin/../lib/gcc/avr/11.1.0/avr5/libgcc.a(_clear_bss.o)
                0x0000000000000a4c                __do_clear_bss
 *(.init4)
 *(.init5)
 *(.init5)
 *(.init6)
 *(.init6)
 *(.init7)
 *(.init7)
 *(.init8)
 *(.init8)
 *(.init9)
 .init9         0x0000000000000a5c        0x8 /home/prapor/AVR/avr-gcc-11.1.0-x64-linux/bin/../lib/gcc/avr/11.1.0/../../../../avr/lib/avr5/crtatmega328p.o
 *(.init9)
 *(.text)
 .text          0x0000000000000a64        0x4 /home/prapor/AVR/avr-gcc-11.1.0-x64-linux/bin/../lib/gcc/avr/11.1.0/../../../../avr/lib/avr5/crtatmega328p.o
                0x0000000000000a64                __vector_22
                0x0000000000000a64                __vector_1
                0x0000000000000a64                __vector_24
                0x0000000000000a64                __vector_12
                0x0000000000000a64                __bad_interrupt
                0x0000000000000a64                __vector_6
                0x0000000000000a64                __vector_3
                0x0000000000000a64                __vector_23
                0x0000000000000a64                __vector_25
                0x0000000000000a64                __vector_13
                0x0000000000000a64                __vector_17
                0x0000000000000a64                __vector_19
                0x0000000000000a64                __vector_5
                0x0000000000000a64                __vector_4
                0x0000000000000a64                __vector_9
                0x0000000000000a64                __vector_2
                0x0000000000000a64                __vector_15
                0x0000000000000a64                __vector_8
                0x0000000000000a64                __vector_14
                0x0000000000000a64                __vector_10
                0x0000000000000a64                __vector_16
                0x0000000000000a64                __vector_20
 .text          0x0000000000000a68      0xbc6 obj/Release/app.o
                0x0000000000000a68                on_off_relay
                0x0000000000000c64                check_power
                0x0000000000000c9c                get_time_without_power_s
                0x0000000000000cca                init_internal_temperature
                0x0000000000000ce6                analog_read
                0x0000000000000e3e                power_control
                0x00000000000010c0                charge_bat
                0x00000000000010da                send_sms_report
                0x0000000000001312                check_temperature
                0x00000000000013be                __vector_21
                0x00000000000013c0                print_freeRam
                0x0000000000001420                debug_report
 .text          0x000000000000162e      0x1e8 obj/Release/eeprom.o
                0x000000000000162e                EEPROM_write
                0x000000000000164a                EEPROM_read
                0x000000000000165a                EEPROM_write_buf
                0x0000000000001696                EEPROM_read_buf
                0x00000000000016d2                eeprom_save_config
                0x00000000000016e2                eeprom_read_config
                0x0000000000001750                EEPROM_update
                0x0000000000001760                get_interval_power_off_report
                0x0000000000001766                set_interval_power_off_report
                0x000000000000176c                get_interval_power_on_report
                0x0000000000001772                set_interval_power_on_report
                0x0000000000001778                set_accept_calls
                0x000000000000177e                get_accept_calls
                0x0000000000001784                set_accept_sms
                0x000000000000178a                get_accept_sms
                0x0000000000001790                set_mode_gsm
                0x0000000000001796                get_mode_gsm
                0x000000000000179c                set_reset_count_mcu
                0x00000000000017ae                get_reset_count_mcu
                0x00000000000017dc                inc_reset_count_mcu
                0x00000000000017f8                set_report_temperature
                0x00000000000017fe                get_report_temperature
                0x0000000000001804                set_first_usage
                0x000000000000180a                set_pause_relay
                0x0000000000001810                get_pause_relay
 .text          0x0000000000001816     0x15fa obj/Release/GSM.o
                0x000000000000195a                map_s
                0x000000000000198c                get_message_from_mdm
                0x0000000000001b4a                mdm_get_signal_strength
                0x0000000000001e12                call_to
                0x0000000000001faa                alarm_play_file
                0x00000000000021ac                send_sms_p
                0x000000000000226a                send_sms_admins
                0x00000000000022ba                send_sms
                0x0000000000002390                check_phone_string
                0x00000000000023c2                delete_all_sms
                0x00000000000023e2                get_sms
                0x00000000000025e2                incoming_call_processing
                0x000000000000269c                reset_mcu
                0x00000000000026d4                check_registration
                0x0000000000002938                setup_init
                0x0000000000002a8c                send_USSD
                0x0000000000002d0a                check_deposit
                0x0000000000002da2                get_error_code1
                0x0000000000002da8                get_error_gsm
                0x0000000000002db8                set_error_gsm
                0x0000000000002dc8                led_gsm
                0x0000000000002e04                get_phone_number
                0x0000000000002e0a                get_arr_dep
 .text          0x0000000000002e10        0x0 obj/Release/main.o
 .text          0x0000000000002e10       0x80 obj/Release/port.o
                0x0000000000002e10                sensor_port_init
                0x0000000000002e1a                unused_port_init
                0x0000000000002e3c                relay_port_init
                0x0000000000002e46                led_port_init
                0x0000000000002e50                port_init
                0x0000000000002e64                check_volt_input
                0x0000000000002e84                get_flag_input_voltage
 .text          0x0000000000002e90      0x774 obj/Release/sms_parse.o
                0x0000000000002e90                find_phone_in_phone_list
                0x0000000000002ef0                get_param
                0x0000000000003050                set_param
                0x00000000000031f2                process_sms_body
 .text          0x0000000000003604      0x23c obj/Release/softuart.o
                0x0000000000003604                __vector_7
                0x0000000000003726                softuart_init
                0x000000000000375e                softuart_turn_rx_on
                0x0000000000003764                softuart_turn_rx_off
                0x000000000000376c                softuart_getchar
                0x0000000000003794                softuart_kbhit
                0x00000000000037a6                softuart_flush_input_buffer
                0x00000000000037b0                softuart_transmit_busy
                0x00000000000037be                softuart_putchar
                0x00000000000037e8                softuart_puts
                0x0000000000003800                softuart_puts_ln
                0x000000000000381e                softuart_puts_p
 .text          0x0000000000003840      0x354 obj/Release/timer.o
                0x0000000000003840                timer1_init
                0x0000000000003878                __vector_11
                0x00000000000039b8                get_time_ms
                0x00000000000039f8                get_time_s
                0x0000000000003a38                get_time_m
                0x0000000000003a78                reset_soft_wdt
                0x0000000000003a88                delay_ms
                0x0000000000003aee                delay_s
                0x0000000000003b54                get_time_from_start_s
 .text          0x0000000000003b94      0x162 obj/Release/UART.o
                0x0000000000003b94                init_uart
                0x0000000000003bb4                __vector_18
                0x0000000000003bf2                get_byte_from_queue
                0x0000000000003c0c                is_queue_not_empty
                0x0000000000003c1e                uart_send_buf
                0x0000000000003c38                uart_send_str
                0x0000000000003c50                uart_send_byte
                0x0000000000003c5e                uart_send_str_p
                0x0000000000003c7a                reset_uart_queue
                0x0000000000003c84                uart_flush
 .text          0x0000000000003cf6        0x0 /home/prapor/AVR/avr-gcc-11.1.0-x64-linux/bin/../lib/gcc/avr/11.1.0/avr5/libgcc.a(_udivmodhi4.o)
 .text          0x0000000000003cf6        0x0 /home/prapor/AVR/avr-gcc-11.1.0-x64-linux/bin/../lib/gcc/avr/11.1.0/avr5/libgcc.a(_udivmodsi4.o)
 .text          0x0000000000003cf6        0x0 /home/prapor/AVR/avr-gcc-11.1.0-x64-linux/bin/../lib/gcc/avr/11.1.0/avr5/libgcc.a(_divmodsi4.o)
 .text          0x0000000000003cf6        0x0 /home/prapor/AVR/avr-gcc-11.1.0-x64-linux/bin/../lib/gcc/avr/11.1.0/avr5/libgcc.a(_negsi2.o)
 .text          0x0000000000003cf6        0x0 /home/prapor/AVR/avr-gcc-11.1.0-x64-linux/bin/../lib/gcc/avr/11.1.0/avr5/libgcc.a(_exit.o)
 .text          0x0000000000003cf6        0x0 /home/prapor/AVR/avr-gcc-11.1.0-x64-linux/bin/../lib/gcc/avr/11.1.0/avr5/libgcc.a(_copy_data.o)
 .text          0x0000000000003cf6        0x0 /home/prapor/AVR/avr-gcc-11.1.0-x64-linux/bin/../lib/gcc/avr/11.1.0/avr5/libgcc.a(_clear_bss.o)
 .text          0x0000000000003cf6        0x0 /home/prapor/AVR/avr-gcc-11.1.0-x64-linux/bin/../lib/gcc/avr/11.1.0/avr5/libgcc.a(_umulhisi3.o)
 .text          0x0000000000003cf6        0x0 /home/prapor/AVR/avr-gcc-11.1.0-x64-linux/bin/../lib/gcc/avr/11.1.0/../../../../avr/lib/avr5/libc.a(malloc.o)
 .text          0x0000000000003cf6        0x0 /home/prapor/AVR/avr-gcc-11.1.0-x64-linux/bin/../lib/gcc/avr/11.1.0/../../../../avr/lib/avr5/libc.a(strtoul.o)
 .text          0x0000000000003cf6        0x0 /home/prapor/AVR/avr-gcc-11.1.0-x64-linux/bin/../lib/gcc/avr/11.1.0/../../../../avr/lib/avr5/libc.a(atoi.o)
 .text          0x0000000000003cf6        0x0 /home/prapor/AVR/avr-gcc-11.1.0-x64-linux/bin/../lib/gcc/avr/11.1.0/../../../../avr/lib/avr5/libc.a(isspace.o)
 .text          0x0000000000003cf6        0x0 /home/prapor/AVR/avr-gcc-11.1.0-x64-linux/bin/../lib/gcc/avr/11.1.0/../../../../avr/lib/avr5/libc.a(memcmp_P.o)
 .text          0x0000000000003cf6        0x0 /home/prapor/AVR/avr-gcc-11.1.0-x64-linux/bin/../lib/gcc/avr/11.1.0/../../../../avr/lib/avr5/libc.a(strcat_P.o)
 .text          0x0000000000003cf6        0x0 /home/prapor/AVR/avr-gcc-11.1.0-x64-linux/bin/../lib/gcc/avr/11.1.0/../../../../avr/lib/avr5/libc.a(strstr_P.o)
 .text          0x0000000000003cf6        0x0 /home/prapor/AVR/avr-gcc-11.1.0-x64-linux/bin/../lib/gcc/avr/11.1.0/../../../../avr/lib/avr5/libc.a(strtok.o)
 .text          0x0000000000003cf6        0x0 /home/prapor/AVR/avr-gcc-11.1.0-x64-linux/bin/../lib/gcc/avr/11.1.0/../../../../avr/lib/avr5/libc.a(memcmp.o)
 .text          0x0000000000003cf6        0x0 /home/prapor/AVR/avr-gcc-11.1.0-x64-linux/bin/../lib/gcc/avr/11.1.0/../../../../avr/lib/avr5/libc.a(memmove.o)
 .text          0x0000000000003cf6        0x0 /home/prapor/AVR/avr-gcc-11.1.0-x64-linux/bin/../lib/gcc/avr/11.1.0/../../../../avr/lib/avr5/libc.a(memset.o)
 .text          0x0000000000003cf6        0x0 /home/prapor/AVR/avr-gcc-11.1.0-x64-linux/bin/../lib/gcc/avr/11.1.0/../../../../avr/lib/avr5/libc.a(strcat.o)
 .text          0x0000000000003cf6        0x0 /home/prapor/AVR/avr-gcc-11.1.0-x64-linux/bin/../lib/gcc/avr/11.1.0/../../../../avr/lib/avr5/libc.a(strchr.o)
 .text          0x0000000000003cf6        0x0 /home/prapor/AVR/avr-gcc-11.1.0-x64-linux/bin/../lib/gcc/avr/11.1.0/../../../../avr/lib/avr5/libc.a(strlwr.o)
 .text          0x0000000000003cf6        0x0 /home/prapor/AVR/avr-gcc-11.1.0-x64-linux/bin/../lib/gcc/avr/11.1.0/../../../../avr/lib/avr5/libc.a(strstr.o)
 .text          0x0000000000003cf6        0x0 /home/prapor/AVR/avr-gcc-11.1.0-x64-linux/bin/../lib/gcc/avr/11.1.0/../../../../avr/lib/avr5/libc.a(strtok_r.o)
 .text          0x0000000000003cf6        0x0 /home/prapor/AVR/avr-gcc-11.1.0-x64-linux/bin/../lib/gcc/avr/11.1.0/../../../../avr/lib/avr5/libc.a(itoa_ncheck.o)
 .text          0x0000000000003cf6        0x0 /home/prapor/AVR/avr-gcc-11.1.0-x64-linux/bin/../lib/gcc/avr/11.1.0/../../../../avr/lib/avr5/libc.a(mul10.o)
 .text          0x0000000000003cf6        0x0 /home/prapor/AVR/avr-gcc-11.1.0-x64-linux/bin/../lib/gcc/avr/11.1.0/../../../../avr/lib/avr5/libc.a(utoa_ncheck.o)
 .text          0x0000000000003cf6        0x0 /home/prapor/AVR/avr-gcc-11.1.0-x64-linux/bin/../lib/gcc/avr/11.1.0/../../../../avr/lib/avr5/libc.a(sprintf_p.o)
 .text          0x0000000000003cf6        0x0 /home/prapor/AVR/avr-gcc-11.1.0-x64-linux/bin/../lib/gcc/avr/11.1.0/../../../../avr/lib/avr5/libc.a(vfprintf_std.o)
 .text          0x0000000000003cf6        0x0 /home/prapor/AVR/avr-gcc-11.1.0-x64-linux/bin/../lib/gcc/avr/11.1.0/../../../../avr/lib/avr5/libc.a(errno.o)
 .text          0x0000000000003cf6        0x0 /home/prapor/AVR/avr-gcc-11.1.0-x64-linux/bin/../lib/gcc/avr/11.1.0/../../../../avr/lib/avr5/libc.a(cty_isfalse.o)
 .text          0x0000000000003cf6        0x0 /home/prapor/AVR/avr-gcc-11.1.0-x64-linux/bin/../lib/gcc/avr/11.1.0/../../../../avr/lib/avr5/libc.a(strnlen_P.o)
 .text          0x0000000000003cf6        0x0 /home/prapor/AVR/avr-gcc-11.1.0-x64-linux/bin/../lib/gcc/avr/11.1.0/../../../../avr/lib/avr5/libc.a(memcpy.o)
 .text          0x0000000000003cf6        0x0 /home/prapor/AVR/avr-gcc-11.1.0-x64-linux/bin/../lib/gcc/avr/11.1.0/../../../../avr/lib/avr5/libc.a(strnlen.o)
 .text          0x0000000000003cf6        0x0 /home/prapor/AVR/avr-gcc-11.1.0-x64-linux/bin/../lib/gcc/avr/11.1.0/../../../../avr/lib/avr5/libc.a(strrev.o)
 .text          0x0000000000003cf6        0x0 /home/prapor/AVR/avr-gcc-11.1.0-x64-linux/bin/../lib/gcc/avr/11.1.0/../../../../avr/lib/avr5/libc.a(fputc.o)
 .text          0x0000000000003cf6        0x0 /home/prapor/AVR/avr-gcc-11.1.0-x64-linux/bin/../lib/gcc/avr/11.1.0/../../../../avr/lib/avr5/libc.a(ultoa_invert.o)
 .text          0x0000000000003cf6        0x0 /home/prapor/AVR/avr-gcc-11.1.0-x64-linux/bin/../lib/gcc/avr/11.1.0/../../../../avr/lib/avr5/libatmega328p.a(eerd_block.o)
 .text          0x0000000000003cf6        0x0 /home/prapor/AVR/avr-gcc-11.1.0-x64-linux/bin/../lib/gcc/avr/11.1.0/../../../../avr/lib/avr5/libatmega328p.a(eeupd_block.o)
 .text          0x0000000000003cf6        0x0 /home/prapor/AVR/avr-gcc-11.1.0-x64-linux/bin/../lib/gcc/avr/11.1.0/../../../../avr/lib/avr5/libatmega328p.a(eeupd_byte.o)
 .text          0x0000000000003cf6        0x0 /home/prapor/AVR/avr-gcc-11.1.0-x64-linux/bin/../lib/gcc/avr/11.1.0/../../../../avr/lib/avr5/libatmega328p.a(eewr_block.o)
 .text          0x0000000000003cf6        0x0 /home/prapor/AVR/avr-gcc-11.1.0-x64-linux/bin/../lib/gcc/avr/11.1.0/../../../../avr/lib/avr5/libatmega328p.a(eewr_byte.o)
 .text          0x0000000000003cf6        0x0 /home/prapor/AVR/avr-gcc-11.1.0-x64-linux/bin/../lib/gcc/avr/11.1.0/avr5/libgcc.a(_mulsi3.o)
 .text          0x0000000000003cf6        0x0 /home/prapor/AVR/avr-gcc-11.1.0-x64-linux/bin/../lib/gcc/avr/11.1.0/avr5/libgcc.a(_muluhisi3.o)
 .text          0x0000000000003cf6        0x0 /home/prapor/AVR/avr-gcc-11.1.0-x64-linux/bin/../lib/gcc/avr/11.1.0/avr5/libgcc.a(_prologue.o)
 .text          0x0000000000003cf6        0x0 /home/prapor/AVR/avr-gcc-11.1.0-x64-linux/bin/../lib/gcc/avr/11.1.0/avr5/libgcc.a(_epilogue.o)
                0x0000000000003cf6                . = ALIGN (0x2)
 *(.text.*)
 .text.startup  0x0000000000003cf6       0x7e obj/Release/main.o
                0x0000000000003cf6                main
 .text.libgcc.mul
                0x0000000000003d74        0x0 /home/prapor/AVR/avr-gcc-11.1.0-x64-linux/bin/../lib/gcc/avr/11.1.0/avr5/libgcc.a(_udivmodhi4.o)
 .text.libgcc.div
                0x0000000000003d74       0x28 /home/prapor/AVR/avr-gcc-11.1.0-x64-linux/bin/../lib/gcc/avr/11.1.0/avr5/libgcc.a(_udivmodhi4.o)
                0x0000000000003d74                __udivmodhi4
 .text.libgcc   0x0000000000003d9c        0x0 /home/prapor/AVR/avr-gcc-11.1.0-x64-linux/bin/../lib/gcc/avr/11.1.0/avr5/libgcc.a(_udivmodhi4.o)
 .text.libgcc.prologue
                0x0000000000003d9c        0x0 /home/prapor/AVR/avr-gcc-11.1.0-x64-linux/bin/../lib/gcc/avr/11.1.0/avr5/libgcc.a(_udivmodhi4.o)
 .text.libgcc.builtins
                0x0000000000003d9c        0x0 /home/prapor/AVR/avr-gcc-11.1.0-x64-linux/bin/../lib/gcc/avr/11.1.0/avr5/libgcc.a(_udivmodhi4.o)
 .text.libgcc.fmul
                0x0000000000003d9c        0x0 /home/prapor/AVR/avr-gcc-11.1.0-x64-linux/bin/../lib/gcc/avr/11.1.0/avr5/libgcc.a(_udivmodhi4.o)
 .text.libgcc.fixed
                0x0000000000003d9c        0x0 /home/prapor/AVR/avr-gcc-11.1.0-x64-linux/bin/../lib/gcc/avr/11.1.0/avr5/libgcc.a(_udivmodhi4.o)
 .text.libgcc.mul
                0x0000000000003d9c        0x0 /home/prapor/AVR/avr-gcc-11.1.0-x64-linux/bin/../lib/gcc/avr/11.1.0/avr5/libgcc.a(_udivmodsi4.o)
 .text.libgcc.div
                0x0000000000003d9c       0x44 /home/prapor/AVR/avr-gcc-11.1.0-x64-linux/bin/../lib/gcc/avr/11.1.0/avr5/libgcc.a(_udivmodsi4.o)
                0x0000000000003d9c                __udivmodsi4
 .text.libgcc   0x0000000000003de0        0x0 /home/prapor/AVR/avr-gcc-11.1.0-x64-linux/bin/../lib/gcc/avr/11.1.0/avr5/libgcc.a(_udivmodsi4.o)
 .text.libgcc.prologue
                0x0000000000003de0        0x0 /home/prapor/AVR/avr-gcc-11.1.0-x64-linux/bin/../lib/gcc/avr/11.1.0/avr5/libgcc.a(_udivmodsi4.o)
 .text.libgcc.builtins
                0x0000000000003de0        0x0 /home/prapor/AVR/avr-gcc-11.1.0-x64-linux/bin/../lib/gcc/avr/11.1.0/avr5/libgcc.a(_udivmodsi4.o)
 .text.libgcc.fmul
                0x0000000000003de0        0x0 /home/prapor/AVR/avr-gcc-11.1.0-x64-linux/bin/../lib/gcc/avr/11.1.0/avr5/libgcc.a(_udivmodsi4.o)
 .text.libgcc.fixed
                0x0000000000003de0        0x0 /home/prapor/AVR/avr-gcc-11.1.0-x64-linux/bin/../lib/gcc/avr/11.1.0/avr5/libgcc.a(_udivmodsi4.o)
 .text.libgcc.mul
                0x0000000000003de0        0x0 /home/prapor/AVR/avr-gcc-11.1.0-x64-linux/bin/../lib/gcc/avr/11.1.0/avr5/libgcc.a(_divmodsi4.o)
 .text.libgcc.div
                0x0000000000003de0       0x2e /home/prapor/AVR/avr-gcc-11.1.0-x64-linux/bin/../lib/gcc/avr/11.1.0/avr5/libgcc.a(_divmodsi4.o)
                0x0000000000003de0                __divmodsi4
 .text.libgcc   0x0000000000003e0e        0x0 /home/prapor/AVR/avr-gcc-11.1.0-x64-linux/bin/../lib/gcc/avr/11.1.0/avr5/libgcc.a(_divmodsi4.o)
 .text.libgcc.prologue
                0x0000000000003e0e        0x0 /home/prapor/AVR/avr-gcc-11.1.0-x64-linux/bin/../lib/gcc/avr/11.1.0/avr5/libgcc.a(_divmodsi4.o)
 .text.libgcc.builtins
                0x0000000000003e0e        0x0 /home/prapor/AVR/avr-gcc-11.1.0-x64-linux/bin/../lib/gcc/avr/11.1.0/avr5/libgcc.a(_divmodsi4.o)
 .text.libgcc.fmul
                0x0000000000003e0e        0x0 /home/prapor/AVR/avr-gcc-11.1.0-x64-linux/bin/../lib/gcc/avr/11.1.0/avr5/libgcc.a(_divmodsi4.o)
 .text.libgcc.fixed
                0x0000000000003e0e        0x0 /home/prapor/AVR/avr-gcc-11.1.0-x64-linux/bin/../lib/gcc/avr/11.1.0/avr5/libgcc.a(_divmodsi4.o)
 .text.libgcc.mul
                0x0000000000003e0e        0x0 /home/prapor/AVR/avr-gcc-11.1.0-x64-linux/bin/../lib/gcc/avr/11.1.0/avr5/libgcc.a(_negsi2.o)
 .text.libgcc.div
                0x0000000000003e0e       0x10 /home/prapor/AVR/avr-gcc-11.1.0-x64-linux/bin/../lib/gcc/avr/11.1.0/avr5/libgcc.a(_negsi2.o)
                0x0000000000003e0e                __negsi2
 .text.libgcc   0x0000000000003e1e        0x0 /home/prapor/AVR/avr-gcc-11.1.0-x64-linux/bin/../lib/gcc/avr/11.1.0/avr5/libgcc.a(_negsi2.o)
 .text.libgcc.prologue
                0x0000000000003e1e        0x0 /home/prapor/AVR/avr-gcc-11.1.0-x64-linux/bin/../lib/gcc/avr/11.1.0/avr5/libgcc.a(_negsi2.o)
 .text.libgcc.builtins
                0x0000000000003e1e        0x0 /home/prapor/AVR/avr-gcc-11.1.0-x64-linux/bin/../lib/gcc/avr/11.1.0/avr5/libgcc.a(_negsi2.o)
 .text.libgcc.fmul
                0x0000000000003e1e        0x0 /home/prapor/AVR/avr-gcc-11.1.0-x64-linux/bin/../lib/gcc/avr/11.1.0/avr5/libgcc.a(_negsi2.o)
 .text.libgcc.fixed
                0x0000000000003e1e        0x0 /home/prapor/AVR/avr-gcc-11.1.0-x64-linux/bin/../lib/gcc/avr/11.1.0/avr5/libgcc.a(_negsi2.o)
 .text.libgcc.mul
                0x0000000000003e1e        0x0 /home/prapor/AVR/avr-gcc-11.1.0-x64-linux/bin/../lib/gcc/avr/11.1.0/avr5/libgcc.a(_exit.o)
 .text.libgcc.div
                0x0000000000003e1e        0x0 /home/prapor/AVR/avr-gcc-11.1.0-x64-linux/bin/../lib/gcc/avr/11.1.0/avr5/libgcc.a(_exit.o)
 .text.libgcc   0x0000000000003e1e        0x0 /home/prapor/AVR/avr-gcc-11.1.0-x64-linux/bin/../lib/gcc/avr/11.1.0/avr5/libgcc.a(_exit.o)
 .text.libgcc.prologue
                0x0000000000003e1e        0x0 /home/prapor/AVR/avr-gcc-11.1.0-x64-linux/bin/../lib/gcc/avr/11.1.0/avr5/libgcc.a(_exit.o)
 .text.libgcc.builtins
                0x0000000000003e1e        0x0 /home/prapor/AVR/avr-gcc-11.1.0-x64-linux/bin/../lib/gcc/avr/11.1.0/avr5/libgcc.a(_exit.o)
 .text.libgcc.fmul
                0x0000000000003e1e        0x0 /home/prapor/AVR/avr-gcc-11.1.0-x64-linux/bin/../lib/gcc/avr/11.1.0/avr5/libgcc.a(_exit.o)
 .text.libgcc.fixed
                0x0000000000003e1e        0x0 /home/prapor/AVR/avr-gcc-11.1.0-x64-linux/bin/../lib/gcc/avr/11.1.0/avr5/libgcc.a(_exit.o)
 .text.libgcc.mul
                0x0000000000003e1e        0x0 /home/prapor/AVR/avr-gcc-11.1.0-x64-linux/bin/../lib/gcc/avr/11.1.0/avr5/libgcc.a(_copy_data.o)
 .text.libgcc.div
                0x0000000000003e1e        0x0 /home/prapor/AVR/avr-gcc-11.1.0-x64-linux/bin/../lib/gcc/avr/11.1.0/avr5/libgcc.a(_copy_data.o)
 .text.libgcc   0x0000000000003e1e        0x0 /home/prapor/AVR/avr-gcc-11.1.0-x64-linux/bin/../lib/gcc/avr/11.1.0/avr5/libgcc.a(_copy_data.o)
 .text.libgcc.prologue
                0x0000000000003e1e        0x0 /home/prapor/AVR/avr-gcc-11.1.0-x64-linux/bin/../lib/gcc/avr/11.1.0/avr5/libgcc.a(_copy_data.o)
 .text.libgcc.builtins
                0x0000000000003e1e        0x0 /home/prapor/AVR/avr-gcc-11.1.0-x64-linux/bin/../lib/gcc/avr/11.1.0/avr5/libgcc.a(_copy_data.o)
 .text.libgcc.fmul
                0x0000000000003e1e        0x0 /home/prapor/AVR/avr-gcc-11.1.0-x64-linux/bin/../lib/gcc/avr/11.1.0/avr5/libgcc.a(_copy_data.o)
 .text.libgcc.fixed
                0x0000000000003e1e        0x0 /home/prapor/AVR/avr-gcc-11.1.0-x64-linux/bin/../lib/gcc/avr/11.1.0/avr5/libgcc.a(_copy_data.o)
 .text.libgcc.mul
                0x0000000000003e1e        0x0 /home/prapor/AVR/avr-gcc-11.1.0-x64-linux/bin/../lib/gcc/avr/11.1.0/avr5/libgcc.a(_clear_bss.o)
 .text.libgcc.div
                0x0000000000003e1e        0x0 /home/prapor/AVR/avr-gcc-11.1.0-x64-linux/bin/../lib/gcc/avr/11.1.0/avr5/libgcc.a(_clear_bss.o)
 .text.libgcc   0x0000000000003e1e        0x0 /home/prapor/AVR/avr-gcc-11.1.0-x64-linux/bin/../lib/gcc/avr/11.1.0/avr5/libgcc.a(_clear_bss.o)
 .text.libgcc.prologue
                0x0000000000003e1e        0x0 /home/prapor/AVR/avr-gcc-11.1.0-x64-linux/bin/../lib/gcc/avr/11.1.0/avr5/libgcc.a(_clear_bss.o)
 .text.libgcc.builtins
                0x0000000000003e1e        0x0 /home/prapor/AVR/avr-gcc-11.1.0-x64-linux/bin/../lib/gcc/avr/11.1.0/avr5/libgcc.a(_clear_bss.o)
 .text.libgcc.fmul
                0x0000000000003e1e        0x0 /home/prapor/AVR/avr-gcc-11.1.0-x64-linux/bin/../lib/gcc/avr/11.1.0/avr5/libgcc.a(_clear_bss.o)
 .text.libgcc.fixed
                0x0000000000003e1e        0x0 /home/prapor/AVR/avr-gcc-11.1.0-x64-linux/bin/../lib/gcc/avr/11.1.0/avr5/libgcc.a(_clear_bss.o)
 .text.libgcc.mul
                0x0000000000003e1e       0x1e /home/prapor/AVR/avr-gcc-11.1.0-x64-linux/bin/../lib/gcc/avr/11.1.0/avr5/libgcc.a(_umulhisi3.o)
                0x0000000000003e1e                __umulhisi3
 .text.libgcc.div
                0x0000000000003e3c        0x0 /home/prapor/AVR/avr-gcc-11.1.0-x64-linux/bin/../lib/gcc/avr/11.1.0/avr5/libgcc.a(_umulhisi3.o)
 .text.libgcc   0x0000000000003e3c        0x0 /home/prapor/AVR/avr-gcc-11.1.0-x64-linux/bin/../lib/gcc/avr/11.1.0/avr5/libgcc.a(_umulhisi3.o)
 .text.libgcc.prologue
                0x0000000000003e3c        0x0 /home/prapor/AVR/avr-gcc-11.1.0-x64-linux/bin/../lib/gcc/avr/11.1.0/avr5/libgcc.a(_umulhisi3.o)
 .text.libgcc.builtins
                0x0000000000003e3c        0x0 /home/prapor/AVR/avr-gcc-11.1.0-x64-linux/bin/../lib/gcc/avr/11.1.0/avr5/libgcc.a(_umulhisi3.o)
 .text.libgcc.fmul
                0x0000000000003e3c        0x0 /home/prapor/AVR/avr-gcc-11.1.0-x64-linux/bin/../lib/gcc/avr/11.1.0/avr5/libgcc.a(_umulhisi3.o)
 .text.libgcc.fixed
                0x0000000000003e3c        0x0 /home/prapor/AVR/avr-gcc-11.1.0-x64-linux/bin/../lib/gcc/avr/11.1.0/avr5/libgcc.a(_umulhisi3.o)
 .text.avr-libc
                0x0000000000003e3c      0x250 /home/prapor/AVR/avr-gcc-11.1.0-x64-linux/bin/../lib/gcc/avr/11.1.0/../../../../avr/lib/avr5/libc.a(malloc.o)
                0x0000000000003e3c                malloc
                0x0000000000003f68                free
 .text.avr-libc
                0x000000000000408c      0x290 /home/prapor/AVR/avr-gcc-11.1.0-x64-linux/bin/../lib/gcc/avr/11.1.0/../../../../avr/lib/avr5/libc.a(strtoul.o)
                0x000000000000408c                strtoul
 .text.avr-libc
                0x000000000000431c       0x3c /home/prapor/AVR/avr-gcc-11.1.0-x64-linux/bin/../lib/gcc/avr/11.1.0/../../../../avr/lib/avr5/libc.a(atoi.o)
                0x000000000000431c                atoi
 .text.avr-libc
                0x0000000000004358       0x12 /home/prapor/AVR/avr-gcc-11.1.0-x64-linux/bin/../lib/gcc/avr/11.1.0/../../../../avr/lib/avr5/libc.a(isspace.o)
                0x0000000000004358                isspace
 .text.avr-libc
                0x000000000000436a       0x1a /home/prapor/AVR/avr-gcc-11.1.0-x64-linux/bin/../lib/gcc/avr/11.1.0/../../../../avr/lib/avr5/libc.a(memcmp_P.o)
                0x000000000000436a                memcmp_P
 .text.avr-libc
                0x0000000000004384       0x16 /home/prapor/AVR/avr-gcc-11.1.0-x64-linux/bin/../lib/gcc/avr/11.1.0/../../../../avr/lib/avr5/libc.a(strcat_P.o)
                0x0000000000004384                strcat_P
 .text.avr-libc
                0x000000000000439a       0x34 /home/prapor/AVR/avr-gcc-11.1.0-x64-linux/bin/../lib/gcc/avr/11.1.0/../../../../avr/lib/avr5/libc.a(strstr_P.o)
                0x000000000000439a                strstr_P
 .text.avr-libc
                0x00000000000043ce        0xa /home/prapor/AVR/avr-gcc-11.1.0-x64-linux/bin/../lib/gcc/avr/11.1.0/../../../../avr/lib/avr5/libc.a(strtok.o)
                0x00000000000043ce                strtok
 .text.avr-libc
                0x00000000000043d8       0x1a /home/prapor/AVR/avr-gcc-11.1.0-x64-linux/bin/../lib/gcc/avr/11.1.0/../../../../avr/lib/avr5/libc.a(memcmp.o)
                0x00000000000043d8                memcmp
 .text.avr-libc
                0x00000000000043f2       0x24 /home/prapor/AVR/avr-gcc-11.1.0-x64-linux/bin/../lib/gcc/avr/11.1.0/../../../../avr/lib/avr5/libc.a(memmove.o)
                0x00000000000043f2                memmove
 .text.avr-libc
                0x0000000000004416        0xe /home/prapor/AVR/avr-gcc-11.1.0-x64-linux/bin/../lib/gcc/avr/11.1.0/../../../../avr/lib/avr5/libc.a(memset.o)
                0x0000000000004416                memset
 .text.avr-libc
                0x0000000000004424       0x16 /home/prapor/AVR/avr-gcc-11.1.0-x64-linux/bin/../lib/gcc/avr/11.1.0/../../../../avr/lib/avr5/libc.a(strcat.o)
                0x0000000000004424                strcat
 .text.avr-libc
                0x000000000000443a       0x16 /home/prapor/AVR/avr-gcc-11.1.0-x64-linux/bin/../lib/gcc/avr/11.1.0/../../../../avr/lib/avr5/libc.a(strchr.o)
                0x000000000000443a                strchr
 .text.avr-libc
                0x0000000000004450       0x14 /home/prapor/AVR/avr-gcc-11.1.0-x64-linux/bin/../lib/gcc/avr/11.1.0/../../../../avr/lib/avr5/libc.a(strlwr.o)
                0x0000000000004450                strlwr
 .text.avr-libc
                0x0000000000004464       0x34 /home/prapor/AVR/avr-gcc-11.1.0-x64-linux/bin/../lib/gcc/avr/11.1.0/../../../../avr/lib/avr5/libc.a(strstr.o)
                0x0000000000004464                strstr
 .text.avr-libc
                0x0000000000004498       0x4e /home/prapor/AVR/avr-gcc-11.1.0-x64-linux/bin/../lib/gcc/avr/11.1.0/../../../../avr/lib/avr5/libc.a(strtok_r.o)
                0x0000000000004498                strtok_r
 .text.avr-libc
                0x00000000000044e6       0x16 /home/prapor/AVR/avr-gcc-11.1.0-x64-linux/bin/../lib/gcc/avr/11.1.0/../../../../avr/lib/avr5/libc.a(itoa_ncheck.o)
                0x00000000000044e6                __itoa_ncheck
 .text.avr-libc
                0x00000000000044fc       0x10 /home/prapor/AVR/avr-gcc-11.1.0-x64-linux/bin/../lib/gcc/avr/11.1.0/../../../../avr/lib/avr5/libc.a(mul10.o)
                0x00000000000044fc                __mulhi_const_10
 .text.avr-libc
                0x000000000000450c       0x34 /home/prapor/AVR/avr-gcc-11.1.0-x64-linux/bin/../lib/gcc/avr/11.1.0/../../../../avr/lib/avr5/libc.a(utoa_ncheck.o)
                0x000000000000450c                __utoa_ncheck
                0x000000000000450e                __utoa_common
 .text.avr-libc
                0x0000000000004540       0x46 /home/prapor/AVR/avr-gcc-11.1.0-x64-linux/bin/../lib/gcc/avr/11.1.0/../../../../avr/lib/avr5/libc.a(sprintf_p.o)
                0x0000000000004540                sprintf_P
 .text.avr-libc
                0x0000000000004586      0x3a6 /home/prapor/AVR/avr-gcc-11.1.0-x64-linux/bin/../lib/gcc/avr/11.1.0/../../../../avr/lib/avr5/libc.a(vfprintf_std.o)
                0x0000000000004586                vfprintf
 .text.avr-libc
                0x000000000000492c        0x6 /home/prapor/AVR/avr-gcc-11.1.0-x64-linux/bin/../lib/gcc/avr/11.1.0/../../../../avr/lib/avr5/libc.a(cty_isfalse.o)
                0x000000000000492c                __ctype_isfalse
                0x0000000000004930                __ctype_istrue
 .text.avr-libc
                0x0000000000004932       0x16 /home/prapor/AVR/avr-gcc-11.1.0-x64-linux/bin/../lib/gcc/avr/11.1.0/../../../../avr/lib/avr5/libc.a(strnlen_P.o)
                0x0000000000004932                strnlen_P
 .text.avr-libc
                0x0000000000004948       0x12 /home/prapor/AVR/avr-gcc-11.1.0-x64-linux/bin/../lib/gcc/avr/11.1.0/../../../../avr/lib/avr5/libc.a(memcpy.o)
                0x0000000000004948                memcpy
 .text.avr-libc
                0x000000000000495a       0x16 /home/prapor/AVR/avr-gcc-11.1.0-x64-linux/bin/../lib/gcc/avr/11.1.0/../../../../avr/lib/avr5/libc.a(strnlen.o)
                0x000000000000495a                strnlen
 .text.avr-libc
                0x0000000000004970       0x20 /home/prapor/AVR/avr-gcc-11.1.0-x64-linux/bin/../lib/gcc/avr/11.1.0/../../../../avr/lib/avr5/libc.a(strrev.o)
                0x0000000000004970                strrev
 .text.avr-libc
                0x0000000000004990       0x60 /home/prapor/AVR/avr-gcc-11.1.0-x64-linux/bin/../lib/gcc/avr/11.1.0/../../../../avr/lib/avr5/libc.a(fputc.o)
                0x0000000000004990                fputc
 .text.avr-libc
                0x00000000000049f0       0xbc /home/prapor/AVR/avr-gcc-11.1.0-x64-linux/bin/../lib/gcc/avr/11.1.0/../../../../avr/lib/avr5/libc.a(ultoa_invert.o)
                0x00000000000049f0                __ultoa_invert
 .text.avr-libc
                0x0000000000004aac       0x20 /home/prapor/AVR/avr-gcc-11.1.0-x64-linux/bin/../lib/gcc/avr/11.1.0/../../../../avr/lib/avr5/libatmega328p.a(eerd_block.o)
                0x0000000000004aac                eeprom_read_block
                0x0000000000004ab0                eeprom_read_blraw
 .text.avr-libc
                0x0000000000004acc       0x20 /home/prapor/AVR/avr-gcc-11.1.0-x64-linux/bin/../lib/gcc/avr/11.1.0/../../../../avr/lib/avr5/libatmega328p.a(eeupd_block.o)
                0x0000000000004acc                eeprom_update_block
 .text.avr-libc
                0x0000000000004aec       0x24 /home/prapor/AVR/avr-gcc-11.1.0-x64-linux/bin/../lib/gcc/avr/11.1.0/../../../../avr/lib/avr5/libatmega328p.a(eeupd_byte.o)
                0x0000000000004aec                eeprom_update_byte
                0x0000000000004aee                eeprom_update_r18
 .text.avr-libc
                0x0000000000004b10       0x14 /home/prapor/AVR/avr-gcc-11.1.0-x64-linux/bin/../lib/gcc/avr/11.1.0/../../../../avr/lib/avr5/libatmega328p.a(eewr_block.o)
                0x0000000000004b10                eeprom_write_block
 .text.avr-libc
                0x0000000000004b24       0x1c /home/prapor/AVR/avr-gcc-11.1.0-x64-linux/bin/../lib/gcc/avr/11.1.0/../../../../avr/lib/avr5/libatmega328p.a(eewr_byte.o)
                0x0000000000004b24                eeprom_write_byte
                0x0000000000004b26                eeprom_write_r18
 .text.libgcc.mul
                0x0000000000004b40       0x20 /home/prapor/AVR/avr-gcc-11.1.0-x64-linux/bin/../lib/gcc/avr/11.1.0/avr5/libgcc.a(_mulsi3.o)
                0x0000000000004b40                __mulsi3
 .text.libgcc.div
                0x0000000000004b60        0x0 /home/prapor/AVR/avr-gcc-11.1.0-x64-linux/bin/../lib/gcc/avr/11.1.0/avr5/libgcc.a(_mulsi3.o)
 .text.libgcc   0x0000000000004b60        0x0 /home/prapor/AVR/avr-gcc-11.1.0-x64-linux/bin/../lib/gcc/avr/11.1.0/avr5/libgcc.a(_mulsi3.o)
 .text.libgcc.prologue
                0x0000000000004b60        0x0 /home/prapor/AVR/avr-gcc-11.1.0-x64-linux/bin/../lib/gcc/avr/11.1.0/avr5/libgcc.a(_mulsi3.o)
 .text.libgcc.builtins
                0x0000000000004b60        0x0 /home/prapor/AVR/avr-gcc-11.1.0-x64-linux/bin/../lib/gcc/avr/11.1.0/avr5/libgcc.a(_mulsi3.o)
 .text.libgcc.fmul
                0x0000000000004b60        0x0 /home/prapor/AVR/avr-gcc-11.1.0-x64-linux/bin/../lib/gcc/avr/11.1.0/avr5/libgcc.a(_mulsi3.o)
 .text.libgcc.fixed
                0x0000000000004b60        0x0 /home/prapor/AVR/avr-gcc-11.1.0-x64-linux/bin/../lib/gcc/avr/11.1.0/avr5/libgcc.a(_mulsi3.o)
 .text.libgcc.mul
                0x0000000000004b60       0x16 /home/prapor/AVR/avr-gcc-11.1.0-x64-linux/bin/../lib/gcc/avr/11.1.0/avr5/libgcc.a(_muluhisi3.o)
                0x0000000000004b60                __muluhisi3
 .text.libgcc.div
                0x0000000000004b76        0x0 /home/prapor/AVR/avr-gcc-11.1.0-x64-linux/bin/../lib/gcc/avr/11.1.0/avr5/libgcc.a(_muluhisi3.o)
 .text.libgcc   0x0000000000004b76        0x0 /home/prapor/AVR/avr-gcc-11.1.0-x64-linux/bin/../lib/gcc/avr/11.1.0/avr5/libgcc.a(_muluhisi3.o)
 .text.libgcc.prologue
                0x0000000000004b76        0x0 /home/prapor/AVR/avr-gcc-11.1.0-x64-linux/bin/../lib/gcc/avr/11.1.0/avr5/libgcc.a(_muluhisi3.o)
 .text.libgcc.builtins
                0x0000000000004b76        0x0 /home/prapor/AVR/avr-gcc-11.1.0-x64-linux/bin/../lib/gcc/avr/11.1.0/avr5/libgcc.a(_muluhisi3.o)
 .text.libgcc.fmul
                0x0000000000004b76        0x0 /home/prapor/AVR/avr-gcc-11.1.0-x64-linux/bin/../lib/gcc/avr/11.1.0/avr5/libgcc.a(_muluhisi3.o)
 .text.libgcc.fixed
                0x0000000000004b76        0x0 /home/prapor/AVR/avr-gcc-11.1.0-x64-linux/bin/../lib/gcc/avr/11.1.0/avr5/libgcc.a(_muluhisi3.o)
 .text.libgcc.mul
                0x0000000000004b76        0x0 /home/prapor/AVR/avr-gcc-11.1.0-x64-linux/bin/../lib/gcc/avr/11.1.0/avr5/libgcc.a(_prologue.o)
 .text.libgcc.div
                0x0000000000004b76        0x0 /home/prapor/AVR/avr-gcc-11.1.0-x64-linux/bin/../lib/gcc/avr/11.1.0/avr5/libgcc.a(_prologue.o)
 .text.libgcc   0x0000000000004b76        0x0 /home/prapor/AVR/avr-gcc-11.1.0-x64-linux/bin/../lib/gcc/avr/11.1.0/avr5/libgcc.a(_prologue.o)
 .text.libgcc.prologue
                0x0000000000004b76       0x38 /home/prapor/AVR/avr-gcc-11.1.0-x64-linux/bin/../lib/gcc/avr/11.1.0/avr5/libgcc.a(_prologue.o)
                0x0000000000004b76                __prologue_saves__
 .text.libgcc.builtins
                0x0000000000004bae        0x0 /home/prapor/AVR/avr-gcc-11.1.0-x64-linux/bin/../lib/gcc/avr/11.1.0/avr5/libgcc.a(_prologue.o)
 .text.libgcc.fmul
                0x0000000000004bae        0x0 /home/prapor/AVR/avr-gcc-11.1.0-x64-linux/bin/../lib/gcc/avr/11.1.0/avr5/libgcc.a(_prologue.o)
 .text.libgcc.fixed
                0x0000000000004bae        0x0 /home/prapor/AVR/avr-gcc-11.1.0-x64-linux/bin/../lib/gcc/avr/11.1.0/avr5/libgcc.a(_prologue.o)
 .text.libgcc.mul
                0x0000000000004bae        0x0 /home/prapor/AVR/avr-gcc-11.1.0-x64-linux/bin/../lib/gcc/avr/11.1.0/avr5/libgcc.a(_epilogue.o)
 .text.libgcc.div
                0x0000000000004bae        0x0 /home/prapor/AVR/avr-gcc-11.1.0-x64-linux/bin/../lib/gcc/avr/11.1.0/avr5/libgcc.a(_epilogue.o)
 .text.libgcc   0x0000000000004bae        0x0 /home/prapor/AVR/avr-gcc-11.1.0-x64-linux/bin/../lib/gcc/avr/11.1.0/avr5/libgcc.a(_epilogue.o)
 .text.libgcc.prologue
                0x0000000000004bae       0x36 /home/prapor/AVR/avr-gcc-11.1.0-x64-linux/bin/../lib/gcc/avr/11.1.0/avr5/libgcc.a(_epilogue.o)
                0x0000000000004bae                __epilogue_restores__
 .text.libgcc.builtins
                0x0000000000004be4        0x0 /home/prapor/AVR/avr-gcc-11.1.0-x64-linux/bin/../lib/gcc/avr/11.1.0/avr5/libgcc.a(_epilogue.o)
 .text.libgcc.fmul
                0x0000000000004be4        0x0 /home/prapor/AVR/avr-gcc-11.1.0-x64-linux/bin/../lib/gcc/avr/11.1.0/avr5/libgcc.a(_epilogue.o)
 .text.libgcc.fixed
                0x0000000000004be4        0x0 /home/prapor/AVR/avr-gcc-11.1.0-x64-linux/bin/../lib/gcc/avr/11.1.0/avr5/libgcc.a(_epilogue.o)
                0x0000000000004be4                . = ALIGN (0x2)
 *(.fini9)
 .fini9         0x0000000000004be4        0x0 /home/prapor/AVR/avr-gcc-11.1.0-x64-linux/bin/../lib/gcc/avr/11.1.0/avr5/libgcc.a(_exit.o)
                0x0000000000004be4                exit
                0x0000000000004be4                _exit
 *(.fini9)
 *(.fini8)
 *(.fini8)
 *(.fini7)
 *(.fini7)
 *(.fini6)
 *(.fini6)
 *(.fini5)
 *(.fini5)
 *(.fini4)
 *(.fini4)
 *(.fini3)
 *(.fini3)
 *(.fini2)
 *(.fini2)
 *(.fini1)
 *(.fini1)
 *(.fini0)
 .fini0         0x0000000000004be4        0x4 /home/prapor/AVR/avr-gcc-11.1.0-x64-linux/bin/../lib/gcc/avr/11.1.0/avr5/libgcc.a(_exit.o)
 *(.fini0)
 *(.hightext)
 *(.hightext*)
 *(.progmemx.*)
                0x0000000000004be8                . = ALIGN (0x2)
 *(.jumptables)
 *(.jumptables*)
                0x0000000000004be8                _etext = .

.data           0x0000000000800100       0xa2 load address 0x0000000000004be8
                0x0000000000800100                PROVIDE (__data_start = .)
 *(.data)
 .data          0x0000000000800100        0x0 /home/prapor/AVR/avr-gcc-11.1.0-x64-linux/bin/../lib/gcc/avr/11.1.0/../../../../avr/lib/avr5/crtatmega328p.o
 .data          0x0000000000800100        0x3 obj/Release/app.o
 .data          0x0000000000800103        0x0 obj/Release/eeprom.o
 .data          0x0000000000800103        0x1 obj/Release/GSM.o
 .data          0x0000000000800104        0x0 obj/Release/main.o
 .data          0x0000000000800104        0x0 obj/Release/port.o
 .data          0x0000000000800104        0x0 obj/Release/sms_parse.o
 .data          0x0000000000800104        0x0 obj/Release/softuart.o
 .data          0x0000000000800104        0x0 obj/Release/timer.o
 .data          0x0000000000800104        0x0 obj/Release/UART.o
 .data          0x0000000000800104        0x0 /home/prapor/AVR/avr-gcc-11.1.0-x64-linux/bin/../lib/gcc/avr/11.1.0/avr5/libgcc.a(_udivmodhi4.o)
 .data          0x0000000000800104        0x0 /home/prapor/AVR/avr-gcc-11.1.0-x64-linux/bin/../lib/gcc/avr/11.1.0/avr5/libgcc.a(_udivmodsi4.o)
 .data          0x0000000000800104        0x0 /home/prapor/AVR/avr-gcc-11.1.0-x64-linux/bin/../lib/gcc/avr/11.1.0/avr5/libgcc.a(_divmodsi4.o)
 .data          0x0000000000800104        0x0 /home/prapor/AVR/avr-gcc-11.1.0-x64-linux/bin/../lib/gcc/avr/11.1.0/avr5/libgcc.a(_negsi2.o)
 .data          0x0000000000800104        0x0 /home/prapor/AVR/avr-gcc-11.1.0-x64-linux/bin/../lib/gcc/avr/11.1.0/avr5/libgcc.a(_exit.o)
 .data          0x0000000000800104        0x0 /home/prapor/AVR/avr-gcc-11.1.0-x64-linux/bin/../lib/gcc/avr/11.1.0/avr5/libgcc.a(_copy_data.o)
 .data          0x0000000000800104        0x0 /home/prapor/AVR/avr-gcc-11.1.0-x64-linux/bin/../lib/gcc/avr/11.1.0/avr5/libgcc.a(_clear_bss.o)
 .data          0x0000000000800104        0x0 /home/prapor/AVR/avr-gcc-11.1.0-x64-linux/bin/../lib/gcc/avr/11.1.0/avr5/libgcc.a(_umulhisi3.o)
 .data          0x0000000000800104        0x6 /home/prapor/AVR/avr-gcc-11.1.0-x64-linux/bin/../lib/gcc/avr/11.1.0/../../../../avr/lib/avr5/libc.a(malloc.o)
                0x0000000000800104                __malloc_heap_end
                0x0000000000800106                __malloc_heap_start
                0x0000000000800108                __malloc_margin
 .data          0x000000000080010a        0x0 /home/prapor/AVR/avr-gcc-11.1.0-x64-linux/bin/../lib/gcc/avr/11.1.0/../../../../avr/lib/avr5/libc.a(strtoul.o)
 .data          0x000000000080010a        0x0 /home/prapor/AVR/avr-gcc-11.1.0-x64-linux/bin/../lib/gcc/avr/11.1.0/../../../../avr/lib/avr5/libc.a(atoi.o)
 .data          0x000000000080010a        0x0 /home/prapor/AVR/avr-gcc-11.1.0-x64-linux/bin/../lib/gcc/avr/11.1.0/../../../../avr/lib/avr5/libc.a(isspace.o)
 .data          0x000000000080010a        0x0 /home/prapor/AVR/avr-gcc-11.1.0-x64-linux/bin/../lib/gcc/avr/11.1.0/../../../../avr/lib/avr5/libc.a(memcmp_P.o)
 .data          0x000000000080010a        0x0 /home/prapor/AVR/avr-gcc-11.1.0-x64-linux/bin/../lib/gcc/avr/11.1.0/../../../../avr/lib/avr5/libc.a(strcat_P.o)
 .data          0x000000000080010a        0x0 /home/prapor/AVR/avr-gcc-11.1.0-x64-linux/bin/../lib/gcc/avr/11.1.0/../../../../avr/lib/avr5/libc.a(strstr_P.o)
 .data          0x000000000080010a        0x0 /home/prapor/AVR/avr-gcc-11.1.0-x64-linux/bin/../lib/gcc/avr/11.1.0/../../../../avr/lib/avr5/libc.a(strtok.o)
 .data          0x000000000080010a        0x0 /home/prapor/AVR/avr-gcc-11.1.0-x64-linux/bin/../lib/gcc/avr/11.1.0/../../../../avr/lib/avr5/libc.a(memcmp.o)
 .data          0x000000000080010a        0x0 /home/prapor/AVR/avr-gcc-11.1.0-x64-linux/bin/../lib/gcc/avr/11.1.0/../../../../avr/lib/avr5/libc.a(memmove.o)
 .data          0x000000000080010a        0x0 /home/prapor/AVR/avr-gcc-11.1.0-x64-linux/bin/../lib/gcc/avr/11.1.0/../../../../avr/lib/avr5/libc.a(memset.o)
 .data          0x000000000080010a        0x0 /home/prapor/AVR/avr-gcc-11.1.0-x64-linux/bin/../lib/gcc/avr/11.1.0/../../../../avr/lib/avr5/libc.a(strcat.o)
 .data          0x000000000080010a        0x0 /home/prapor/AVR/avr-gcc-11.1.0-x64-linux/bin/../lib/gcc/avr/11.1.0/../../../../avr/lib/avr5/libc.a(strchr.o)
 .data          0x000000000080010a        0x0 /home/prapor/AVR/avr-gcc-11.1.0-x64-linux/bin/../lib/gcc/avr/11.1.0/../../../../avr/lib/avr5/libc.a(strlwr.o)
 .data          0x000000000080010a        0x0 /home/prapor/AVR/avr-gcc-11.1.0-x64-linux/bin/../lib/gcc/avr/11.1.0/../../../../avr/lib/avr5/libc.a(strstr.o)
 .data          0x000000000080010a        0x0 /home/prapor/AVR/avr-gcc-11.1.0-x64-linux/bin/../lib/gcc/avr/11.1.0/../../../../avr/lib/avr5/libc.a(strtok_r.o)
 .data          0x000000000080010a        0x0 /home/prapor/AVR/avr-gcc-11.1.0-x64-linux/bin/../lib/gcc/avr/11.1.0/../../../../avr/lib/avr5/libc.a(itoa_ncheck.o)
 .data          0x000000000080010a        0x0 /home/prapor/AVR/avr-gcc-11.1.0-x64-linux/bin/../lib/gcc/avr/11.1.0/../../../../avr/lib/avr5/libc.a(mul10.o)
 .data          0x000000000080010a        0x0 /home/prapor/AVR/avr-gcc-11.1.0-x64-linux/bin/../lib/gcc/avr/11.1.0/../../../../avr/lib/avr5/libc.a(utoa_ncheck.o)
 .data          0x000000000080010a        0x0 /home/prapor/AVR/avr-gcc-11.1.0-x64-linux/bin/../lib/gcc/avr/11.1.0/../../../../avr/lib/avr5/libc.a(sprintf_p.o)
 .data          0x000000000080010a        0x0 /home/prapor/AVR/avr-gcc-11.1.0-x64-linux/bin/../lib/gcc/avr/11.1.0/../../../../avr/lib/avr5/libc.a(vfprintf_std.o)
 .data          0x000000000080010a        0x0 /home/prapor/AVR/avr-gcc-11.1.0-x64-linux/bin/../lib/gcc/avr/11.1.0/../../../../avr/lib/avr5/libc.a(errno.o)
 .data          0x000000000080010a        0x0 /home/prapor/AVR/avr-gcc-11.1.0-x64-linux/bin/../lib/gcc/avr/11.1.0/../../../../avr/lib/avr5/libc.a(cty_isfalse.o)
 .data          0x000000000080010a        0x0 /home/prapor/AVR/avr-gcc-11.1.0-x64-linux/bin/../lib/gcc/avr/11.1.0/../../../../avr/lib/avr5/libc.a(strnlen_P.o)
 .data          0x000000000080010a        0x0 /home/prapor/AVR/avr-gcc-11.1.0-x64-linux/bin/../lib/gcc/avr/11.1.0/../../../../avr/lib/avr5/libc.a(memcpy.o)
 .data          0x000000000080010a        0x0 /home/prapor/AVR/avr-gcc-11.1.0-x64-linux/bin/../lib/gcc/avr/11.1.0/../../../../avr/lib/avr5/libc.a(strnlen.o)
 .data          0x000000000080010a        0x0 /home/prapor/AVR/avr-gcc-11.1.0-x64-linux/bin/../lib/gcc/avr/11.1.0/../../../../avr/lib/avr5/libc.a(strrev.o)
 .data          0x000000000080010a        0x0 /home/prapor/AVR/avr-gcc-11.1.0-x64-linux/bin/../lib/gcc/avr/11.1.0/../../../../avr/lib/avr5/libc.a(fputc.o)
 .data          0x000000000080010a        0x0 /home/prapor/AVR/avr-gcc-11.1.0-x64-linux/bin/../lib/gcc/avr/11.1.0/../../../../avr/lib/avr5/libc.a(ultoa_invert.o)
 .data          0x000000000080010a        0x0 /home/prapor/AVR/avr-gcc-11.1.0-x64-linux/bin/../lib/gcc/avr/11.1.0/../../../../avr/lib/avr5/libatmega328p.a(eerd_block.o)
 .data          0x000000000080010a        0x0 /home/prapor/AVR/avr-gcc-11.1.0-x64-linux/bin/../lib/gcc/avr/11.1.0/../../../../avr/lib/avr5/libatmega328p.a(eeupd_block.o)
 .data          0x000000000080010a        0x0 /home/prapor/AVR/avr-gcc-11.1.0-x64-linux/bin/../lib/gcc/avr/11.1.0/../../../../avr/lib/avr5/libatmega328p.a(eeupd_byte.o)
 .data          0x000000000080010a        0x0 /home/prapor/AVR/avr-gcc-11.1.0-x64-linux/bin/../lib/gcc/avr/11.1.0/../../../../avr/lib/avr5/libatmega328p.a(eewr_block.o)
 .data          0x000000000080010a        0x0 /home/prapor/AVR/avr-gcc-11.1.0-x64-linux/bin/../lib/gcc/avr/11.1.0/../../../../avr/lib/avr5/libatmega328p.a(eewr_byte.o)
 .data          0x000000000080010a        0x0 /home/prapor/AVR/avr-gcc-11.1.0-x64-linux/bin/../lib/gcc/avr/11.1.0/avr5/libgcc.a(_mulsi3.o)
 .data          0x000000000080010a        0x0 /home/prapor/AVR/avr-gcc-11.1.0-x64-linux/bin/../lib/gcc/avr/11.1.0/avr5/libgcc.a(_muluhisi3.o)
 .data          0x000000000080010a        0x0 /home/prapor/AVR/avr-gcc-11.1.0-x64-linux/bin/../lib/gcc/avr/11.1.0/avr5/libgcc.a(_prologue.o)
 .data          0x000000000080010a        0x0 /home/prapor/AVR/avr-gcc-11.1.0-x64-linux/bin/../lib/gcc/avr/11.1.0/avr5/libgcc.a(_epilogue.o)
 *(.data*)
 *(.gnu.linkonce.d*)
 *(.rodata)
 .rodata        0x000000000080010a        0x8 obj/Release/GSM.o
 *(.rodata*)
 .rodata.str1.1
                0x0000000000800112       0x28 obj/Release/app.o
 .rodata.str1.1
                0x000000000080013a        0xe obj/Release/eeprom.o
 .rodata.str1.1
                0x0000000000800148       0x57 obj/Release/GSM.o
                                         0x5d (size before relaxing)
 .rodata.str1.1
                0x000000000080019f        0x6 obj/Release/main.o
 .rodata.str1.1
                0x000000000080019f        0x3 obj/Release/softuart.o
 *(.gnu.linkonce.r*)
                0x00000000008001a6                . = ALIGN (0x2)
                0x00000000008001a2                _edata = .
                0x00000000008001a2                PROVIDE (__data_end = .)

.bss            0x00000000008001a2      0x2b6
                0x00000000008001a2                PROVIDE (__bss_start = .)
 *(.bss)
 .bss           0x00000000008001a2        0x0 /home/prapor/AVR/avr-gcc-11.1.0-x64-linux/bin/../lib/gcc/avr/11.1.0/../../../../avr/lib/avr5/crtatmega328p.o
 .bss           0x00000000008001a2       0x1f obj/Release/app.o
 .bss           0x00000000008001c1       0x54 obj/Release/eeprom.o
                0x00000000008001c1                config
 .bss           0x0000000000800215      0x176 obj/Release/GSM.o
 .bss           0x000000000080038b        0x0 obj/Release/main.o
 .bss           0x000000000080038b        0x1 obj/Release/port.o
 .bss           0x000000000080038c        0x0 obj/Release/sms_parse.o
 .bss           0x000000000080038c       0x2e obj/Release/softuart.o
 .bss           0x00000000008003ba       0x14 obj/Release/timer.o
 .bss           0x00000000008003ce       0x82 obj/Release/UART.o
                0x00000000008003ce                tail
                0x00000000008003cf                head
 .bss           0x0000000000800450        0x0 /home/prapor/AVR/avr-gcc-11.1.0-x64-linux/bin/../lib/gcc/avr/11.1.0/avr5/libgcc.a(_udivmodhi4.o)
 .bss           0x0000000000800450        0x0 /home/prapor/AVR/avr-gcc-11.1.0-x64-linux/bin/../lib/gcc/avr/11.1.0/avr5/libgcc.a(_udivmodsi4.o)
 .bss           0x0000000000800450        0x0 /home/prapor/AVR/avr-gcc-11.1.0-x64-linux/bin/../lib/gcc/avr/11.1.0/avr5/libgcc.a(_divmodsi4.o)
 .bss           0x0000000000800450        0x0 /home/prapor/AVR/avr-gcc-11.1.0-x64-linux/bin/../lib/gcc/avr/11.1.0/avr5/libgcc.a(_negsi2.o)
 .bss           0x0000000000800450        0x0 /home/prapor/AVR/avr-gcc-11.1.0-x64-linux/bin/../lib/gcc/avr/11.1.0/avr5/libgcc.a(_exit.o)
 .bss           0x0000000000800450        0x0 /home/prapor/AVR/avr-gcc-11.1.0-x64-linux/bin/../lib/gcc/avr/11.1.0/avr5/libgcc.a(_copy_data.o)
 .bss           0x0000000000800450        0x0 /home/prapor/AVR/avr-gcc-11.1.0-x64-linux/bin/../lib/gcc/avr/11.1.0/avr5/libgcc.a(_clear_bss.o)
 .bss           0x0000000000800450        0x0 /home/prapor/AVR/avr-gcc-11.1.0-x64-linux/bin/../lib/gcc/avr/11.1.0/avr5/libgcc.a(_umulhisi3.o)
 .bss           0x0000000000800450        0x4 /home/prapor/AVR/avr-gcc-11.1.0-x64-linux/bin/../lib/gcc/avr/11.1.0/../../../../avr/lib/avr5/libc.a(malloc.o)
                0x0000000000800450                __flp
                0x0000000000800452                __brkval
 .bss           0x0000000000800454        0x0 /home/prapor/AVR/avr-gcc-11.1.0-x64-linux/bin/../lib/gcc/avr/11.1.0/../../../../avr/lib/avr5/libc.a(strtoul.o)
 .bss           0x0000000000800454        0x0 /home/prapor/AVR/avr-gcc-11.1.0-x64-linux/bin/../lib/gcc/avr/11.1.0/../../../../avr/lib/avr5/libc.a(atoi.o)
 .bss           0x0000000000800454        0x0 /home/prapor/AVR/avr-gcc-11.1.0-x64-linux/bin/../lib/gcc/avr/11.1.0/../../../../avr/lib/avr5/libc.a(isspace.o)
 .bss           0x0000000000800454        0x0 /home/prapor/AVR/avr-gcc-11.1.0-x64-linux/bin/../lib/gcc/avr/11.1.0/../../../../avr/lib/avr5/libc.a(memcmp_P.o)
 .bss           0x0000000000800454        0x0 /home/prapor/AVR/avr-gcc-11.1.0-x64-linux/bin/../lib/gcc/avr/11.1.0/../../../../avr/lib/avr5/libc.a(strcat_P.o)
 .bss           0x0000000000800454        0x0 /home/prapor/AVR/avr-gcc-11.1.0-x64-linux/bin/../lib/gcc/avr/11.1.0/../../../../avr/lib/avr5/libc.a(strstr_P.o)
 .bss           0x0000000000800454        0x2 /home/prapor/AVR/avr-gcc-11.1.0-x64-linux/bin/../lib/gcc/avr/11.1.0/../../../../avr/lib/avr5/libc.a(strtok.o)
 .bss           0x0000000000800456        0x0 /home/prapor/AVR/avr-gcc-11.1.0-x64-linux/bin/../lib/gcc/avr/11.1.0/../../../../avr/lib/avr5/libc.a(memcmp.o)
 .bss           0x0000000000800456        0x0 /home/prapor/AVR/avr-gcc-11.1.0-x64-linux/bin/../lib/gcc/avr/11.1.0/../../../../avr/lib/avr5/libc.a(memmove.o)
 .bss           0x0000000000800456        0x0 /home/prapor/AVR/avr-gcc-11.1.0-x64-linux/bin/../lib/gcc/avr/11.1.0/../../../../avr/lib/avr5/libc.a(memset.o)
 .bss           0x0000000000800456        0x0 /home/prapor/AVR/avr-gcc-11.1.0-x64-linux/bin/../lib/gcc/avr/11.1.0/../../../../avr/lib/avr5/libc.a(strcat.o)
 .bss           0x0000000000800456        0x0 /home/prapor/AVR/avr-gcc-11.1.0-x64-linux/bin/../lib/gcc/avr/11.1.0/../../../../avr/lib/avr5/libc.a(strchr.o)
 .bss           0x0000000000800456        0x0 /home/prapor/AVR/avr-gcc-11.1.0-x64-linux/bin/../lib/gcc/avr/11.1.0/../../../../avr/lib/avr5/libc.a(strlwr.o)
 .bss           0x0000000000800456        0x0 /home/prapor/AVR/avr-gcc-11.1.0-x64-linux/bin/../lib/gcc/avr/11.1.0/../../../../avr/lib/avr5/libc.a(strstr.o)
 .bss           0x0000000000800456        0x0 /home/prapor/AVR/avr-gcc-11.1.0-x64-linux/bin/../lib/gcc/avr/11.1.0/../../../../avr/lib/avr5/libc.a(strtok_r.o)
 .bss           0x0000000000800456        0x0 /home/prapor/AVR/avr-gcc-11.1.0-x64-linux/bin/../lib/gcc/avr/11.1.0/../../../../avr/lib/avr5/libc.a(itoa_ncheck.o)
 .bss           0x0000000000800456        0x0 /home/prapor/AVR/avr-gcc-11.1.0-x64-linux/bin/../lib/gcc/avr/11.1.0/../../../../avr/lib/avr5/libc.a(mul10.o)
 .bss           0x0000000000800456        0x0 /home/prapor/AVR/avr-gcc-11.1.0-x64-linux/bin/../lib/gcc/avr/11.1.0/../../../../avr/lib/avr5/libc.a(utoa_ncheck.o)
 .bss           0x0000000000800456        0x0 /home/prapor/AVR/avr-gcc-11.1.0-x64-linux/bin/../lib/gcc/avr/11.1.0/../../../../avr/lib/avr5/libc.a(sprintf_p.o)
 .bss           0x0000000000800456        0x0 /home/prapor/AVR/avr-gcc-11.1.0-x64-linux/bin/../lib/gcc/avr/11.1.0/../../../../avr/lib/avr5/libc.a(vfprintf_std.o)
 .bss           0x0000000000800456        0x2 /home/prapor/AVR/avr-gcc-11.1.0-x64-linux/bin/../lib/gcc/avr/11.1.0/../../../../avr/lib/avr5/libc.a(errno.o)
                0x0000000000800456                errno
 .bss           0x0000000000800458        0x0 /home/prapor/AVR/avr-gcc-11.1.0-x64-linux/bin/../lib/gcc/avr/11.1.0/../../../../avr/lib/avr5/libc.a(cty_isfalse.o)
 .bss           0x0000000000800458        0x0 /home/prapor/AVR/avr-gcc-11.1.0-x64-linux/bin/../lib/gcc/avr/11.1.0/../../../../avr/lib/avr5/libc.a(strnlen_P.o)
 .bss           0x0000000000800458        0x0 /home/prapor/AVR/avr-gcc-11.1.0-x64-linux/bin/../lib/gcc/avr/11.1.0/../../../../avr/lib/avr5/libc.a(memcpy.o)
 .bss           0x0000000000800458        0x0 /home/prapor/AVR/avr-gcc-11.1.0-x64-linux/bin/../lib/gcc/avr/11.1.0/../../../../avr/lib/avr5/libc.a(strnlen.o)
 .bss           0x0000000000800458        0x0 /home/prapor/AVR/avr-gcc-11.1.0-x64-linux/bin/../lib/gcc/avr/11.1.0/../../../../avr/lib/avr5/libc.a(strrev.o)
 .bss           0x0000000000800458        0x0 /home/prapor/AVR/avr-gcc-11.1.0-x64-linux/bin/../lib/gcc/avr/11.1.0/../../../../avr/lib/avr5/libc.a(fputc.o)
 .bss           0x0000000000800458        0x0 /home/prapor/AVR/avr-gcc-11.1.0-x64-linux/bin/../lib/gcc/avr/11.1.0/../../../../avr/lib/avr5/libc.a(ultoa_invert.o)
 .bss           0x0000000000800458        0x0 /home/prapor/AVR/avr-gcc-11.1.0-x64-linux/bin/../lib/gcc/avr/11.1.0/../../../../avr/lib/avr5/libatmega328p.a(eerd_block.o)
 .bss           0x0000000000800458        0x0 /home/prapor/AVR/avr-gcc-11.1.0-x64-linux/bin/../lib/gcc/avr/11.1.0/../../../../avr/lib/avr5/libatmega328p.a(eeupd_block.o)
 .bss           0x0000000000800458        0x0 /home/prapor/AVR/avr-gcc-11.1.0-x64-linux/bin/../lib/gcc/avr/11.1.0/../../../../avr/lib/avr5/libatmega328p.a(eeupd_byte.o)
 .bss           0x0000000000800458        0x0 /home/prapor/AVR/avr-gcc-11.1.0-x64-linux/bin/../lib/gcc/avr/11.1.0/../../../../avr/lib/avr5/libatmega328p.a(eewr_block.o)
 .bss           0x0000000000800458        0x0 /home/prapor/AVR/avr-gcc-11.1.0-x64-linux/bin/../lib/gcc/avr/11.1.0/../../../../avr/lib/avr5/libatmega328p.a(eewr_byte.o)
 .bss           0x0000000000800458        0x0 /home/prapor/AVR/avr-gcc-11.1.0-x64-linux/bin/../lib/gcc/avr/11.1.0/avr5/libgcc.a(_mulsi3.o)
 .bss           0x0000000000800458        0x0 /home/prapor/AVR/avr-gcc-11.1.0-x64-linux/bin/../lib/gcc/avr/11.1.0/avr5/libgcc.a(_muluhisi3.o)
 .bss           0x0000000000800458        0x0 /home/prapor/AVR/avr-gcc-11.1.0-x64-linux/bin/../lib/gcc/avr/11.1.0/avr5/libgcc.a(_prologue.o)
 .bss           0x0000000000800458        0x0 /home/prapor/AVR/avr-gcc-11.1.0-x64-linux/bin/../lib/gcc/avr/11.1.0/avr5/libgcc.a(_epilogue.o)
 *(.bss*)
 *(COMMON)
                0x0000000000800458                PROVIDE (__bss_end = .)
                0x0000000000004be8                __data_load_start = LOADADDR (.data)
                0x0000000000004c8a                __data_load_end = (__data_load_start + SIZEOF (.data))

.noinit         0x0000000000800458        0x0
                [!provide]                        PROVIDE (__noinit_start = .)
 *(.noinit .noinit.* .gnu.linkonce.n.*)
                [!provide]                        PROVIDE (__noinit_end = .)
                0x0000000000800458                _end = .
                0x0000000000800458                PROVIDE (__heap_start = .)

.eeprom         0x0000000000810000        0x0
 *(.eeprom*)
                0x0000000000810000                __eeprom_end = .

.fuse
 *(.fuse)
 *(.lfuse)
 *(.hfuse)
 *(.efuse)

.lock
 *(.lock*)

.signature
 *(.signature*)

.stab
 *(.stab)

.stabstr
 *(.stabstr)

.stab.excl
 *(.stab.excl)

.stab.exclstr
 *(.stab.exclstr)

.stab.index
 *(.stab.index)

.stab.indexstr
 *(.stab.indexstr)

.comment        0x0000000000000000       0x12
 *(.comment)
 .comment       0x0000000000000000       0x12 obj/Release/app.o
                                         0x13 (size before relaxing)
 .comment       0x0000000000000012       0x13 obj/Release/eeprom.o
 .comment       0x0000000000000012       0x13 obj/Release/GSM.o
 .comment       0x0000000000000012       0x13 obj/Release/main.o
 .comment       0x0000000000000012       0x13 obj/Release/port.o
 .comment       0x0000000000000012       0x13 obj/Release/sms_parse.o
 .comment       0x0000000000000012       0x13 obj/Release/softuart.o
 .comment       0x0000000000000012       0x13 obj/Release/timer.o
 .comment       0x0000000000000012       0x13 obj/Release/UART.o
 .comment       0x0000000000000012       0x13 /home/prapor/AVR/avr-gcc-11.1.0-x64-linux/bin/../lib/gcc/avr/11.1.0/../../../../avr/lib/avr5/libc.a(malloc.o)
 .comment       0x0000000000000012       0x13 /home/prapor/AVR/avr-gcc-11.1.0-x64-linux/bin/../lib/gcc/avr/11.1.0/../../../../avr/lib/avr5/libc.a(strtoul.o)
 .comment       0x0000000000000012       0x13 /home/prapor/AVR/avr-gcc-11.1.0-x64-linux/bin/../lib/gcc/avr/11.1.0/../../../../avr/lib/avr5/libc.a(strtok.o)
 .comment       0x0000000000000012       0x13 /home/prapor/AVR/avr-gcc-11.1.0-x64-linux/bin/../lib/gcc/avr/11.1.0/../../../../avr/lib/avr5/libc.a(sprintf_p.o)
 .comment       0x0000000000000012       0x13 /home/prapor/AVR/avr-gcc-11.1.0-x64-linux/bin/../lib/gcc/avr/11.1.0/../../../../avr/lib/avr5/libc.a(vfprintf_std.o)
 .comment       0x0000000000000012       0x13 /home/prapor/AVR/avr-gcc-11.1.0-x64-linux/bin/../lib/gcc/avr/11.1.0/../../../../avr/lib/avr5/libc.a(errno.o)
 .comment       0x0000000000000012       0x13 /home/prapor/AVR/avr-gcc-11.1.0-x64-linux/bin/../lib/gcc/avr/11.1.0/../../../../avr/lib/avr5/libc.a(fputc.o)

.note.gnu.avr.deviceinfo
                0x0000000000000000       0x40
 .note.gnu.avr.deviceinfo
                0x0000000000000000       0x40 /home/prapor/AVR/avr-gcc-11.1.0-x64-linux/bin/../lib/gcc/avr/11.1.0/../../../../avr/lib/avr5/crtatmega328p.o

.note.gnu.build-id
 *(.note.gnu.build-id)

.debug
 *(.debug)

.line
 *(.line)

.debug_srcinfo
 *(.debug_srcinfo)

.debug_sfnames
 *(.debug_sfnames)

.debug_aranges  0x0000000000000000      0x180
 *(.debug_aranges)
 .debug_aranges
                0x0000000000000000       0x20 /home/prapor/AVR/avr-gcc-11.1.0-x64-linux/bin/../lib/gcc/avr/11.1.0/avr5/libgcc.a(_udivmodhi4.o)
 .debug_aranges
                0x0000000000000020       0x20 /home/prapor/AVR/avr-gcc-11.1.0-x64-linux/bin/../lib/gcc/avr/11.1.0/avr5/libgcc.a(_udivmodsi4.o)
 .debug_aranges
                0x0000000000000040       0x20 /home/prapor/AVR/avr-gcc-11.1.0-x64-linux/bin/../lib/gcc/avr/11.1.0/avr5/libgcc.a(_divmodsi4.o)
 .debug_aranges
                0x0000000000000060       0x20 /home/prapor/AVR/avr-gcc-11.1.0-x64-linux/bin/../lib/gcc/avr/11.1.0/avr5/libgcc.a(_negsi2.o)
 .debug_aranges
                0x0000000000000080       0x20 /home/prapor/AVR/avr-gcc-11.1.0-x64-linux/bin/../lib/gcc/avr/11.1.0/avr5/libgcc.a(_exit.o)
 .debug_aranges
                0x00000000000000a0       0x20 /home/prapor/AVR/avr-gcc-11.1.0-x64-linux/bin/../lib/gcc/avr/11.1.0/avr5/libgcc.a(_copy_data.o)
 .debug_aranges
                0x00000000000000c0       0x20 /home/prapor/AVR/avr-gcc-11.1.0-x64-linux/bin/../lib/gcc/avr/11.1.0/avr5/libgcc.a(_clear_bss.o)
 .debug_aranges
                0x00000000000000e0       0x20 /home/prapor/AVR/avr-gcc-11.1.0-x64-linux/bin/../lib/gcc/avr/11.1.0/avr5/libgcc.a(_umulhisi3.o)
 .debug_aranges
                0x0000000000000100       0x20 /home/prapor/AVR/avr-gcc-11.1.0-x64-linux/bin/../lib/gcc/avr/11.1.0/avr5/libgcc.a(_mulsi3.o)
 .debug_aranges
                0x0000000000000120       0x20 /home/prapor/AVR/avr-gcc-11.1.0-x64-linux/bin/../lib/gcc/avr/11.1.0/avr5/libgcc.a(_muluhisi3.o)
 .debug_aranges
                0x0000000000000140       0x20 /home/prapor/AVR/avr-gcc-11.1.0-x64-linux/bin/../lib/gcc/avr/11.1.0/avr5/libgcc.a(_prologue.o)
 .debug_aranges
                0x0000000000000160       0x20 /home/prapor/AVR/avr-gcc-11.1.0-x64-linux/bin/../lib/gcc/avr/11.1.0/avr5/libgcc.a(_epilogue.o)

.debug_pubnames
 *(.debug_pubnames)

.debug_info     0x0000000000000000      0x7a4
 *(.debug_info .gnu.linkonce.wi.*)
 .debug_info    0x0000000000000000      0x5f4 /home/prapor/AVR/avr-gcc-11.1.0-x64-linux/bin/../lib/gcc/avr/11.1.0/../../../../avr/lib/avr5/crtatmega328p.o
 .debug_info    0x00000000000005f4       0x24 /home/prapor/AVR/avr-gcc-11.1.0-x64-linux/bin/../lib/gcc/avr/11.1.0/avr5/libgcc.a(_udivmodhi4.o)
 .debug_info    0x0000000000000618       0x24 /home/prapor/AVR/avr-gcc-11.1.0-x64-linux/bin/../lib/gcc/avr/11.1.0/avr5/libgcc.a(_udivmodsi4.o)
 .debug_info    0x000000000000063c       0x24 /home/prapor/AVR/avr-gcc-11.1.0-x64-linux/bin/../lib/gcc/avr/11.1.0/avr5/libgcc.a(_divmodsi4.o)
 .debug_info    0x0000000000000660       0x24 /home/prapor/AVR/avr-gcc-11.1.0-x64-linux/bin/../lib/gcc/avr/11.1.0/avr5/libgcc.a(_negsi2.o)
 .debug_info    0x0000000000000684       0x24 /home/prapor/AVR/avr-gcc-11.1.0-x64-linux/bin/../lib/gcc/avr/11.1.0/avr5/libgcc.a(_exit.o)
 .debug_info    0x00000000000006a8       0x24 /home/prapor/AVR/avr-gcc-11.1.0-x64-linux/bin/../lib/gcc/avr/11.1.0/avr5/libgcc.a(_copy_data.o)
 .debug_info    0x00000000000006cc       0x24 /home/prapor/AVR/avr-gcc-11.1.0-x64-linux/bin/../lib/gcc/avr/11.1.0/avr5/libgcc.a(_clear_bss.o)
 .debug_info    0x00000000000006f0       0x24 /home/prapor/AVR/avr-gcc-11.1.0-x64-linux/bin/../lib/gcc/avr/11.1.0/avr5/libgcc.a(_umulhisi3.o)
 .debug_info    0x0000000000000714       0x24 /home/prapor/AVR/avr-gcc-11.1.0-x64-linux/bin/../lib/gcc/avr/11.1.0/avr5/libgcc.a(_mulsi3.o)
 .debug_info    0x0000000000000738       0x24 /home/prapor/AVR/avr-gcc-11.1.0-x64-linux/bin/../lib/gcc/avr/11.1.0/avr5/libgcc.a(_muluhisi3.o)
 .debug_info    0x000000000000075c       0x24 /home/prapor/AVR/avr-gcc-11.1.0-x64-linux/bin/../lib/gcc/avr/11.1.0/avr5/libgcc.a(_prologue.o)
 .debug_info    0x0000000000000780       0x24 /home/prapor/AVR/avr-gcc-11.1.0-x64-linux/bin/../lib/gcc/avr/11.1.0/avr5/libgcc.a(_epilogue.o)

.debug_abbrev   0x0000000000000000      0x692
 *(.debug_abbrev)
 .debug_abbrev  0x0000000000000000      0x5a2 /home/prapor/AVR/avr-gcc-11.1.0-x64-linux/bin/../lib/gcc/avr/11.1.0/../../../../avr/lib/avr5/crtatmega328p.o
 .debug_abbrev  0x00000000000005a2       0x14 /home/prapor/AVR/avr-gcc-11.1.0-x64-linux/bin/../lib/gcc/avr/11.1.0/avr5/libgcc.a(_udivmodhi4.o)
 .debug_abbrev  0x00000000000005b6       0x14 /home/prapor/AVR/avr-gcc-11.1.0-x64-linux/bin/../lib/gcc/avr/11.1.0/avr5/libgcc.a(_udivmodsi4.o)
 .debug_abbrev  0x00000000000005ca       0x14 /home/prapor/AVR/avr-gcc-11.1.0-x64-linux/bin/../lib/gcc/avr/11.1.0/avr5/libgcc.a(_divmodsi4.o)
 .debug_abbrev  0x00000000000005de       0x14 /home/prapor/AVR/avr-gcc-11.1.0-x64-linux/bin/../lib/gcc/avr/11.1.0/avr5/libgcc.a(_negsi2.o)
 .debug_abbrev  0x00000000000005f2       0x14 /home/prapor/AVR/avr-gcc-11.1.0-x64-linux/bin/../lib/gcc/avr/11.1.0/avr5/libgcc.a(_exit.o)
 .debug_abbrev  0x0000000000000606       0x14 /home/prapor/AVR/avr-gcc-11.1.0-x64-linux/bin/../lib/gcc/avr/11.1.0/avr5/libgcc.a(_copy_data.o)
 .debug_abbrev  0x000000000000061a       0x14 /home/prapor/AVR/avr-gcc-11.1.0-x64-linux/bin/../lib/gcc/avr/11.1.0/avr5/libgcc.a(_clear_bss.o)
 .debug_abbrev  0x000000000000062e       0x14 /home/prapor/AVR/avr-gcc-11.1.0-x64-linux/bin/../lib/gcc/avr/11.1.0/avr5/libgcc.a(_umulhisi3.o)
 .debug_abbrev  0x0000000000000642       0x14 /home/prapor/AVR/avr-gcc-11.1.0-x64-linux/bin/../lib/gcc/avr/11.1.0/avr5/libgcc.a(_mulsi3.o)
 .debug_abbrev  0x0000000000000656       0x14 /home/prapor/AVR/avr-gcc-11.1.0-x64-linux/bin/../lib/gcc/avr/11.1.0/avr5/libgcc.a(_muluhisi3.o)
 .debug_abbrev  0x000000000000066a       0x14 /home/prapor/AVR/avr-gcc-11.1.0-x64-linux/bin/../lib/gcc/avr/11.1.0/avr5/libgcc.a(_prologue.o)
 .debug_abbrev  0x000000000000067e       0x14 /home/prapor/AVR/avr-gcc-11.1.0-x64-linux/bin/../lib/gcc/avr/11.1.0/avr5/libgcc.a(_epilogue.o)

.debug_line     0x0000000000000000      0x7d9
 *(.debug_line .debug_line.* .debug_line_end)
 .debug_line    0x0000000000000000       0x1d /home/prapor/AVR/avr-gcc-11.1.0-x64-linux/bin/../lib/gcc/avr/11.1.0/../../../../avr/lib/avr5/crtatmega328p.o
 .debug_line    0x000000000000001d       0xbd /home/prapor/AVR/avr-gcc-11.1.0-x64-linux/bin/../lib/gcc/avr/11.1.0/avr5/libgcc.a(_udivmodhi4.o)
 .debug_line    0x00000000000000da      0x111 /home/prapor/AVR/avr-gcc-11.1.0-x64-linux/bin/../lib/gcc/avr/11.1.0/avr5/libgcc.a(_udivmodsi4.o)
 .debug_line    0x00000000000001eb       0xbd /home/prapor/AVR/avr-gcc-11.1.0-x64-linux/bin/../lib/gcc/avr/11.1.0/avr5/libgcc.a(_divmodsi4.o)
 .debug_line    0x00000000000002a8       0x51 /home/prapor/AVR/avr-gcc-11.1.0-x64-linux/bin/../lib/gcc/avr/11.1.0/avr5/libgcc.a(_negsi2.o)
 .debug_line    0x00000000000002f9       0x51 /home/prapor/AVR/avr-gcc-11.1.0-x64-linux/bin/../lib/gcc/avr/11.1.0/avr5/libgcc.a(_exit.o)
 .debug_line    0x000000000000034a       0x87 /home/prapor/AVR/avr-gcc-11.1.0-x64-linux/bin/../lib/gcc/avr/11.1.0/avr5/libgcc.a(_copy_data.o)
 .debug_line    0x00000000000003d1       0x75 /home/prapor/AVR/avr-gcc-11.1.0-x64-linux/bin/../lib/gcc/avr/11.1.0/avr5/libgcc.a(_clear_bss.o)
 .debug_line    0x0000000000000446       0x9f /home/prapor/AVR/avr-gcc-11.1.0-x64-linux/bin/../lib/gcc/avr/11.1.0/avr5/libgcc.a(_umulhisi3.o)
 .debug_line    0x00000000000004e5       0x9f /home/prapor/AVR/avr-gcc-11.1.0-x64-linux/bin/../lib/gcc/avr/11.1.0/avr5/libgcc.a(_mulsi3.o)
 .debug_line    0x0000000000000584       0x81 /home/prapor/AVR/avr-gcc-11.1.0-x64-linux/bin/../lib/gcc/avr/11.1.0/avr5/libgcc.a(_muluhisi3.o)
 .debug_line    0x0000000000000605       0xed /home/prapor/AVR/avr-gcc-11.1.0-x64-linux/bin/../lib/gcc/avr/11.1.0/avr5/libgcc.a(_prologue.o)
 .debug_line    0x00000000000006f2       0xe7 /home/prapor/AVR/avr-gcc-11.1.0-x64-linux/bin/../lib/gcc/avr/11.1.0/avr5/libgcc.a(_epilogue.o)

.debug_frame
 *(.debug_frame)

.debug_str      0x0000000000000000      0x24e
 *(.debug_str)
 .debug_str     0x0000000000000000      0x20b /home/prapor/AVR/avr-gcc-11.1.0-x64-linux/bin/../lib/gcc/avr/11.1.0/../../../../avr/lib/avr5/crtatmega328p.o
 .debug_str     0x000000000000020b       0x43 /home/prapor/AVR/avr-gcc-11.1.0-x64-linux/bin/../lib/gcc/avr/11.1.0/avr5/libgcc.a(_udivmodhi4.o)
 .debug_str     0x000000000000024e       0x43 /home/prapor/AVR/avr-gcc-11.1.0-x64-linux/bin/../lib/gcc/avr/11.1.0/avr5/libgcc.a(_udivmodsi4.o)
 .debug_str     0x000000000000024e       0x43 /home/prapor/AVR/avr-gcc-11.1.0-x64-linux/bin/../lib/gcc/avr/11.1.0/avr5/libgcc.a(_divmodsi4.o)
 .debug_str     0x000000000000024e       0x43 /home/prapor/AVR/avr-gcc-11.1.0-x64-linux/bin/../lib/gcc/avr/11.1.0/avr5/libgcc.a(_negsi2.o)
 .debug_str     0x000000000000024e       0x43 /home/prapor/AVR/avr-gcc-11.1.0-x64-linux/bin/../lib/gcc/avr/11.1.0/avr5/libgcc.a(_exit.o)
 .debug_str     0x000000000000024e       0x43 /home/prapor/AVR/avr-gcc-11.1.0-x64-linux/bin/../lib/gcc/avr/11.1.0/avr5/libgcc.a(_copy_data.o)
 .debug_str     0x000000000000024e       0x43 /home/prapor/AVR/avr-gcc-11.1.0-x64-linux/bin/../lib/gcc/avr/11.1.0/avr5/libgcc.a(_clear_bss.o)
 .debug_str     0x000000000000024e       0x43 /home/prapor/AVR/avr-gcc-11.1.0-x64-linux/bin/../lib/gcc/avr/11.1.0/avr5/libgcc.a(_umulhisi3.o)
 .debug_str     0x000000000000024e       0x43 /home/prapor/AVR/avr-gcc-11.1.0-x64-linux/bin/../lib/gcc/avr/11.1.0/avr5/libgcc.a(_mulsi3.o)
 .debug_str     0x000000000000024e       0x43 /home/prapor/AVR/avr-gcc-11.1.0-x64-linux/bin/../lib/gcc/avr/11.1.0/avr5/libgcc.a(_muluhisi3.o)
 .debug_str     0x000000000000024e       0x43 /home/prapor/AVR/avr-gcc-11.1.0-x64-linux/bin/../lib/gcc/avr/11.1.0/avr5/libgcc.a(_prologue.o)
 .debug_str     0x000000000000024e       0x43 /home/prapor/AVR/avr-gcc-11.1.0-x64-linux/bin/../lib/gcc/avr/11.1.0/avr5/libgcc.a(_epilogue.o)

.debug_loc
 *(.debug_loc)

.debug_macinfo
 *(.debug_macinfo)

.debug_weaknames
 *(.debug_weaknames)

.debug_funcnames
 *(.debug_funcnames)

.debug_typenames
 *(.debug_typenames)

.debug_varnames
 *(.debug_varnames)

.debug_pubtypes
 *(.debug_pubtypes)

.debug_ranges
 *(.debug_ranges)

.debug_addr
 *(.debug_addr)

.debug_line_str
                0x0000000000000000       0x2a
 *(.debug_line_str)
 .debug_line_str
                0x0000000000000000       0x2a /home/prapor/AVR/avr-gcc-11.1.0-x64-linux/bin/../lib/gcc/avr/11.1.0/avr5/libgcc.a(_udivmodhi4.o)
                                         0x54 (size before relaxing)
 .debug_line_str
                0x000000000000002a       0x54 /home/prapor/AVR/avr-gcc-11.1.0-x64-linux/bin/../lib/gcc/avr/11.1.0/avr5/libgcc.a(_udivmodsi4.o)
 .debug_line_str
                0x000000000000002a       0x54 /home/prapor/AVR/avr-gcc-11.1.0-x64-linux/bin/../lib/gcc/avr/11.1.0/avr5/libgcc.a(_divmodsi4.o)
 .debug_line_str
                0x000000000000002a       0x54 /home/prapor/AVR/avr-gcc-11.1.0-x64-linux/bin/../lib/gcc/avr/11.1.0/avr5/libgcc.a(_negsi2.o)
 .debug_line_str
                0x000000000000002a       0x54 /home/prapor/AVR/avr-gcc-11.1.0-x64-linux/bin/../lib/gcc/avr/11.1.0/avr5/libgcc.a(_exit.o)
 .debug_line_str
                0x000000000000002a       0x54 /home/prapor/AVR/avr-gcc-11.1.0-x64-linux/bin/../lib/gcc/avr/11.1.0/avr5/libgcc.a(_copy_data.o)
 .debug_line_str
                0x000000000000002a       0x54 /home/prapor/AVR/avr-gcc-11.1.0-x64-linux/bin/../lib/gcc/avr/11.1.0/avr5/libgcc.a(_clear_bss.o)
 .debug_line_str
                0x000000000000002a       0x54 /home/prapor/AVR/avr-gcc-11.1.0-x64-linux/bin/../lib/gcc/avr/11.1.0/avr5/libgcc.a(_umulhisi3.o)
 .debug_line_str
                0x000000000000002a       0x54 /home/prapor/AVR/avr-gcc-11.1.0-x64-linux/bin/../lib/gcc/avr/11.1.0/avr5/libgcc.a(_mulsi3.o)
 .debug_line_str
                0x000000000000002a       0x54 /home/prapor/AVR/avr-gcc-11.1.0-x64-linux/bin/../lib/gcc/avr/11.1.0/avr5/libgcc.a(_muluhisi3.o)
 .debug_line_str
                0x000000000000002a       0x54 /home/prapor/AVR/avr-gcc-11.1.0-x64-linux/bin/../lib/gcc/avr/11.1.0/avr5/libgcc.a(_prologue.o)
 .debug_line_str
                0x000000000000002a       0x54 /home/prapor/AVR/avr-gcc-11.1.0-x64-linux/bin/../lib/gcc/avr/11.1.0/avr5/libgcc.a(_epilogue.o)

.debug_loclists
 *(.debug_loclists)

.debug_macro
 *(.debug_macro)

.debug_names
 *(.debug_names)

.debug_rnglists
 *(.debug_rnglists)

.debug_str_offsets
 *(.debug_str_offsets)

.debug_sup
 *(.debug_sup)
OUTPUT(bin/Release/chapeka.elf elf32-avr)
LOAD linker stubs

Cross Reference Table

Symbol                                            File
EEPROM_read                                       obj/Release/eeprom.o
EEPROM_read_buf                                   obj/Release/eeprom.o
EEPROM_update                                     obj/Release/eeprom.o
                                                  obj/Release/sms_parse.o
                                                  obj/Release/GSM.o
                                                  obj/Release/app.o
EEPROM_write                                      obj/Release/eeprom.o
EEPROM_write_buf                                  obj/Release/eeprom.o
__FUSE_REGION_LENGTH__                            /home/prapor/AVR/avr-gcc-11.1.0-x64-linux/bin/../lib/gcc/avr/11.1.0/../../../../avr/lib/avr5/crtatmega328p.o
__bad_interrupt                                   /home/prapor/AVR/avr-gcc-11.1.0-x64-linux/bin/../lib/gcc/avr/11.1.0/../../../../avr/lib/avr5/crtatmega328p.o
__brkval                                          /home/prapor/AVR/avr-gcc-11.1.0-x64-linux/bin/../lib/gcc/avr/11.1.0/../../../../avr/lib/avr5/libc.a(malloc.o)
                                                  obj/Release/app.o
__bss_end                                         /home/prapor/AVR/avr-gcc-11.1.0-x64-linux/bin/../lib/gcc/avr/11.1.0/avr5/libgcc.a(_clear_bss.o)
__bss_start                                       /home/prapor/AVR/avr-gcc-11.1.0-x64-linux/bin/../lib/gcc/avr/11.1.0/avr5/libgcc.a(_clear_bss.o)
__ctype_isfalse                                   /home/prapor/AVR/avr-gcc-11.1.0-x64-linux/bin/../lib/gcc/avr/11.1.0/../../../../avr/lib/avr5/libc.a(cty_isfalse.o)
                                                  /home/prapor/AVR/avr-gcc-11.1.0-x64-linux/bin/../lib/gcc/avr/11.1.0/../../../../avr/lib/avr5/libc.a(isspace.o)
__ctype_istrue                                    /home/prapor/AVR/avr-gcc-11.1.0-x64-linux/bin/../lib/gcc/avr/11.1.0/../../../../avr/lib/avr5/libc.a(cty_isfalse.o)
__data_end                                        /home/prapor/AVR/avr-gcc-11.1.0-x64-linux/bin/../lib/gcc/avr/11.1.0/avr5/libgcc.a(_copy_data.o)
__data_load_start                                 /home/prapor/AVR/avr-gcc-11.1.0-x64-linux/bin/../lib/gcc/avr/11.1.0/avr5/libgcc.a(_copy_data.o)
__data_start                                      /home/prapor/AVR/avr-gcc-11.1.0-x64-linux/bin/../lib/gcc/avr/11.1.0/avr5/libgcc.a(_copy_data.o)
__divmodsi4                                       /home/prapor/AVR/avr-gcc-11.1.0-x64-linux/bin/../lib/gcc/avr/11.1.0/avr5/libgcc.a(_divmodsi4.o)
                                                  obj/Release/app.o
__do_clear_bss                                    /home/prapor/AVR/avr-gcc-11.1.0-x64-linux/bin/../lib/gcc/avr/11.1.0/avr5/libgcc.a(_clear_bss.o)
                                                  /home/prapor/AVR/avr-gcc-11.1.0-x64-linux/bin/../lib/gcc/avr/11.1.0/../../../../avr/lib/avr5/libc.a(errno.o)
                                                  /home/prapor/AVR/avr-gcc-11.1.0-x64-linux/bin/../lib/gcc/avr/11.1.0/../../../../avr/lib/avr5/libc.a(strtok.o)
                                                  /home/prapor/AVR/avr-gcc-11.1.0-x64-linux/bin/../lib/gcc/avr/11.1.0/../../../../avr/lib/avr5/libc.a(malloc.o)
                                                  obj/Release/UART.o
                                                  obj/Release/timer.o
                                                  obj/Release/softuart.o
                                                  obj/Release/port.o
                                                  obj/Release/GSM.o
                                                  obj/Release/eeprom.o
                                                  obj/Release/app.o
__do_copy_data                                    /home/prapor/AVR/avr-gcc-11.1.0-x64-linux/bin/../lib/gcc/avr/11.1.0/avr5/libgcc.a(_copy_data.o)
                                                  /home/prapor/AVR/avr-gcc-11.1.0-x64-linux/bin/../lib/gcc/avr/11.1.0/../../../../avr/lib/avr5/libc.a(malloc.o)
                                                  obj/Release/softuart.o
                                                  obj/Release/main.o
                                                  obj/Release/GSM.o
                                                  obj/Release/eeprom.o
                                                  obj/Release/app.o
__epilogue_restores__                             /home/prapor/AVR/avr-gcc-11.1.0-x64-linux/bin/../lib/gcc/avr/11.1.0/avr5/libgcc.a(_epilogue.o)
                                                  /home/prapor/AVR/avr-gcc-11.1.0-x64-linux/bin/../lib/gcc/avr/11.1.0/../../../../avr/lib/avr5/libc.a(vfprintf_std.o)
                                                  /home/prapor/AVR/avr-gcc-11.1.0-x64-linux/bin/../lib/gcc/avr/11.1.0/../../../../avr/lib/avr5/libc.a(sprintf_p.o)
                                                  /home/prapor/AVR/avr-gcc-11.1.0-x64-linux/bin/../lib/gcc/avr/11.1.0/../../../../avr/lib/avr5/libc.a(strtoul.o)
__flp                                             /home/prapor/AVR/avr-gcc-11.1.0-x64-linux/bin/../lib/gcc/avr/11.1.0/../../../../avr/lib/avr5/libc.a(malloc.o)
__heap_end                                        /home/prapor/AVR/avr-gcc-11.1.0-x64-linux/bin/../lib/gcc/avr/11.1.0/../../../../avr/lib/avr5/crtatmega328p.o
                                                  /home/prapor/AVR/avr-gcc-11.1.0-x64-linux/bin/../lib/gcc/avr/11.1.0/../../../../avr/lib/avr5/libc.a(malloc.o)
__heap_start                                      /home/prapor/AVR/avr-gcc-11.1.0-x64-linux/bin/../lib/gcc/avr/11.1.0/../../../../avr/lib/avr5/libc.a(malloc.o)
                                                  obj/Release/app.o
__init                                            /home/prapor/AVR/avr-gcc-11.1.0-x64-linux/bin/../lib/gcc/avr/11.1.0/../../../../avr/lib/avr5/crtatmega328p.o
__itoa_ncheck                                     /home/prapor/AVR/avr-gcc-11.1.0-x64-linux/bin/../lib/gcc/avr/11.1.0/../../../../avr/lib/avr5/libc.a(itoa_ncheck.o)
                                                  obj/Release/app.o
__malloc_heap_end                                 /home/prapor/AVR/avr-gcc-11.1.0-x64-linux/bin/../lib/gcc/avr/11.1.0/../../../../avr/lib/avr5/libc.a(malloc.o)
__malloc_heap_start                               /home/prapor/AVR/avr-gcc-11.1.0-x64-linux/bin/../lib/gcc/avr/11.1.0/../../../../avr/lib/avr5/libc.a(malloc.o)
__malloc_margin                                   /home/prapor/AVR/avr-gcc-11.1.0-x64-linux/bin/../lib/gcc/avr/11.1.0/../../../../avr/lib/avr5/libc.a(malloc.o)
__mulhi_const_10                                  /home/prapor/AVR/avr-gcc-11.1.0-x64-linux/bin/../lib/gcc/avr/11.1.0/../../../../avr/lib/avr5/libc.a(mul10.o)
                                                  /home/prapor/AVR/avr-gcc-11.1.0-x64-linux/bin/../lib/gcc/avr/11.1.0/../../../../avr/lib/avr5/libc.a(atoi.o)
__mulsi3                                          /home/prapor/AVR/avr-gcc-11.1.0-x64-linux/bin/../lib/gcc/avr/11.1.0/avr5/libgcc.a(_mulsi3.o)
                                                  /home/prapor/AVR/avr-gcc-11.1.0-x64-linux/bin/../lib/gcc/avr/11.1.0/../../../../avr/lib/avr5/libc.a(strtoul.o)
__muluhisi3                                       /home/prapor/AVR/avr-gcc-11.1.0-x64-linux/bin/../lib/gcc/avr/11.1.0/avr5/libgcc.a(_muluhisi3.o)
                                                  /home/prapor/AVR/avr-gcc-11.1.0-x64-linux/bin/../lib/gcc/avr/11.1.0/avr5/libgcc.a(_mulsi3.o)
__negsi2                                          /home/prapor/AVR/avr-gcc-11.1.0-x64-linux/bin/../lib/gcc/avr/11.1.0/avr5/libgcc.a(_negsi2.o)
                                                  /home/prapor/AVR/avr-gcc-11.1.0-x64-linux/bin/../lib/gcc/avr/11.1.0/avr5/libgcc.a(_divmodsi4.o)
__prologue_saves__                                /home/prapor/AVR/avr-gcc-11.1.0-x64-linux/bin/../lib/gcc/avr/11.1.0/avr5/libgcc.a(_prologue.o)
                                                  /home/prapor/AVR/avr-gcc-11.1.0-x64-linux/bin/../lib/gcc/avr/11.1.0/../../../../avr/lib/avr5/libc.a(vfprintf_std.o)
                                                  /home/prapor/AVR/avr-gcc-11.1.0-x64-linux/bin/../lib/gcc/avr/11.1.0/../../../../avr/lib/avr5/libc.a(sprintf_p.o)
                                                  /home/prapor/AVR/avr-gcc-11.1.0-x64-linux/bin/../lib/gcc/avr/11.1.0/../../../../avr/lib/avr5/libc.a(strtoul.o)
__stack                                           /home/prapor/AVR/avr-gcc-11.1.0-x64-linux/bin/../lib/gcc/avr/11.1.0/../../../../avr/lib/avr5/crtatmega328p.o
__udivmodhi4                                      /home/prapor/AVR/avr-gcc-11.1.0-x64-linux/bin/../lib/gcc/avr/11.1.0/avr5/libgcc.a(_udivmodhi4.o)
                                                  obj/Release/GSM.o
__udivmodsi4                                      /home/prapor/AVR/avr-gcc-11.1.0-x64-linux/bin/../lib/gcc/avr/11.1.0/avr5/libgcc.a(_udivmodsi4.o)
                                                  /home/prapor/AVR/avr-gcc-11.1.0-x64-linux/bin/../lib/gcc/avr/11.1.0/../../../../avr/lib/avr5/libc.a(strtoul.o)
                                                  /home/prapor/AVR/avr-gcc-11.1.0-x64-linux/bin/../lib/gcc/avr/11.1.0/avr5/libgcc.a(_divmodsi4.o)
                                                  obj/Release/app.o
__ultoa_invert                                    /home/prapor/AVR/avr-gcc-11.1.0-x64-linux/bin/../lib/gcc/avr/11.1.0/../../../../avr/lib/avr5/libc.a(ultoa_invert.o)
                                                  /home/prapor/AVR/avr-gcc-11.1.0-x64-linux/bin/../lib/gcc/avr/11.1.0/../../../../avr/lib/avr5/libc.a(vfprintf_std.o)
__umulhisi3                                       /home/prapor/AVR/avr-gcc-11.1.0-x64-linux/bin/../lib/gcc/avr/11.1.0/avr5/libgcc.a(_umulhisi3.o)
                                                  /home/prapor/AVR/avr-gcc-11.1.0-x64-linux/bin/../lib/gcc/avr/11.1.0/avr5/libgcc.a(_muluhisi3.o)
                                                  obj/Release/app.o
__utoa_common                                     /home/prapor/AVR/avr-gcc-11.1.0-x64-linux/bin/../lib/gcc/avr/11.1.0/../../../../avr/lib/avr5/libc.a(utoa_ncheck.o)
                                                  /home/prapor/AVR/avr-gcc-11.1.0-x64-linux/bin/../lib/gcc/avr/11.1.0/../../../../avr/lib/avr5/libc.a(itoa_ncheck.o)
__utoa_ncheck                                     /home/prapor/AVR/avr-gcc-11.1.0-x64-linux/bin/../lib/gcc/avr/11.1.0/../../../../avr/lib/avr5/libc.a(utoa_ncheck.o)
__vector_1                                        /home/prapor/AVR/avr-gcc-11.1.0-x64-linux/bin/../lib/gcc/avr/11.1.0/../../../../avr/lib/avr5/crtatmega328p.o
__vector_10                                       /home/prapor/AVR/avr-gcc-11.1.0-x64-linux/bin/../lib/gcc/avr/11.1.0/../../../../avr/lib/avr5/crtatmega328p.o
__vector_11                                       obj/Release/timer.o
                                                  /home/prapor/AVR/avr-gcc-11.1.0-x64-linux/bin/../lib/gcc/avr/11.1.0/../../../../avr/lib/avr5/crtatmega328p.o
__vector_12                                       /home/prapor/AVR/avr-gcc-11.1.0-x64-linux/bin/../lib/gcc/avr/11.1.0/../../../../avr/lib/avr5/crtatmega328p.o
__vector_13                                       /home/prapor/AVR/avr-gcc-11.1.0-x64-linux/bin/../lib/gcc/avr/11.1.0/../../../../avr/lib/avr5/crtatmega328p.o
__vector_14                                       /home/prapor/AVR/avr-gcc-11.1.0-x64-linux/bin/../lib/gcc/avr/11.1.0/../../../../avr/lib/avr5/crtatmega328p.o
__vector_15                                       /home/prapor/AVR/avr-gcc-11.1.0-x64-linux/bin/../lib/gcc/avr/11.1.0/../../../../avr/lib/avr5/crtatmega328p.o
__vector_16                                       /home/prapor/AVR/avr-gcc-11.1.0-x64-linux/bin/../lib/gcc/avr/11.1.0/../../../../avr/lib/avr5/crtatmega328p.o
__vector_17                                       /home/prapor/AVR/avr-gcc-11.1.0-x64-linux/bin/../lib/gcc/avr/11.1.0/../../../../avr/lib/avr5/crtatmega328p.o
__vector_18                                       obj/Release/UART.o
                                                  /home/prapor/AVR/avr-gcc-11.1.0-x64-linux/bin/../lib/gcc/avr/11.1.0/../../../../avr/lib/avr5/crtatmega328p.o
__vector_19                                       /home/prapor/AVR/avr-gcc-11.1.0-x64-linux/bin/../lib/gcc/avr/11.1.0/../../../../avr/lib/avr5/crtatmega328p.o
__vector_2                                        /home/prapor/AVR/avr-gcc-11.1.0-x64-linux/bin/../lib/gcc/avr/11.1.0/../../../../avr/lib/avr5/crtatmega328p.o
__vector_20                                       /home/prapor/AVR/avr-gcc-11.1.0-x64-linux/bin/../lib/gcc/avr/11.1.0/../../../../avr/lib/avr5/crtatmega328p.o
__vector_21                                       obj/Release/app.o
                                                  /home/prapor/AVR/avr-gcc-11.1.0-x64-linux/bin/../lib/gcc/avr/11.1.0/../../../../avr/lib/avr5/crtatmega328p.o
__vector_22                                       /home/prapor/AVR/avr-gcc-11.1.0-x64-linux/bin/../lib/gcc/avr/11.1.0/../../../../avr/lib/avr5/crtatmega328p.o
__vector_23                                       /home/prapor/AVR/avr-gcc-11.1.0-x64-linux/bin/../lib/gcc/avr/11.1.0/../../../../avr/lib/avr5/crtatmega328p.o
__vector_24                                       /home/prapor/AVR/avr-gcc-11.1.0-x64-linux/bin/../lib/gcc/avr/11.1.0/../../../../avr/lib/avr5/crtatmega328p.o
__vector_25                                       /home/prapor/AVR/avr-gcc-11.1.0-x64-linux/bin/../lib/gcc/avr/11.1.0/../../../../avr/lib/avr5/crtatmega328p.o
__vector_3                                        /home/prapor/AVR/avr-gcc-11.1.0-x64-linux/bin/../lib/gcc/avr/11.1.0/../../../../avr/lib/avr5/crtatmega328p.o
__vector_4                                        /home/prapor/AVR/avr-gcc-11.1.0-x64-linux/bin/../lib/gcc/avr/11.1.0/../../../../avr/lib/avr5/crtatmega328p.o
__vector_5                                        /home/prapor/AVR/avr-gcc-11.1.0-x64-linux/bin/../lib/gcc/avr/11.1.0/../../../../avr/lib/avr5/crtatmega328p.o
__vector_6                                        /home/prapor/AVR/avr-gcc-11.1.0-x64-linux/bin/../lib/gcc/avr/11.1.0/../../../../avr/lib/avr5/crtatmega328p.o
__vector_7                                        obj/Release/softuart.o
                                                  /home/prapor/AVR/avr-gcc-11.1.0-x64-linux/bin/../lib/gcc/avr/11.1.0/../../../../avr/lib/avr5/crtatmega328p.o
__vector_8                                        /home/prapor/AVR/avr-gcc-11.1.0-x64-linux/bin/../lib/gcc/avr/11.1.0/../../../../avr/lib/avr5/crtatmega328p.o
__vector_9                                        /home/prapor/AVR/avr-gcc-11.1.0-x64-linux/bin/../lib/gcc/avr/11.1.0/../../../../avr/lib/avr5/crtatmega328p.o
__vector_default                                  /home/prapor/AVR/avr-gcc-11.1.0-x64-linux/bin/../lib/gcc/avr/11.1.0/../../../../avr/lib/avr5/crtatmega328p.o
__vectors                                         /home/prapor/AVR/avr-gcc-11.1.0-x64-linux/bin/../lib/gcc/avr/11.1.0/../../../../avr/lib/avr5/crtatmega328p.o
_exit                                             /home/prapor/AVR/avr-gcc-11.1.0-x64-linux/bin/../lib/gcc/avr/11.1.0/avr5/libgcc.a(_exit.o)
alarm_play_file                                   obj/Release/GSM.o
                                                  obj/Release/app.o
analog_read                                       obj/Release/app.o
atoi                                              /home/prapor/AVR/avr-gcc-11.1.0-x64-linux/bin/../lib/gcc/avr/11.1.0/../../../../avr/lib/avr5/libc.a(atoi.o)
                                                  obj/Release/GSM.o
call_to                                           obj/Release/GSM.o
charge_bat                                        obj/Release/app.o
                                                  obj/Release/main.o
check_deposit                                     obj/Release/GSM.o
                                                  obj/Release/main.o
check_phone_string                                obj/Release/GSM.o
                                                  obj/Release/sms_parse.o
check_power                                       obj/Release/app.o
                                                  obj/Release/timer.o
check_registration                                obj/Release/GSM.o
                                                  obj/Release/main.o
check_temperature                                 obj/Release/app.o
                                                  obj/Release/main.o
check_volt_input                                  obj/Release/port.o
                                                  obj/Release/timer.o
config                                            obj/Release/eeprom.o
                                                  obj/Release/sms_parse.o