Archive member included to satisfy reference by file (symbol)

/home/prapor/AVR/avr-gcc-11.1.0-x64-linux/bin/../lib/gcc/avr/11.1.0/avr5/libgcc.a(_mulsi3.o)
                              obj/Debug/app.o (__mulsi3)
/home/prapor/AVR/avr-gcc-11.1.0-x64-linux/bin/../lib/gcc/avr/11.1.0/avr5/libgcc.a(_udivmodhi4.o)
                              obj/Debug/GSM.o (__udivmodhi4)
/home/prapor/AVR/avr-gcc-11.1.0-x64-linux/bin/../lib/gcc/avr/11.1.0/avr5/libgcc.a(_udivmodsi4.o)
                              obj/Debug/app.o (__udivmodsi4)
/home/prapor/AVR/avr-gcc-11.1.0-x64-linux/bin/../lib/gcc/avr/11.1.0/avr5/libgcc.a(_divmodsi4.o)
                              obj/Debug/app.o (__divmodsi4)
/home/prapor/AVR/avr-gcc-11.1.0-x64-linux/bin/../lib/gcc/avr/11.1.0/avr5/libgcc.a(_negsi2.o)
                              /home/prapor/AVR/avr-gcc-11.1.0-x64-linux/bin/../lib/gcc/avr/11.1.0/avr5/libgcc.a(_divmodsi4.o) (__negsi2)
/home/prapor/AVR/avr-gcc-11.1.0-x64-linux/bin/../lib/gcc/avr/11.1.0/avr5/libgcc.a(_exit.o)
                              /home/prapor/AVR/avr-gcc-11.1.0-x64-linux/bin/../lib/gcc/avr/11.1.0/../../../../avr/lib/avr5/crtatmega328p.o (exit)
/home/prapor/AVR/avr-gcc-11.1.0-x64-linux/bin/../lib/gcc/avr/11.1.0/avr5/libgcc.a(_tablejump2.o)
                              obj/Debug/GSM.o (__tablejump2__)
/home/prapor/AVR/avr-gcc-11.1.0-x64-linux/bin/../lib/gcc/avr/11.1.0/avr5/libgcc.a(_copy_data.o)
                              obj/Debug/app.o (__do_copy_data)
/home/prapor/AVR/avr-gcc-11.1.0-x64-linux/bin/../lib/gcc/avr/11.1.0/avr5/libgcc.a(_clear_bss.o)
                              obj/Debug/app.o (__do_clear_bss)
/home/prapor/AVR/avr-gcc-11.1.0-x64-linux/bin/../lib/gcc/avr/11.1.0/avr5/libgcc.a(_muluhisi3.o)
                              obj/Debug/app.o (__muluhisi3)
/home/prapor/AVR/avr-gcc-11.1.0-x64-linux/bin/../lib/gcc/avr/11.1.0/avr5/libgcc.a(_umulhisi3.o)
                              /home/prapor/AVR/avr-gcc-11.1.0-x64-linux/bin/../lib/gcc/avr/11.1.0/avr5/libgcc.a(_muluhisi3.o) (__umulhisi3)
/home/prapor/AVR/avr-gcc-11.1.0-x64-linux/bin/../lib/gcc/avr/11.1.0/../../../../avr/lib/avr5/libc.a(malloc.o)
                              obj/Debug/app.o (__brkval)
/home/prapor/AVR/avr-gcc-11.1.0-x64-linux/bin/../lib/gcc/avr/11.1.0/../../../../avr/lib/avr5/libc.a(strtoul.o)
                              obj/Debug/GSM.o (strtoul)
/home/prapor/AVR/avr-gcc-11.1.0-x64-linux/bin/../lib/gcc/avr/11.1.0/../../../../avr/lib/avr5/libc.a(atoi.o)
                              obj/Debug/GSM.o (atoi)
/home/prapor/AVR/avr-gcc-11.1.0-x64-linux/bin/../lib/gcc/avr/11.1.0/../../../../avr/lib/avr5/libc.a(isspace.o)
                              /home/prapor/AVR/avr-gcc-11.1.0-x64-linux/bin/../lib/gcc/avr/11.1.0/../../../../avr/lib/avr5/libc.a(strtoul.o) (isspace)
/home/prapor/AVR/avr-gcc-11.1.0-x64-linux/bin/../lib/gcc/avr/11.1.0/../../../../avr/lib/avr5/libc.a(memcmp_P.o)
                              obj/Debug/sms_parse.o (memcmp_P)
/home/prapor/AVR/avr-gcc-11.1.0-x64-linux/bin/../lib/gcc/avr/11.1.0/../../../../avr/lib/avr5/libc.a(strcat_P.o)
                              obj/Debug/app.o (strcat_P)
/home/prapor/AVR/avr-gcc-11.1.0-x64-linux/bin/../lib/gcc/avr/11.1.0/../../../../avr/lib/avr5/libc.a(strstr_P.o)
                              obj/Debug/GSM.o (strstr_P)
/home/prapor/AVR/avr-gcc-11.1.0-x64-linux/bin/../lib/gcc/avr/11.1.0/../../../../avr/lib/avr5/libc.a(strtok.o)
                              obj/Debug/GSM.o (strtok)
/home/prapor/AVR/avr-gcc-11.1.0-x64-linux/bin/../lib/gcc/avr/11.1.0/../../../../avr/lib/avr5/libc.a(memcmp.o)
                              obj/Debug/sms_parse.o (memcmp)
/home/prapor/AVR/avr-gcc-11.1.0-x64-linux/bin/../lib/gcc/avr/11.1.0/../../../../avr/lib/avr5/libc.a(memcpy.o)
                              obj/Debug/eeprom.o (memcpy)
/home/prapor/AVR/avr-gcc-11.1.0-x64-linux/bin/../lib/gcc/avr/11.1.0/../../../../avr/lib/avr5/libc.a(memmove.o)
                              obj/Debug/GSM.o (memmove)
/home/prapor/AVR/avr-gcc-11.1.0-x64-linux/bin/../lib/gcc/avr/11.1.0/../../../../avr/lib/avr5/libc.a(memset.o)
                              obj/Debug/eeprom.o (memset)
/home/prapor/AVR/avr-gcc-11.1.0-x64-linux/bin/../lib/gcc/avr/11.1.0/../../../../avr/lib/avr5/libc.a(strchr.o)
                              obj/Debug/GSM.o (strchr)
/home/prapor/AVR/avr-gcc-11.1.0-x64-linux/bin/../lib/gcc/avr/11.1.0/../../../../avr/lib/avr5/libc.a(strlen.o)
                              obj/Debug/GSM.o (strlen)
/home/prapor/AVR/avr-gcc-11.1.0-x64-linux/bin/../lib/gcc/avr/11.1.0/../../../../avr/lib/avr5/libc.a(strlwr.o)
                              obj/Debug/sms_parse.o (strlwr)
/home/prapor/AVR/avr-gcc-11.1.0-x64-linux/bin/../lib/gcc/avr/11.1.0/../../../../avr/lib/avr5/libc.a(strstr.o)
                              obj/Debug/GSM.o (strstr)
/home/prapor/AVR/avr-gcc-11.1.0-x64-linux/bin/../lib/gcc/avr/11.1.0/../../../../avr/lib/avr5/libc.a(strtok_r.o)
[...]
Memory Configuration

Name             Origin             Length             Attributes
text             0x0000000000000000 0x0000000000020000 xr
data             0x0000000000800060 0x000000000000ffa0 rw !x
eeprom           0x0000000000810000 0x0000000000010000 rw !x
fuse             0x0000000000820000 0x0000000000000003 rw !x
lock             0x0000000000830000 0x0000000000000400 rw !x
signature        0x0000000000840000 0x0000000000000400 rw !x
user_signatures  0x0000000000850000 0x0000000000000400 rw !x
*default*        0x0000000000000000 0xffffffffffffffff

Linker script and memory map

Address of section .data set to 0x800100
LOAD /home/prapor/AVR/avr-gcc-11.1.0-x64-linux/bin/../lib/gcc/avr/11.1.0/../../../../avr/lib/avr5/crtatmega328p.o
LOAD obj/Debug/app.o
LOAD obj/Debug/eeprom.o
LOAD obj/Debug/GSM.o
LOAD obj/Debug/main.o
LOAD obj/Debug/port.o
LOAD obj/Debug/sms_parse.o
LOAD obj/Debug/softuart.o
LOAD obj/Debug/timer.o
LOAD obj/Debug/UART.o
START GROUP
LOAD /home/prapor/AVR/avr-gcc-11.1.0-x64-linux/bin/../lib/gcc/avr/11.1.0/avr5/libgcc.a
LOAD /home/prapor/AVR/avr-gcc-11.1.0-x64-linux/bin/../lib/gcc/avr/11.1.0/../../../../avr/lib/avr5/libm.a
LOAD /home/prapor/AVR/avr-gcc-11.1.0-x64-linux/bin/../lib/gcc/avr/11.1.0/../../../../avr/lib/avr5/libc.a
LOAD /home/prapor/AVR/avr-gcc-11.1.0-x64-linux/bin/../lib/gcc/avr/11.1.0/../../../../avr/lib/avr5/libatmega328p.a
END GROUP
                0x0000000000020000                __TEXT_REGION_LENGTH__ = DEFINED (__TEXT_REGION_LENGTH__)?__TEXT_REGION_LENGTH__:0x20000
                0x000000000000ffa0                __DATA_REGION_LENGTH__ = DEFINED (__DATA_REGION_LENGTH__)?__DATA_REGION_LENGTH__:0xffa0
                0x0000000000010000                __EEPROM_REGION_LENGTH__ = DEFINED (__EEPROM_REGION_LENGTH__)?__EEPROM_REGION_LENGTH__:0x10000
                [0x0000000000000003]                __FUSE_REGION_LENGTH__ = DEFINED (__FUSE_REGION_LENGTH__)?__FUSE_REGION_LENGTH__:0x400
                0x0000000000000400                __LOCK_REGION_LENGTH__ = DEFINED (__LOCK_REGION_LENGTH__)?__LOCK_REGION_LENGTH__:0x400
                0x0000000000000400                __SIGNATURE_REGION_LENGTH__ = DEFINED (__SIGNATURE_REGION_LENGTH__)?__SIGNATURE_REGION_LENGTH__:0x400
                0x0000000000000400                __USER_SIGNATURE_REGION_LENGTH__ = DEFINED (__USER_SIGNATURE_REGION_LENGTH__)?__USER_SIGNATURE_REGION_LENGTH__:0x400

.hash
 *(.hash)

.dynsym
 *(.dynsym)

.dynstr
 *(.dynstr)

.gnu.version
 *(.gnu.version)

.gnu.version_d
 *(.gnu.version_d)

.gnu.version_r
 *(.gnu.version_r)

.rel.init
 *(.rel.init)

.rela.init
 *(.rela.init)

.rel.text
 *(.rel.text)
 *(.rel.text.*)
 *(.rel.gnu.linkonce.t*)

.rela.text
 *(.rela.text)
 *(.rela.text.*)
 *(.rela.gnu.linkonce.t*)

.rel.fini
 *(.rel.fini)

.rela.fini
 *(.rela.fini)

.rel.rodata
 *(.rel.rodata)
 *(.rel.rodata.*)
 *(.rel.gnu.linkonce.r*)

.rela.rodata
 *(.rela.rodata)
 *(.rela.rodata.*)
 *(.rela.gnu.linkonce.r*)

.rel.data
 *(.rel.data)
 *(.rel.data.*)
 *(.rel.gnu.linkonce.d*)

.rela.data
 *(.rela.data)
 *(.rela.data.*)
 *(.rela.gnu.linkonce.d*)

.rel.ctors
 *(.rel.ctors)

.rela.ctors
 *(.rela.ctors)

.rel.dtors
 *(.rel.dtors)

.rela.dtors
 *(.rela.dtors)

.rel.got
 *(.rel.got)

.rela.got
 *(.rela.got)

.rel.bss
 *(.rel.bss)

.rela.bss
 *(.rela.bss)

.rel.plt
 *(.rel.plt)

.rela.plt
 *(.rela.plt)

.text           0x0000000000000000     0x7168
 *(.vectors)
 .vectors       0x0000000000000000       0x68 /home/prapor/AVR/avr-gcc-11.1.0-x64-linux/bin/../lib/gcc/avr/11.1.0/../../../../avr/lib/avr5/crtatmega328p.o
                0x0000000000000000                __vectors
                0x0000000000000000                __vector_default
 *(.vectors)
 *(.progmem.gcc*)
                0x0000000000000068                . = ALIGN (0x2)
                0x0000000000000068                __trampolines_start = .
 *(.trampolines)
 .trampolines   0x0000000000000068        0x0 linker stubs
 *(.trampolines*)
                0x0000000000000068                __trampolines_end = .
 *libprintf_flt.a:*(.progmem.data)
 *libc.a:*(.progmem.data)
 *(.progmem.*)
 .progmem.data  0x0000000000000068      0x363 obj/Debug/app.o
 .progmem.data  0x00000000000003cb       0x15 obj/Debug/eeprom.o
 .progmem.data  0x00000000000003e0      0x229 obj/Debug/GSM.o
 .progmem.data  0x0000000000000609       0x10 obj/Debug/main.o
 .progmem.data  0x0000000000000619      0x410 obj/Debug/sms_parse.o
                0x0000000000000a2a                . = ALIGN (0x2)
 *fill*         0x0000000000000a29        0x1 
 *(.lowtext)
 *(.lowtext*)
                0x0000000000000a2a                __ctors_start = .
 *(.ctors)
                0x0000000000000a2a                __ctors_end = .
                0x0000000000000a2a                __dtors_start = .
 *(.dtors)
                0x0000000000000a2a                __dtors_end = .
 SORT_BY_NAME(*)(.ctors)
 SORT_BY_NAME(*)(.dtors)
 *(.init0)
 .init0         0x0000000000000a2a        0x0 /home/prapor/AVR/avr-gcc-11.1.0-x64-linux/bin/../lib/gcc/avr/11.1.0/../../../../avr/lib/avr5/crtatmega328p.o
                0x0000000000000a2a                __init
 *(.init0)
 *(.init1)
 *(.init1)
 *(.init2)
 .init2         0x0000000000000a2a        0xc /home/prapor/AVR/avr-gcc-11.1.0-x64-linux/bin/../lib/gcc/avr/11.1.0/../../../../avr/lib/avr5/crtatmega328p.o
 *(.init2)
 *(.init3)
 *(.init3)
 *(.init4)
 .init4         0x0000000000000a36       0x16 /home/prapor/AVR/avr-gcc-11.1.0-x64-linux/bin/../lib/gcc/avr/11.1.0/avr5/libgcc.a(_copy_data.o)
                0x0000000000000a36                __do_copy_data
 .init4         0x0000000000000a4c       0x10 /home/prapor/AVR/avr-gcc-11.1.0-x64-linux/bin/../lib/gcc/avr/11.1.0/avr5/libgcc.a(_clear_bss.o)
                0x0000000000000a4c                __do_clear_bss
 *(.init4)
 *(.init5)
 *(.init5)
 *(.init6)
 *(.init6)
 *(.init7)
 *(.init7)
 *(.init8)
 *(.init8)
 *(.init9)
 .init9         0x0000000000000a5c        0x8 /home/prapor/AVR/avr-gcc-11.1.0-x64-linux/bin/../lib/gcc/avr/11.1.0/../../../../avr/lib/avr5/crtatmega328p.o
 *(.init9)
 *(.text)
 .text          0x0000000000000a64        0x4 /home/prapor/AVR/avr-gcc-11.1.0-x64-linux/bin/../lib/gcc/avr/11.1.0/../../../../avr/lib/avr5/crtatmega328p.o
                0x0000000000000a64                __vector_22
                0x0000000000000a64                __vector_1
                0x0000000000000a64                __vector_24
                0x0000000000000a64                __vector_12
                0x0000000000000a64                __bad_interrupt
                0x0000000000000a64                __vector_6
                0x0000000000000a64                __vector_3
                0x0000000000000a64                __vector_23
                0x0000000000000a64                __vector_25
                0x0000000000000a64                __vector_13
                0x0000000000000a64                __vector_17
                0x0000000000000a64                __vector_19
                0x0000000000000a64                __vector_5
                0x0000000000000a64                __vector_4
                0x0000000000000a64                __vector_9
                0x0000000000000a64                __vector_2
                0x0000000000000a64                __vector_15
                0x0000000000000a64                __vector_8
                0x0000000000000a64                __vector_14
                0x0000000000000a64                __vector_10
                0x0000000000000a64                __vector_16
                0x0000000000000a64                __vector_20
 .text          0x0000000000000a68     0x1424 obj/Debug/app.o
                0x0000000000000a68                on_off_relay
                0x0000000000000d42                check_power
                0x0000000000000d92                power_control
                0x00000000000010fe                charge_bat
                0x0000000000001128                get_time_without_power_s
                0x0000000000001162                send_sms_report
                0x0000000000001624                debug_report
                0x0000000000001ae2                init_internal_temperature
                0x0000000000001b28                check_temperature
                0x0000000000001bec                analog_read
                0x0000000000001de0                __vector_21
                0x0000000000001e3e                print_freeRam
 .text          0x0000000000001e8c      0x54a obj/Debug/eeprom.o
                0x0000000000001e8c                EEPROM_write
                0x0000000000001ea8                EEPROM_read
                0x0000000000001efe                EEPROM_write_buf
                0x0000000000001f6a                EEPROM_read_buf
                0x0000000000001fd6                eeprom_read_config
                0x00000000000020d4                eeprom_save_config
                0x00000000000020f4                EEPROM_update
                0x0000000000002114                get_interval_power_off_report
                0x0000000000002132                set_interval_power_off_report
                0x000000000000215a                get_interval_power_on_report
                0x0000000000002178                set_interval_power_on_report
                0x00000000000021a0                set_accept_calls
                0x00000000000021c8                get_accept_calls
                0x00000000000021e6                set_accept_sms
                0x000000000000220e                get_accept_sms
                0x000000000000222c                set_mode_gsm
                0x0000000000002254                get_mode_gsm
                0x0000000000002272                set_reset_count_mcu
                0x00000000000022b0                get_reset_count_mcu
                0x00000000000022ec                inc_reset_count_mcu
                0x0000000000002322                set_report_temperature
                0x000000000000234a                get_report_temperature
                0x0000000000002368                set_first_usage
                0x0000000000002390                set_pause_relay
                0x00000000000023b8                get_pause_relay
 .text          0x00000000000023d6     0x21ce obj/Debug/GSM.o
                0x000000000000281a                call_to
                0x0000000000002d6a                check_registration
                0x0000000000002e4e                check_deposit
                0x0000000000002f02                map_s
                0x0000000000002f8a                mdm_get_signal_strength
                0x000000000000306a                send_sms
                0x0000000000003248                send_sms_p
                0x000000000000333e                send_sms_admins
                0x00000000000033e0                alarm_play_file
                0x0000000000003480                get_message_from_mdm
                0x000000000000361a                check_phone_string
                0x00000000000039b0                get_sms
                0x0000000000003bd6                delete_all_sms
                0x0000000000003c0c                incoming_call_processing
                0x0000000000003ce2                reset_mcu
                0x0000000000003d42                setup_init
                0x0000000000003eea                send_USSD
                0x000000000000417a                get_error_code1
                0x000000000000418c                get_error_gsm
                0x00000000000041ca                set_error_gsm
                0x000000000000425c                led_gsm
                0x00000000000042cc                get_phone_number
                0x0000000000004524                get_arr_dep
 .text          0x00000000000045a4       0x92 obj/Debug/main.o
                0x00000000000045a4                main
 .text          0x0000000000004636      0x344 obj/Debug/port.o
                0x0000000000004636                sensor_port_init
                0x000000000000468e                unused_port_init
                0x00000000000047be                relay_port_init
                0x0000000000004816                led_port_init
                0x000000000000486e                port_init
                0x00000000000048b2                check_volt_input
                0x0000000000004948                get_flag_input_voltage
 .text          0x000000000000497a      0xcde obj/Debug/sms_parse.o
                0x000000000000497a                find_phone_in_phone_list
                0x0000000000004a24                process_sms_body
                0x0000000000004f48                get_param
                0x0000000000005198                set_param
 .text          0x0000000000005658      0x47e obj/Debug/softuart.o
                0x0000000000005658                __vector_7
                0x000000000000589e                softuart_init
                0x00000000000058e4                softuart_turn_rx_on
                0x00000000000058f8                softuart_turn_rx_off
                0x000000000000590e                softuart_getchar
                0x000000000000595c                softuart_kbhit
                0x000000000000597a                softuart_flush_input_buffer
                0x0000000000005992                softuart_transmit_busy
                0x00000000000059ac                softuart_putchar
                0x00000000000059f4                softuart_puts
                0x0000000000005a34                softuart_puts_ln
                0x0000000000005a7a                softuart_puts_p
 .text          0x0000000000005ad6      0x4d2 obj/Debug/timer.o
                0x0000000000005ad6                timer1_init
                0x0000000000005b46                __vector_11
                0x0000000000005ca0                get_time_ms
                0x0000000000005d0c                get_time_s
                0x0000000000005d78                get_time_m
                0x0000000000005de4                reset_soft_wdt
                0x0000000000005e16                delay_ms
                0x0000000000005eaa                delay_s
                0x0000000000005f3c                get_time_from_start_s
 .text          0x0000000000005fa8      0x2fe obj/Debug/UART.o
                0x0000000000005fa8                init_uart
                0x0000000000005fe8                __vector_18
                0x0000000000006066                get_byte_from_queue
                0x0000000000006098                is_queue_not_empty
                0x00000000000060b8                uart_send_buf
                0x0000000000006118                uart_send_str
                0x0000000000006172                uart_send_str_p
                0x00000000000061c8                uart_send_byte
                0x00000000000061fe                reset_uart_queue
                0x0000000000006218                uart_flush
 .text          0x00000000000062a6        0x0 /home/prapor/AVR/avr-gcc-11.1.0-x64-linux/bin/../lib/gcc/avr/11.1.0/avr5/libgcc.a(_mulsi3.o)
 .text          0x00000000000062a6        0x0 /home/prapor/AVR/avr-gcc-11.1.0-x64-linux/bin/../lib/gcc/avr/11.1.0/avr5/libgcc.a(_udivmodhi4.o)
 .text          0x00000000000062a6        0x0 /home/prapor/AVR/avr-gcc-11.1.0-x64-linux/bin/../lib/gcc/avr/11.1.0/avr5/libgcc.a(_udivmodsi4.o)
 .text          0x00000000000062a6        0x0 /home/prapor/AVR/avr-gcc-11.1.0-x64-linux/bin/../lib/gcc/avr/11.1.0/avr5/libgcc.a(_divmodsi4.o)
 .text          0x00000000000062a6        0x0 /home/prapor/AVR/avr-gcc-11.1.0-x64-linux/bin/../lib/gcc/avr/11.1.0/avr5/libgcc.a(_negsi2.o)
 .text          0x00000000000062a6        0x0 /home/prapor/AVR/avr-gcc-11.1.0-x64-linux/bin/../lib/gcc/avr/11.1.0/avr5/libgcc.a(_exit.o)
 .text          0x00000000000062a6        0x0 /home/prapor/AVR/avr-gcc-11.1.0-x64-linux/bin/../lib/gcc/avr/11.1.0/avr5/libgcc.a(_tablejump2.o)
 .text          0x00000000000062a6        0x0 /home/prapor/AVR/avr-gcc-11.1.0-x64-linux/bin/../lib/gcc/avr/11.1.0/avr5/libgcc.a(_copy_data.o)
 .text          0x00000000000062a6        0x0 /home/prapor/AVR/avr-gcc-11.1.0-x64-linux/bin/../lib/gcc/avr/11.1.0/avr5/libgcc.a(_clear_bss.o)
 .text          0x00000000000062a6        0x0 /home/prapor/AVR/avr-gcc-11.1.0-x64-linux/bin/../lib/gcc/avr/11.1.0/avr5/libgcc.a(_muluhisi3.o)
 .text          0x00000000000062a6        0x0 /home/prapor/AVR/avr-gcc-11.1.0-x64-linux/bin/../lib/gcc/avr/11.1.0/avr5/libgcc.a(_umulhisi3.o)
 .text          0x00000000000062a6        0x0 /home/prapor/AVR/avr-gcc-11.1.0-x64-linux/bin/../lib/gcc/avr/11.1.0/../../../../avr/lib/avr5/libc.a(malloc.o)
 .text          0x00000000000062a6        0x0 /home/prapor/AVR/avr-gcc-11.1.0-x64-linux/bin/../lib/gcc/avr/11.1.0/../../../../avr/lib/avr5/libc.a(strtoul.o)
 .text          0x00000000000062a6        0x0 /home/prapor/AVR/avr-gcc-11.1.0-x64-linux/bin/../lib/gcc/avr/11.1.0/../../../../avr/lib/avr5/libc.a(atoi.o)
 .text          0x00000000000062a6        0x0 /home/prapor/AVR/avr-gcc-11.1.0-x64-linux/bin/../lib/gcc/avr/11.1.0/../../../../avr/lib/avr5/libc.a(isspace.o)
 .text          0x00000000000062a6        0x0 /home/prapor/AVR/avr-gcc-11.1.0-x64-linux/bin/../lib/gcc/avr/11.1.0/../../../../avr/lib/avr5/libc.a(memcmp_P.o)
 .text          0x00000000000062a6        0x0 /home/prapor/AVR/avr-gcc-11.1.0-x64-linux/bin/../lib/gcc/avr/11.1.0/../../../../avr/lib/avr5/libc.a(strcat_P.o)
 .text          0x00000000000062a6        0x0 /home/prapor/AVR/avr-gcc-11.1.0-x64-linux/bin/../lib/gcc/avr/11.1.0/../../../../avr/lib/avr5/libc.a(strstr_P.o)
 .text          0x00000000000062a6        0x0 /home/prapor/AVR/avr-gcc-11.1.0-x64-linux/bin/../lib/gcc/avr/11.1.0/../../../../avr/lib/avr5/libc.a(strtok.o)
 .text          0x00000000000062a6        0x0 /home/prapor/AVR/avr-gcc-11.1.0-x64-linux/bin/../lib/gcc/avr/11.1.0/../../../../avr/lib/avr5/libc.a(memcmp.o)
 .text          0x00000000000062a6        0x0 /home/prapor/AVR/avr-gcc-11.1.0-x64-linux/bin/../lib/gcc/avr/11.1.0/../../../../avr/lib/avr5/libc.a(memcpy.o)
 .text          0x00000000000062a6        0x0 /home/prapor/AVR/avr-gcc-11.1.0-x64-linux/bin/../lib/gcc/avr/11.1.0/../../../../avr/lib/avr5/libc.a(memmove.o)
 .text          0x00000000000062a6        0x0 /home/prapor/AVR/avr-gcc-11.1.0-x64-linux/bin/../lib/gcc/avr/11.1.0/../../../../avr/lib/avr5/libc.a(memset.o)
 .text          0x00000000000062a6        0x0 /home/prapor/AVR/avr-gcc-11.1.0-x64-linux/bin/../lib/gcc/avr/11.1.0/../../../../avr/lib/avr5/libc.a(strchr.o)
 .text          0x00000000000062a6        0x0 /home/prapor/AVR/avr-gcc-11.1.0-x64-linux/bin/../lib/gcc/avr/11.1.0/../../../../avr/lib/avr5/libc.a(strlen.o)
 .text          0x00000000000062a6        0x0 /home/prapor/AVR/avr-gcc-11.1.0-x64-linux/bin/../lib/gcc/avr/11.1.0/../../../../avr/lib/avr5/libc.a(strlwr.o)
 .text          0x00000000000062a6        0x0 /home/prapor/AVR/avr-gcc-11.1.0-x64-linux/bin/../lib/gcc/avr/11.1.0/../../../../avr/lib/avr5/libc.a(strstr.o)
 .text          0x00000000000062a6        0x0 /home/prapor/AVR/avr-gcc-11.1.0-x64-linux/bin/../lib/gcc/avr/11.1.0/../../../../avr/lib/avr5/libc.a(strtok_r.o)
 .text          0x00000000000062a6        0x0 /home/prapor/AVR/avr-gcc-11.1.0-x64-linux/bin/../lib/gcc/avr/11.1.0/../../../../avr/lib/avr5/libc.a(itoa.o)
 .text          0x00000000000062a6        0x0 /home/prapor/AVR/avr-gcc-11.1.0-x64-linux/bin/../lib/gcc/avr/11.1.0/../../../../avr/lib/avr5/libc.a(itoa_ncheck.o)
 .text          0x00000000000062a6        0x0 /home/prapor/AVR/avr-gcc-11.1.0-x64-linux/bin/../lib/gcc/avr/11.1.0/../../../../avr/lib/avr5/libc.a(mul10.o)
 .text          0x00000000000062a6        0x0 /home/prapor/AVR/avr-gcc-11.1.0-x64-linux/bin/../lib/gcc/avr/11.1.0/../../../../avr/lib/avr5/libc.a(utoa_ncheck.o)
 .text          0x00000000000062a6        0x0 /home/prapor/AVR/avr-gcc-11.1.0-x64-linux/bin/../lib/gcc/avr/11.1.0/../../../../avr/lib/avr5/libc.a(sprintf_p.o)
 .text          0x00000000000062a6        0x0 /home/prapor/AVR/avr-gcc-11.1.0-x64-linux/bin/../lib/gcc/avr/11.1.0/../../../../avr/lib/avr5/libc.a(vfprintf_std.o)
 .text          0x00000000000062a6        0x0 /home/prapor/AVR/avr-gcc-11.1.0-x64-linux/bin/../lib/gcc/avr/11.1.0/../../../../avr/lib/avr5/libc.a(errno.o)
 .text          0x00000000000062a6        0x0 /home/prapor/AVR/avr-gcc-11.1.0-x64-linux/bin/../lib/gcc/avr/11.1.0/../../../../avr/lib/avr5/libc.a(cty_isfalse.o)
 .text          0x00000000000062a6        0x0 /home/prapor/AVR/avr-gcc-11.1.0-x64-linux/bin/../lib/gcc/avr/11.1.0/../../../../avr/lib/avr5/libc.a(strnlen_P.o)
 .text          0x00000000000062a6        0x0 /home/prapor/AVR/avr-gcc-11.1.0-x64-linux/bin/../lib/gcc/avr/11.1.0/../../../../avr/lib/avr5/libc.a(strnlen.o)
 .text          0x00000000000062a6        0x0 /home/prapor/AVR/avr-gcc-11.1.0-x64-linux/bin/../lib/gcc/avr/11.1.0/../../../../avr/lib/avr5/libc.a(strrev.o)
 .text          0x00000000000062a6        0x0 /home/prapor/AVR/avr-gcc-11.1.0-x64-linux/bin/../lib/gcc/avr/11.1.0/../../../../avr/lib/avr5/libc.a(fputc.o)
 .text          0x00000000000062a6        0x0 /home/prapor/AVR/avr-gcc-11.1.0-x64-linux/bin/../lib/gcc/avr/11.1.0/../../../../avr/lib/avr5/libc.a(ultoa_invert.o)
 .text          0x00000000000062a6        0x0 /home/prapor/AVR/avr-gcc-11.1.0-x64-linux/bin/../lib/gcc/avr/11.1.0/../../../../avr/lib/avr5/libatmega328p.a(eerd_block.o)
 .text          0x00000000000062a6        0x0 /home/prapor/AVR/avr-gcc-11.1.0-x64-linux/bin/../lib/gcc/avr/11.1.0/../../../../avr/lib/avr5/libatmega328p.a(eeupd_block.o)
 .text          0x00000000000062a6        0x0 /home/prapor/AVR/avr-gcc-11.1.0-x64-linux/bin/../lib/gcc/avr/11.1.0/../../../../avr/lib/avr5/libatmega328p.a(eeupd_byte.o)
 .text          0x00000000000062a6        0x0 /home/prapor/AVR/avr-gcc-11.1.0-x64-linux/bin/../lib/gcc/avr/11.1.0/../../../../avr/lib/avr5/libatmega328p.a(eewr_block.o)
 .text          0x00000000000062a6        0x0 /home/prapor/AVR/avr-gcc-11.1.0-x64-linux/bin/../lib/gcc/avr/11.1.0/../../../../avr/lib/avr5/libatmega328p.a(eewr_byte.o)
 .text          0x00000000000062a6        0x0 /home/prapor/AVR/avr-gcc-11.1.0-x64-linux/bin/../lib/gcc/avr/11.1.0/avr5/libgcc.a(_prologue.o)
 .text          0x00000000000062a6        0x0 /home/prapor/AVR/avr-gcc-11.1.0-x64-linux/bin/../lib/gcc/avr/11.1.0/avr5/libgcc.a(_epilogue.o)
                0x00000000000062a6                . = ALIGN (0x2)
 *(.text.*)
 .text.libgcc.mul
                0x00000000000062a6       0x20 /home/prapor/AVR/avr-gcc-11.1.0-x64-linux/bin/../lib/gcc/avr/11.1.0/avr5/libgcc.a(_mulsi3.o)
                0x00000000000062a6                __mulsi3
 .text.libgcc.div
                0x00000000000062c6        0x0 /home/prapor/AVR/avr-gcc-11.1.0-x64-linux/bin/../lib/gcc/avr/11.1.0/avr5/libgcc.a(_mulsi3.o)
 .text.libgcc   0x00000000000062c6        0x0 /home/prapor/AVR/avr-gcc-11.1.0-x64-linux/bin/../lib/gcc/avr/11.1.0/avr5/libgcc.a(_mulsi3.o)
 .text.libgcc.prologue
                0x00000000000062c6        0x0 /home/prapor/AVR/avr-gcc-11.1.0-x64-linux/bin/../lib/gcc/avr/11.1.0/avr5/libgcc.a(_mulsi3.o)
 .text.libgcc.builtins
                0x00000000000062c6        0x0 /home/prapor/AVR/avr-gcc-11.1.0-x64-linux/bin/../lib/gcc/avr/11.1.0/avr5/libgcc.a(_mulsi3.o)
 .text.libgcc.fmul
                0x00000000000062c6        0x0 /home/prapor/AVR/avr-gcc-11.1.0-x64-linux/bin/../lib/gcc/avr/11.1.0/avr5/libgcc.a(_mulsi3.o)
 .text.libgcc.fixed
                0x00000000000062c6        0x0 /home/prapor/AVR/avr-gcc-11.1.0-x64-linux/bin/../lib/gcc/avr/11.1.0/avr5/libgcc.a(_mulsi3.o)
 .text.libgcc.mul
                0x00000000000062c6        0x0 /home/prapor/AVR/avr-gcc-11.1.0-x64-linux/bin/../lib/gcc/avr/11.1.0/avr5/libgcc.a(_udivmodhi4.o)
 .text.libgcc.div
                0x00000000000062c6       0x28 /home/prapor/AVR/avr-gcc-11.1.0-x64-linux/bin/../lib/gcc/avr/11.1.0/avr5/libgcc.a(_udivmodhi4.o)
                0x00000000000062c6                __udivmodhi4
 .text.libgcc   0x00000000000062ee        0x0 /home/prapor/AVR/avr-gcc-11.1.0-x64-linux/bin/../lib/gcc/avr/11.1.0/avr5/libgcc.a(_udivmodhi4.o)
 .text.libgcc.prologue
                0x00000000000062ee        0x0 /home/prapor/AVR/avr-gcc-11.1.0-x64-linux/bin/../lib/gcc/avr/11.1.0/avr5/libgcc.a(_udivmodhi4.o)
 .text.libgcc.builtins
                0x00000000000062ee        0x0 /home/prapor/AVR/avr-gcc-11.1.0-x64-linux/bin/../lib/gcc/avr/11.1.0/avr5/libgcc.a(_udivmodhi4.o)
 .text.libgcc.fmul
                0x00000000000062ee        0x0 /home/prapor/AVR/avr-gcc-11.1.0-x64-linux/bin/../lib/gcc/avr/11.1.0/avr5/libgcc.a(_udivmodhi4.o)
 .text.libgcc.fixed
                0x00000000000062ee        0x0 /home/prapor/AVR/avr-gcc-11.1.0-x64-linux/bin/../lib/gcc/avr/11.1.0/avr5/libgcc.a(_udivmodhi4.o)
 .text.libgcc.mul
                0x00000000000062ee        0x0 /home/prapor/AVR/avr-gcc-11.1.0-x64-linux/bin/../lib/gcc/avr/11.1.0/avr5/libgcc.a(_udivmodsi4.o)
 .text.libgcc.div
                0x00000000000062ee       0x44 /home/prapor/AVR/avr-gcc-11.1.0-x64-linux/bin/../lib/gcc/avr/11.1.0/avr5/libgcc.a(_udivmodsi4.o)
                0x00000000000062ee                __udivmodsi4
 .text.libgcc   0x0000000000006332        0x0 /home/prapor/AVR/avr-gcc-11.1.0-x64-linux/bin/../lib/gcc/avr/11.1.0/avr5/libgcc.a(_udivmodsi4.o)
 .text.libgcc.prologue
                0x0000000000006332        0x0 /home/prapor/AVR/avr-gcc-11.1.0-x64-linux/bin/../lib/gcc/avr/11.1.0/avr5/libgcc.a(_udivmodsi4.o)
 .text.libgcc.builtins
                0x0000000000006332        0x0 /home/prapor/AVR/avr-gcc-11.1.0-x64-linux/bin/../lib/gcc/avr/11.1.0/avr5/libgcc.a(_udivmodsi4.o)
 .text.libgcc.fmul
                0x0000000000006332        0x0 /home/prapor/AVR/avr-gcc-11.1.0-x64-linux/bin/../lib/gcc/avr/11.1.0/avr5/libgcc.a(_udivmodsi4.o)
 .text.libgcc.fixed
                0x0000000000006332        0x0 /home/prapor/AVR/avr-gcc-11.1.0-x64-linux/bin/../lib/gcc/avr/11.1.0/avr5/libgcc.a(_udivmodsi4.o)
 .text.libgcc.mul
                0x0000000000006332        0x0 /home/prapor/AVR/avr-gcc-11.1.0-x64-linux/bin/../lib/gcc/avr/11.1.0/avr5/libgcc.a(_divmodsi4.o)
 .text.libgcc.div
                0x0000000000006332       0x2e /home/prapor/AVR/avr-gcc-11.1.0-x64-linux/bin/../lib/gcc/avr/11.1.0/avr5/libgcc.a(_divmodsi4.o)
                0x0000000000006332                __divmodsi4
 .text.libgcc   0x0000000000006360        0x0 /home/prapor/AVR/avr-gcc-11.1.0-x64-linux/bin/../lib/gcc/avr/11.1.0/avr5/libgcc.a(_divmodsi4.o)
 .text.libgcc.prologue
                0x0000000000006360        0x0 /home/prapor/AVR/avr-gcc-11.1.0-x64-linux/bin/../lib/gcc/avr/11.1.0/avr5/libgcc.a(_divmodsi4.o)
 .text.libgcc.builtins
                0x0000000000006360        0x0 /home/prapor/AVR/avr-gcc-11.1.0-x64-linux/bin/../lib/gcc/avr/11.1.0/avr5/libgcc.a(_divmodsi4.o)
 .text.libgcc.fmul
                0x0000000000006360        0x0 /home/prapor/AVR/avr-gcc-11.1.0-x64-linux/bin/../lib/gcc/avr/11.1.0/avr5/libgcc.a(_divmodsi4.o)
 .text.libgcc.fixed
                0x0000000000006360        0x0 /home/prapor/AVR/avr-gcc-11.1.0-x64-linux/bin/../lib/gcc/avr/11.1.0/avr5/libgcc.a(_divmodsi4.o)
 .text.libgcc.mul
                0x0000000000006360        0x0 /home/prapor/AVR/avr-gcc-11.1.0-x64-linux/bin/../lib/gcc/avr/11.1.0/avr5/libgcc.a(_negsi2.o)
 .text.libgcc.div
                0x0000000000006360       0x10 /home/prapor/AVR/avr-gcc-11.1.0-x64-linux/bin/../lib/gcc/avr/11.1.0/avr5/libgcc.a(_negsi2.o)
                0x0000000000006360                __negsi2
 .text.libgcc   0x0000000000006370        0x0 /home/prapor/AVR/avr-gcc-11.1.0-x64-linux/bin/../lib/gcc/avr/11.1.0/avr5/libgcc.a(_negsi2.o)
 .text.libgcc.prologue
                0x0000000000006370        0x0 /home/prapor/AVR/avr-gcc-11.1.0-x64-linux/bin/../lib/gcc/avr/11.1.0/avr5/libgcc.a(_negsi2.o)
 .text.libgcc.builtins
                0x0000000000006370        0x0 /home/prapor/AVR/avr-gcc-11.1.0-x64-linux/bin/../lib/gcc/avr/11.1.0/avr5/libgcc.a(_negsi2.o)
 .text.libgcc.fmul
                0x0000000000006370        0x0 /home/prapor/AVR/avr-gcc-11.1.0-x64-linux/bin/../lib/gcc/avr/11.1.0/avr5/libgcc.a(_negsi2.o)
 .text.libgcc.fixed
                0x0000000000006370        0x0 /home/prapor/AVR/avr-gcc-11.1.0-x64-linux/bin/../lib/gcc/avr/11.1.0/avr5/libgcc.a(_negsi2.o)
 .text.libgcc.mul
                0x0000000000006370        0x0 /home/prapor/AVR/avr-gcc-11.1.0-x64-linux/bin/../lib/gcc/avr/11.1.0/avr5/libgcc.a(_exit.o)
 .text.libgcc.div
                0x0000000000006370        0x0 /home/prapor/AVR/avr-gcc-11.1.0-x64-linux/bin/../lib/gcc/avr/11.1.0/avr5/libgcc.a(_exit.o)
 .text.libgcc   0x0000000000006370        0x0 /home/prapor/AVR/avr-gcc-11.1.0-x64-linux/bin/../lib/gcc/avr/11.1.0/avr5/libgcc.a(_exit.o)
 .text.libgcc.prologue
                0x0000000000006370        0x0 /home/prapor/AVR/avr-gcc-11.1.0-x64-linux/bin/../lib/gcc/avr/11.1.0/avr5/libgcc.a(_exit.o)
 .text.libgcc.builtins
                0x0000000000006370        0x0 /home/prapor/AVR/avr-gcc-11.1.0-x64-linux/bin/../lib/gcc/avr/11.1.0/avr5/libgcc.a(_exit.o)
 .text.libgcc.fmul
                0x0000000000006370        0x0 /home/prapor/AVR/avr-gcc-11.1.0-x64-linux/bin/../lib/gcc/avr/11.1.0/avr5/libgcc.a(_exit.o)
 .text.libgcc.fixed
                0x0000000000006370        0x0 /home/prapor/AVR/avr-gcc-11.1.0-x64-linux/bin/../lib/gcc/avr/11.1.0/avr5/libgcc.a(_exit.o)
 .text.libgcc.mul
                0x0000000000006370        0x0 /home/prapor/AVR/avr-gcc-11.1.0-x64-linux/bin/../lib/gcc/avr/11.1.0/avr5/libgcc.a(_tablejump2.o)
 .text.libgcc.div
                0x0000000000006370        0x0 /home/prapor/AVR/avr-gcc-11.1.0-x64-linux/bin/../lib/gcc/avr/11.1.0/avr5/libgcc.a(_tablejump2.o)
 .text.libgcc   0x0000000000006370        0xc /home/prapor/AVR/avr-gcc-11.1.0-x64-linux/bin/../lib/gcc/avr/11.1.0/avr5/libgcc.a(_tablejump2.o)
                0x0000000000006370                __tablejump2__
 .text.libgcc.prologue
                0x000000000000637c        0x0 /home/prapor/AVR/avr-gcc-11.1.0-x64-linux/bin/../lib/gcc/avr/11.1.0/avr5/libgcc.a(_tablejump2.o)
 .text.libgcc.builtins
                0x000000000000637c        0x0 /home/prapor/AVR/avr-gcc-11.1.0-x64-linux/bin/../lib/gcc/avr/11.1.0/avr5/libgcc.a(_tablejump2.o)
 .text.libgcc.fmul
                0x000000000000637c        0x0 /home/prapor/AVR/avr-gcc-11.1.0-x64-linux/bin/../lib/gcc/avr/11.1.0/avr5/libgcc.a(_tablejump2.o)
 .text.libgcc.fixed
                0x000000000000637c        0x0 /home/prapor/AVR/avr-gcc-11.1.0-x64-linux/bin/../lib/gcc/avr/11.1.0/avr5/libgcc.a(_tablejump2.o)
 .text.libgcc.mul
                0x000000000000637c        0x0 /home/prapor/AVR/avr-gcc-11.1.0-x64-linux/bin/../lib/gcc/avr/11.1.0/avr5/libgcc.a(_copy_data.o)
 .text.libgcc.div
                0x000000000000637c        0x0 /home/prapor/AVR/avr-gcc-11.1.0-x64-linux/bin/../lib/gcc/avr/11.1.0/avr5/libgcc.a(_copy_data.o)
 .text.libgcc   0x000000000000637c        0x0 /home/prapor/AVR/avr-gcc-11.1.0-x64-linux/bin/../lib/gcc/avr/11.1.0/avr5/libgcc.a(_copy_data.o)
 .text.libgcc.prologue
                0x000000000000637c        0x0 /home/prapor/AVR/avr-gcc-11.1.0-x64-linux/bin/../lib/gcc/avr/11.1.0/avr5/libgcc.a(_copy_data.o)
 .text.libgcc.builtins
                0x000000000000637c        0x0 /home/prapor/AVR/avr-gcc-11.1.0-x64-linux/bin/../lib/gcc/avr/11.1.0/avr5/libgcc.a(_copy_data.o)
 .text.libgcc.fmul
                0x000000000000637c        0x0 /home/prapor/AVR/avr-gcc-11.1.0-x64-linux/bin/../lib/gcc/avr/11.1.0/avr5/libgcc.a(_copy_data.o)
 .text.libgcc.fixed
                0x000000000000637c        0x0 /home/prapor/AVR/avr-gcc-11.1.0-x64-linux/bin/../lib/gcc/avr/11.1.0/avr5/libgcc.a(_copy_data.o)
 .text.libgcc.mul
                0x000000000000637c        0x0 /home/prapor/AVR/avr-gcc-11.1.0-x64-linux/bin/../lib/gcc/avr/11.1.0/avr5/libgcc.a(_clear_bss.o)
 .text.libgcc.div
                0x000000000000637c        0x0 /home/prapor/AVR/avr-gcc-11.1.0-x64-linux/bin/../lib/gcc/avr/11.1.0/avr5/libgcc.a(_clear_bss.o)
 .text.libgcc   0x000000000000637c        0x0 /home/prapor/AVR/avr-gcc-11.1.0-x64-linux/bin/../lib/gcc/avr/11.1.0/avr5/libgcc.a(_clear_bss.o)
 .text.libgcc.prologue
                0x000000000000637c        0x0 /home/prapor/AVR/avr-gcc-11.1.0-x64-linux/bin/../lib/gcc/avr/11.1.0/avr5/libgcc.a(_clear_bss.o)
 .text.libgcc.builtins
                0x000000000000637c        0x0 /home/prapor/AVR/avr-gcc-11.1.0-x64-linux/bin/../lib/gcc/avr/11.1.0/avr5/libgcc.a(_clear_bss.o)
 .text.libgcc.fmul
                0x000000000000637c        0x0 /home/prapor/AVR/avr-gcc-11.1.0-x64-linux/bin/../lib/gcc/avr/11.1.0/avr5/libgcc.a(_clear_bss.o)
 .text.libgcc.fixed
                0x000000000000637c        0x0 /home/prapor/AVR/avr-gcc-11.1.0-x64-linux/bin/../lib/gcc/avr/11.1.0/avr5/libgcc.a(_clear_bss.o)
 .text.libgcc.mul
                0x000000000000637c       0x16 /home/prapor/AVR/avr-gcc-11.1.0-x64-linux/bin/../lib/gcc/avr/11.1.0/avr5/libgcc.a(_muluhisi3.o)
                0x000000000000637c                __muluhisi3
 .text.libgcc.div
                0x0000000000006392        0x0 /home/prapor/AVR/avr-gcc-11.1.0-x64-linux/bin/../lib/gcc/avr/11.1.0/avr5/libgcc.a(_muluhisi3.o)
 .text.libgcc   0x0000000000006392        0x0 /home/prapor/AVR/avr-gcc-11.1.0-x64-linux/bin/../lib/gcc/avr/11.1.0/avr5/libgcc.a(_muluhisi3.o)
 .text.libgcc.prologue
                0x0000000000006392        0x0 /home/prapor/AVR/avr-gcc-11.1.0-x64-linux/bin/../lib/gcc/avr/11.1.0/avr5/libgcc.a(_muluhisi3.o)
 .text.libgcc.builtins
                0x0000000000006392        0x0 /home/prapor/AVR/avr-gcc-11.1.0-x64-linux/bin/../lib/gcc/avr/11.1.0/avr5/libgcc.a(_muluhisi3.o)
 .text.libgcc.fmul
                0x0000000000006392        0x0 /home/prapor/AVR/avr-gcc-11.1.0-x64-linux/bin/../lib/gcc/avr/11.1.0/avr5/libgcc.a(_muluhisi3.o)
 .text.libgcc.fixed
                0x0000000000006392        0x0 /home/prapor/AVR/avr-gcc-11.1.0-x64-linux/bin/../lib/gcc/avr/11.1.0/avr5/libgcc.a(_muluhisi3.o)
 .text.libgcc.mul
                0x0000000000006392       0x1e /home/prapor/AVR/avr-gcc-11.1.0-x64-linux/bin/../lib/gcc/avr/11.1.0/avr5/libgcc.a(_umulhisi3.o)
                0x0000000000006392                __umulhisi3
 .text.libgcc.div
                0x00000000000063b0        0x0 /home/prapor/AVR/avr-gcc-11.1.0-x64-linux/bin/../lib/gcc/avr/11.1.0/avr5/libgcc.a(_umulhisi3.o)
 .text.libgcc   0x00000000000063b0        0x0 /home/prapor/AVR/avr-gcc-11.1.0-x64-linux/bin/../lib/gcc/avr/11.1.0/avr5/libgcc.a(_umulhisi3.o)
 .text.libgcc.prologue
                0x00000000000063b0        0x0 /home/prapor/AVR/avr-gcc-11.1.0-x64-linux/bin/../lib/gcc/avr/11.1.0/avr5/libgcc.a(_umulhisi3.o)
 .text.libgcc.builtins
                0x00000000000063b0        0x0 /home/prapor/AVR/avr-gcc-11.1.0-x64-linux/bin/../lib/gcc/avr/11.1.0/avr5/libgcc.a(_umulhisi3.o)
 .text.libgcc.fmul
                0x00000000000063b0        0x0 /home/prapor/AVR/avr-gcc-11.1.0-x64-linux/bin/../lib/gcc/avr/11.1.0/avr5/libgcc.a(_umulhisi3.o)
 .text.libgcc.fixed
                0x00000000000063b0        0x0 /home/prapor/AVR/avr-gcc-11.1.0-x64-linux/bin/../lib/gcc/avr/11.1.0/avr5/libgcc.a(_umulhisi3.o)
 .text.avr-libc
                0x00000000000063b0      0x250 /home/prapor/AVR/avr-gcc-11.1.0-x64-linux/bin/../lib/gcc/avr/11.1.0/../../../../avr/lib/avr5/libc.a(malloc.o)
                0x00000000000063b0                malloc
                0x00000000000064dc                free
 .text.avr-libc
                0x0000000000006600      0x290 /home/prapor/AVR/avr-gcc-11.1.0-x64-linux/bin/../lib/gcc/avr/11.1.0/../../../../avr/lib/avr5/libc.a(strtoul.o)
                0x0000000000006600                strtoul
 .text.avr-libc
                0x0000000000006890       0x3c /home/prapor/AVR/avr-gcc-11.1.0-x64-linux/bin/../lib/gcc/avr/11.1.0/../../../../avr/lib/avr5/libc.a(atoi.o)
                0x0000000000006890                atoi
 .text.avr-libc
                0x00000000000068cc       0x12 /home/prapor/AVR/avr-gcc-11.1.0-x64-linux/bin/../lib/gcc/avr/11.1.0/../../../../avr/lib/avr5/libc.a(isspace.o)
                0x00000000000068cc                isspace
 .text.avr-libc
                0x00000000000068de       0x1a /home/prapor/AVR/avr-gcc-11.1.0-x64-linux/bin/../lib/gcc/avr/11.1.0/../../../../avr/lib/avr5/libc.a(memcmp_P.o)
                0x00000000000068de                memcmp_P
 .text.avr-libc
                0x00000000000068f8       0x16 /home/prapor/AVR/avr-gcc-11.1.0-x64-linux/bin/../lib/gcc/avr/11.1.0/../../../../avr/lib/avr5/libc.a(strcat_P.o)
                0x00000000000068f8                strcat_P
 .text.avr-libc
                0x000000000000690e       0x34 /home/prapor/AVR/avr-gcc-11.1.0-x64-linux/bin/../lib/gcc/avr/11.1.0/../../../../avr/lib/avr5/libc.a(strstr_P.o)
                0x000000000000690e                strstr_P
 .text.avr-libc
                0x0000000000006942        0xa /home/prapor/AVR/avr-gcc-11.1.0-x64-linux/bin/../lib/gcc/avr/11.1.0/../../../../avr/lib/avr5/libc.a(strtok.o)
                0x0000000000006942                strtok
 .text.avr-libc
                0x000000000000694c       0x1a /home/prapor/AVR/avr-gcc-11.1.0-x64-linux/bin/../lib/gcc/avr/11.1.0/../../../../avr/lib/avr5/libc.a(memcmp.o)
                0x000000000000694c                memcmp
 .text.avr-libc
                0x0000000000006966       0x12 /home/prapor/AVR/avr-gcc-11.1.0-x64-linux/bin/../lib/gcc/avr/11.1.0/../../../../avr/lib/avr5/libc.a(memcpy.o)
                0x0000000000006966                memcpy
 .text.avr-libc
                0x0000000000006978       0x24 /home/prapor/AVR/avr-gcc-11.1.0-x64-linux/bin/../lib/gcc/avr/11.1.0/../../../../avr/lib/avr5/libc.a(memmove.o)
                0x0000000000006978                memmove
 .text.avr-libc
                0x000000000000699c        0xe /home/prapor/AVR/avr-gcc-11.1.0-x64-linux/bin/../lib/gcc/avr/11.1.0/../../../../avr/lib/avr5/libc.a(memset.o)
                0x000000000000699c                memset
 .text.avr-libc
                0x00000000000069aa       0x16 /home/prapor/AVR/avr-gcc-11.1.0-x64-linux/bin/../lib/gcc/avr/11.1.0/../../../../avr/lib/avr5/libc.a(strchr.o)
                0x00000000000069aa                strchr
 .text.avr-libc
                0x00000000000069c0       0x12 /home/prapor/AVR/avr-gcc-11.1.0-x64-linux/bin/../lib/gcc/avr/11.1.0/../../../../avr/lib/avr5/libc.a(strlen.o)
                0x00000000000069c0                strlen
 .text.avr-libc
                0x00000000000069d2       0x14 /home/prapor/AVR/avr-gcc-11.1.0-x64-linux/bin/../lib/gcc/avr/11.1.0/../../../../avr/lib/avr5/libc.a(strlwr.o)
                0x00000000000069d2                strlwr
 .text.avr-libc
                0x00000000000069e6       0x34 /home/prapor/AVR/avr-gcc-11.1.0-x64-linux/bin/../lib/gcc/avr/11.1.0/../../../../avr/lib/avr5/libc.a(strstr.o)
                0x00000000000069e6                strstr
 .text.avr-libc
                0x0000000000006a1a       0x4e /home/prapor/AVR/avr-gcc-11.1.0-x64-linux/bin/../lib/gcc/avr/11.1.0/../../../../avr/lib/avr5/libc.a(strtok_r.o)
                0x0000000000006a1a                strtok_r
 .text.avr-libc
                0x0000000000006a68       0x16 /home/prapor/AVR/avr-gcc-11.1.0-x64-linux/bin/../lib/gcc/avr/11.1.0/../../../../avr/lib/avr5/libc.a(itoa.o)
                0x0000000000006a68                itoa
                0x0000000000006a68                __itoa
 .text.avr-libc
                0x0000000000006a7e       0x16 /home/prapor/AVR/avr-gcc-11.1.0-x64-linux/bin/../lib/gcc/avr/11.1.0/../../../../avr/lib/avr5/libc.a(itoa_ncheck.o)
                0x0000000000006a7e                __itoa_ncheck
 .text.avr-libc
                0x0000000000006a94       0x10 /home/prapor/AVR/avr-gcc-11.1.0-x64-linux/bin/../lib/gcc/avr/11.1.0/../../../../avr/lib/avr5/libc.a(mul10.o)
                0x0000000000006a94                __mulhi_const_10
 .text.avr-libc
                0x0000000000006aa4       0x34 /home/prapor/AVR/avr-gcc-11.1.0-x64-linux/bin/../lib/gcc/avr/11.1.0/../../../../avr/lib/avr5/libc.a(utoa_ncheck.o)
                0x0000000000006aa4                __utoa_ncheck
                0x0000000000006aa6                __utoa_common
 .text.avr-libc
                0x0000000000006ad8       0x46 /home/prapor/AVR/avr-gcc-11.1.0-x64-linux/bin/../lib/gcc/avr/11.1.0/../../../../avr/lib/avr5/libc.a(sprintf_p.o)
                0x0000000000006ad8                sprintf_P
 .text.avr-libc
                0x0000000000006b1e      0x3a6 /home/prapor/AVR/avr-gcc-11.1.0-x64-linux/bin/../lib/gcc/avr/11.1.0/../../../../avr/lib/avr5/libc.a(vfprintf_std.o)
                0x0000000000006b1e                vfprintf
 .text.avr-libc
                0x0000000000006ec4        0x6 /home/prapor/AVR/avr-gcc-11.1.0-x64-linux/bin/../lib/gcc/avr/11.1.0/../../../../avr/lib/avr5/libc.a(cty_isfalse.o)
                0x0000000000006ec4                __ctype_isfalse
                0x0000000000006ec8                __ctype_istrue
 .text.avr-libc
                0x0000000000006eca       0x16 /home/prapor/AVR/avr-gcc-11.1.0-x64-linux/bin/../lib/gcc/avr/11.1.0/../../../../avr/lib/avr5/libc.a(strnlen_P.o)
                0x0000000000006eca                strnlen_P
 .text.avr-libc
                0x0000000000006ee0       0x16 /home/prapor/AVR/avr-gcc-11.1.0-x64-linux/bin/../lib/gcc/avr/11.1.0/../../../../avr/lib/avr5/libc.a(strnlen.o)
                0x0000000000006ee0                strnlen
 .text.avr-libc
                0x0000000000006ef6       0x20 /home/prapor/AVR/avr-gcc-11.1.0-x64-linux/bin/../lib/gcc/avr/11.1.0/../../../../avr/lib/avr5/libc.a(strrev.o)
                0x0000000000006ef6                strrev
 .text.avr-libc
                0x0000000000006f16       0x60 /home/prapor/AVR/avr-gcc-11.1.0-x64-linux/bin/../lib/gcc/avr/11.1.0/../../../../avr/lib/avr5/libc.a(fputc.o)
                0x0000000000006f16                fputc
 .text.avr-libc
                0x0000000000006f76       0xbc /home/prapor/AVR/avr-gcc-11.1.0-x64-linux/bin/../lib/gcc/avr/11.1.0/../../../../avr/lib/avr5/libc.a(ultoa_invert.o)
                0x0000000000006f76                __ultoa_invert
 .text.avr-libc
                0x0000000000007032       0x20 /home/prapor/AVR/avr-gcc-11.1.0-x64-linux/bin/../lib/gcc/avr/11.1.0/../../../../avr/lib/avr5/libatmega328p.a(eerd_block.o)
                0x0000000000007032                eeprom_read_block
                0x0000000000007036                eeprom_read_blraw
 .text.avr-libc
                0x0000000000007052       0x20 /home/prapor/AVR/avr-gcc-11.1.0-x64-linux/bin/../lib/gcc/avr/11.1.0/../../../../avr/lib/avr5/libatmega328p.a(eeupd_block.o)
                0x0000000000007052                eeprom_update_block
 .text.avr-libc
                0x0000000000007072       0x24 /home/prapor/AVR/avr-gcc-11.1.0-x64-linux/bin/../lib/gcc/avr/11.1.0/../../../../avr/lib/avr5/libatmega328p.a(eeupd_byte.o)
                0x0000000000007072                eeprom_update_byte
                0x0000000000007074                eeprom_update_r18
 .text.avr-libc
                0x0000000000007096       0x14 /home/prapor/AVR/avr-gcc-11.1.0-x64-linux/bin/../lib/gcc/avr/11.1.0/../../../../avr/lib/avr5/libatmega328p.a(eewr_block.o)
                0x0000000000007096                eeprom_write_block
 .text.avr-libc
                0x00000000000070aa       0x1c /home/prapor/AVR/avr-gcc-11.1.0-x64-linux/bin/../lib/gcc/avr/11.1.0/../../../../avr/lib/avr5/libatmega328p.a(eewr_byte.o)
                0x00000000000070aa                eeprom_write_byte
                0x00000000000070ac                eeprom_write_r18
 .text.libgcc.mul
                0x00000000000070c6        0x0 /home/prapor/AVR/avr-gcc-11.1.0-x64-linux/bin/../lib/gcc/avr/11.1.0/avr5/libgcc.a(_prologue.o)
 .text.libgcc.div
                0x00000000000070c6        0x0 /home/prapor/AVR/avr-gcc-11.1.0-x64-linux/bin/../lib/gcc/avr/11.1.0/avr5/libgcc.a(_prologue.o)
 .text.libgcc   0x00000000000070c6        0x0 /home/prapor/AVR/avr-gcc-11.1.0-x64-linux/bin/../lib/gcc/avr/11.1.0/avr5/libgcc.a(_prologue.o)
 .text.libgcc.prologue
                0x00000000000070c6       0x38 /home/prapor/AVR/avr-gcc-11.1.0-x64-linux/bin/../lib/gcc/avr/11.1.0/avr5/libgcc.a(_prologue.o)
                0x00000000000070c6                __prologue_saves__
 .text.libgcc.builtins
                0x00000000000070fe        0x0 /home/prapor/AVR/avr-gcc-11.1.0-x64-linux/bin/../lib/gcc/avr/11.1.0/avr5/libgcc.a(_prologue.o)
 .text.libgcc.fmul
                0x00000000000070fe        0x0 /home/prapor/AVR/avr-gcc-11.1.0-x64-linux/bin/../lib/gcc/avr/11.1.0/avr5/libgcc.a(_prologue.o)
 .text.libgcc.fixed
                0x00000000000070fe        0x0 /home/prapor/AVR/avr-gcc-11.1.0-x64-linux/bin/../lib/gcc/avr/11.1.0/avr5/libgcc.a(_prologue.o)
 .text.libgcc.mul
                0x00000000000070fe        0x0 /home/prapor/AVR/avr-gcc-11.1.0-x64-linux/bin/../lib/gcc/avr/11.1.0/avr5/libgcc.a(_epilogue.o)
 .text.libgcc.div
                0x00000000000070fe        0x0 /home/prapor/AVR/avr-gcc-11.1.0-x64-linux/bin/../lib/gcc/avr/11.1.0/avr5/libgcc.a(_epilogue.o)
 .text.libgcc   0x00000000000070fe        0x0 /home/prapor/AVR/avr-gcc-11.1.0-x64-linux/bin/../lib/gcc/avr/11.1.0/avr5/libgcc.a(_epilogue.o)
 .text.libgcc.prologue
                0x00000000000070fe       0x36 /home/prapor/AVR/avr-gcc-11.1.0-x64-linux/bin/../lib/gcc/avr/11.1.0/avr5/libgcc.a(_epilogue.o)
                0x00000000000070fe                __epilogue_restores__
 .text.libgcc.builtins
                0x0000000000007134        0x0 /home/prapor/AVR/avr-gcc-11.1.0-x64-linux/bin/../lib/gcc/avr/11.1.0/avr5/libgcc.a(_epilogue.o)
 .text.libgcc.fmul
                0x0000000000007134        0x0 /home/prapor/AVR/avr-gcc-11.1.0-x64-linux/bin/../lib/gcc/avr/11.1.0/avr5/libgcc.a(_epilogue.o)
 .text.libgcc.fixed
                0x0000000000007134        0x0 /home/prapor/AVR/avr-gcc-11.1.0-x64-linux/bin/../lib/gcc/avr/11.1.0/avr5/libgcc.a(_epilogue.o)
                0x0000000000007134                . = ALIGN (0x2)
 *(.fini9)
 .fini9         0x0000000000007134        0x0 /home/prapor/AVR/avr-gcc-11.1.0-x64-linux/bin/../lib/gcc/avr/11.1.0/avr5/libgcc.a(_exit.o)
                0x0000000000007134                exit
                0x0000000000007134                _exit
 *(.fini9)
 *(.fini8)
 *(.fini8)
 *(.fini7)
 *(.fini7)
 *(.fini6)
 *(.fini6)
 *(.fini5)
 *(.fini5)
 *(.fini4)
 *(.fini4)
 *(.fini3)
 *(.fini3)
 *(.fini2)
 *(.fini2)
 *(.fini1)
 *(.fini1)
 *(.fini0)
 .fini0         0x0000000000007134        0x4 /home/prapor/AVR/avr-gcc-11.1.0-x64-linux/bin/../lib/gcc/avr/11.1.0/avr5/libgcc.a(_exit.o)
 *(.fini0)
 *(.hightext)
 *(.hightext*)
 *(.progmemx.*)
                0x0000000000007138                . = ALIGN (0x2)
 *(.jumptables)
 *(.jumptables*)
 .jumptables.gcc.call_status
                0x0000000000007138       0x20 obj/Debug/GSM.o
 .jumptables.gcc.get_message_from_mdm
                0x0000000000007158       0x10 obj/Debug/GSM.o
                0x0000000000007168                _etext = .

.data           0x0000000000800100       0xa8 load address 0x0000000000007168
                0x0000000000800100                PROVIDE (__data_start = .)
 *(.data)
 .data          0x0000000000800100        0x0 /home/prapor/AVR/avr-gcc-11.1.0-x64-linux/bin/../lib/gcc/avr/11.1.0/../../../../avr/lib/avr5/crtatmega328p.o
 .data          0x0000000000800100        0x3 obj/Debug/app.o
 .data          0x0000000000800103        0x2 obj/Debug/eeprom.o
 .data          0x0000000000800105        0x1 obj/Debug/GSM.o
 .data          0x0000000000800106        0x0 obj/Debug/main.o
 .data          0x0000000000800106        0x0 obj/Debug/port.o
 .data          0x0000000000800106        0x0 obj/Debug/sms_parse.o
 .data          0x0000000000800106        0x0 obj/Debug/softuart.o
 .data          0x0000000000800106        0x0 obj/Debug/timer.o
 .data          0x0000000000800106        0x0 obj/Debug/UART.o
 .data          0x0000000000800106        0x0 /home/prapor/AVR/avr-gcc-11.1.0-x64-linux/bin/../lib/gcc/avr/11.1.0/avr5/libgcc.a(_mulsi3.o)
 .data          0x0000000000800106        0x0 /home/prapor/AVR/avr-gcc-11.1.0-x64-linux/bin/../lib/gcc/avr/11.1.0/avr5/libgcc.a(_udivmodhi4.o)
 .data          0x0000000000800106        0x0 /home/prapor/AVR/avr-gcc-11.1.0-x64-linux/bin/../lib/gcc/avr/11.1.0/avr5/libgcc.a(_udivmodsi4.o)
 .data          0x0000000000800106        0x0 /home/prapor/AVR/avr-gcc-11.1.0-x64-linux/bin/../lib/gcc/avr/11.1.0/avr5/libgcc.a(_divmodsi4.o)
 .data          0x0000000000800106        0x0 /home/prapor/AVR/avr-gcc-11.1.0-x64-linux/bin/../lib/gcc/avr/11.1.0/avr5/libgcc.a(_negsi2.o)
 .data          0x0000000000800106        0x0 /home/prapor/AVR/avr-gcc-11.1.0-x64-linux/bin/../lib/gcc/avr/11.1.0/avr5/libgcc.a(_exit.o)
 .data          0x0000000000800106        0x0 /home/prapor/AVR/avr-gcc-11.1.0-x64-linux/bin/../lib/gcc/avr/11.1.0/avr5/libgcc.a(_tablejump2.o)
 .data          0x0000000000800106        0x0 /home/prapor/AVR/avr-gcc-11.1.0-x64-linux/bin/../lib/gcc/avr/11.1.0/avr5/libgcc.a(_copy_data.o)
 .data          0x0000000000800106        0x0 /home/prapor/AVR/avr-gcc-11.1.0-x64-linux/bin/../lib/gcc/avr/11.1.0/avr5/libgcc.a(_clear_bss.o)
 .data          0x0000000000800106        0x0 /home/prapor/AVR/avr-gcc-11.1.0-x64-linux/bin/../lib/gcc/avr/11.1.0/avr5/libgcc.a(_muluhisi3.o)
 .data          0x0000000000800106        0x0 /home/prapor/AVR/avr-gcc-11.1.0-x64-linux/bin/../lib/gcc/avr/11.1.0/avr5/libgcc.a(_umulhisi3.o)
 .data          0x0000000000800106        0x6 /home/prapor/AVR/avr-gcc-11.1.0-x64-linux/bin/../lib/gcc/avr/11.1.0/../../../../avr/lib/avr5/libc.a(malloc.o)
                0x0000000000800106                __malloc_heap_end
                0x0000000000800108                __malloc_heap_start
                0x000000000080010a                __malloc_margin
 .data          0x000000000080010c        0x0 /home/prapor/AVR/avr-gcc-11.1.0-x64-linux/bin/../lib/gcc/avr/11.1.0/../../../../avr/lib/avr5/libc.a(strtoul.o)
 .data          0x000000000080010c        0x0 /home/prapor/AVR/avr-gcc-11.1.0-x64-linux/bin/../lib/gcc/avr/11.1.0/../../../../avr/lib/avr5/libc.a(atoi.o)
 .data          0x000000000080010c        0x0 /home/prapor/AVR/avr-gcc-11.1.0-x64-linux/bin/../lib/gcc/avr/11.1.0/../../../../avr/lib/avr5/libc.a(isspace.o)
 .data          0x000000000080010c        0x0 /home/prapor/AVR/avr-gcc-11.1.0-x64-linux/bin/../lib/gcc/avr/11.1.0/../../../../avr/lib/avr5/libc.a(memcmp_P.o)
 .data          0x000000000080010c        0x0 /home/prapor/AVR/avr-gcc-11.1.0-x64-linux/bin/../lib/gcc/avr/11.1.0/../../../../avr/lib/avr5/libc.a(strcat_P.o)
 .data          0x000000000080010c        0x0 /home/prapor/AVR/avr-gcc-11.1.0-x64-linux/bin/../lib/gcc/avr/11.1.0/../../../../avr/lib/avr5/libc.a(strstr_P.o)
 .data          0x000000000080010c        0x0 /home/prapor/AVR/avr-gcc-11.1.0-x64-linux/bin/../lib/gcc/avr/11.1.0/../../../../avr/lib/avr5/libc.a(strtok.o)
 .data          0x000000000080010c        0x0 /home/prapor/AVR/avr-gcc-11.1.0-x64-linux/bin/../lib/gcc/avr/11.1.0/../../../../avr/lib/avr5/libc.a(memcmp.o)
 .data          0x000000000080010c        0x0 /home/prapor/AVR/avr-gcc-11.1.0-x64-linux/bin/../lib/gcc/avr/11.1.0/../../../../avr/lib/avr5/libc.a(memcpy.o)
 .data          0x000000000080010c        0x0 /home/prapor/AVR/avr-gcc-11.1.0-x64-linux/bin/../lib/gcc/avr/11.1.0/../../../../avr/lib/avr5/libc.a(memmove.o)
 .data          0x000000000080010c        0x0 /home/prapor/AVR/avr-gcc-11.1.0-x64-linux/bin/../lib/gcc/avr/11.1.0/../../../../avr/lib/avr5/libc.a(memset.o)
 .data          0x000000000080010c        0x0 /home/prapor/AVR/avr-gcc-11.1.0-x64-linux/bin/../lib/gcc/avr/11.1.0/../../../../avr/lib/avr5/libc.a(strchr.o)
 .data          0x000000000080010c        0x0 /home/prapor/AVR/avr-gcc-11.1.0-x64-linux/bin/../lib/gcc/avr/11.1.0/../../../../avr/lib/avr5/libc.a(strlen.o)
 .data          0x000000000080010c        0x0 /home/prapor/AVR/avr-gcc-11.1.0-x64-linux/bin/../lib/gcc/avr/11.1.0/../../../../avr/lib/avr5/libc.a(strlwr.o)
 .data          0x000000000080010c        0x0 /home/prapor/AVR/avr-gcc-11.1.0-x64-linux/bin/../lib/gcc/avr/11.1.0/../../../../avr/lib/avr5/libc.a(strstr.o)
 .data          0x000000000080010c        0x0 /home/prapor/AVR/avr-gcc-11.1.0-x64-linux/bin/../lib/gcc/avr/11.1.0/../../../../avr/lib/avr5/libc.a(strtok_r.o)
 .data          0x000000000080010c        0x0 /home/prapor/AVR/avr-gcc-11.1.0-x64-linux/bin/../lib/gcc/avr/11.1.0/../../../../avr/lib/avr5/libc.a(itoa.o)
 .data          0x000000000080010c        0x0 /home/prapor/AVR/avr-gcc-11.1.0-x64-linux/bin/../lib/gcc/avr/11.1.0/../../../../avr/lib/avr5/libc.a(itoa_ncheck.o)
 .data          0x000000000080010c        0x0 /home/prapor/AVR/avr-gcc-11.1.0-x64-linux/bin/../lib/gcc/avr/11.1.0/../../../../avr/lib/avr5/libc.a(mul10.o)
 .data          0x000000000080010c        0x0 /home/prapor/AVR/avr-gcc-11.1.0-x64-linux/bin/../lib/gcc/avr/11.1.0/../../../../avr/lib/avr5/libc.a(utoa_ncheck.o)
 .data          0x000000000080010c        0x0 /home/prapor/AVR/avr-gcc-11.1.0-x64-linux/bin/../lib/gcc/avr/11.1.0/../../../../avr/lib/avr5/libc.a(sprintf_p.o)
 .data          0x000000000080010c        0x0 /home/prapor/AVR/avr-gcc-11.1.0-x64-linux/bin/../lib/gcc/avr/11.1.0/../../../../avr/lib/avr5/libc.a(vfprintf_std.o)
 .data          0x000000000080010c        0x0 /home/prapor/AVR/avr-gcc-11.1.0-x64-linux/bin/../lib/gcc/avr/11.1.0/../../../../avr/lib/avr5/libc.a(errno.o)
 .data          0x000000000080010c        0x0 /home/prapor/AVR/avr-gcc-11.1.0-x64-linux/bin/../lib/gcc/avr/11.1.0/../../../../avr/lib/avr5/libc.a(cty_isfalse.o)
 .data          0x000000000080010c        0x0 /home/prapor/AVR/avr-gcc-11.1.0-x64-linux/bin/../lib/gcc/avr/11.1.0/../../../../avr/lib/avr5/libc.a(strnlen_P.o)
 .data          0x000000000080010c        0x0 /home/prapor/AVR/avr-gcc-11.1.0-x64-linux/bin/../lib/gcc/avr/11.1.0/../../../../avr/lib/avr5/libc.a(strnlen.o)
 .data          0x000000000080010c        0x0 /home/prapor/AVR/avr-gcc-11.1.0-x64-linux/bin/../lib/gcc/avr/11.1.0/../../../../avr/lib/avr5/libc.a(strrev.o)
 .data          0x000000000080010c        0x0 /home/prapor/AVR/avr-gcc-11.1.0-x64-linux/bin/../lib/gcc/avr/11.1.0/../../../../avr/lib/avr5/libc.a(fputc.o)
 .data          0x000000000080010c        0x0 /home/prapor/AVR/avr-gcc-11.1.0-x64-linux/bin/../lib/gcc/avr/11.1.0/../../../../avr/lib/avr5/libc.a(ultoa_invert.o)
 .data          0x000000000080010c        0x0 /home/prapor/AVR/avr-gcc-11.1.0-x64-linux/bin/../lib/gcc/avr/11.1.0/../../../../avr/lib/avr5/libatmega328p.a(eerd_block.o)
 .data          0x000000000080010c        0x0 /home/prapor/AVR/avr-gcc-11.1.0-x64-linux/bin/../lib/gcc/avr/11.1.0/../../../../avr/lib/avr5/libatmega328p.a(eeupd_block.o)
 .data          0x000000000080010c        0x0 /home/prapor/AVR/avr-gcc-11.1.0-x64-linux/bin/../lib/gcc/avr/11.1.0/../../../../avr/lib/avr5/libatmega328p.a(eeupd_byte.o)
 .data          0x000000000080010c        0x0 /home/prapor/AVR/avr-gcc-11.1.0-x64-linux/bin/../lib/gcc/avr/11.1.0/../../../../avr/lib/avr5/libatmega328p.a(eewr_block.o)
 .data          0x000000000080010c        0x0 /home/prapor/AVR/avr-gcc-11.1.0-x64-linux/bin/../lib/gcc/avr/11.1.0/../../../../avr/lib/avr5/libatmega328p.a(eewr_byte.o)
 .data          0x000000000080010c        0x0 /home/prapor/AVR/avr-gcc-11.1.0-x64-linux/bin/../lib/gcc/avr/11.1.0/avr5/libgcc.a(_prologue.o)
 .data          0x000000000080010c        0x0 /home/prapor/AVR/avr-gcc-11.1.0-x64-linux/bin/../lib/gcc/avr/11.1.0/avr5/libgcc.a(_epilogue.o)
 *(.data*)
 *(.gnu.linkonce.d*)
 *(.rodata)
 .rodata        0x000000000080010c       0x28 obj/Debug/app.o
 .rodata        0x0000000000800134       0x5d obj/Debug/GSM.o
 .rodata        0x0000000000800191        0x6 obj/Debug/main.o
 .rodata        0x0000000000800197        0x3 obj/Debug/softuart.o
 *(.rodata*)
 .rodata.str1.1
                0x000000000080019a        0xe obj/Debug/eeprom.o
 *(.gnu.linkonce.r*)
                0x00000000008001a8                . = ALIGN (0x2)
                0x00000000008001a8                _edata = .
                0x00000000008001a8                PROVIDE (__data_end = .)

.bss            0x00000000008001a8      0x2b6
                0x00000000008001a8                PROVIDE (__bss_start = .)
 *(.bss)
 .bss           0x00000000008001a8        0x0 /home/prapor/AVR/avr-gcc-11.1.0-x64-linux/bin/../lib/gcc/avr/11.1.0/../../../../avr/lib/avr5/crtatmega328p.o
 .bss           0x00000000008001a8       0x1f obj/Debug/app.o
 .bss           0x00000000008001c7       0x54 obj/Debug/eeprom.o
                0x00000000008001c7                config
 .bss           0x000000000080021b      0x176 obj/Debug/GSM.o
 .bss           0x0000000000800391        0x0 obj/Debug/main.o
 .bss           0x0000000000800391        0x1 obj/Debug/port.o
 .bss           0x0000000000800392        0x0 obj/Debug/sms_parse.o
 .bss           0x0000000000800392       0x2e obj/Debug/softuart.o
 .bss           0x00000000008003c0       0x14 obj/Debug/timer.o
 .bss           0x00000000008003d4       0x82 obj/Debug/UART.o
                0x00000000008003d4                head
                0x00000000008003d5                tail
 .bss           0x0000000000800456        0x0 /home/prapor/AVR/avr-gcc-11.1.0-x64-linux/bin/../lib/gcc/avr/11.1.0/avr5/libgcc.a(_mulsi3.o)
 .bss           0x0000000000800456        0x0 /home/prapor/AVR/avr-gcc-11.1.0-x64-linux/bin/../lib/gcc/avr/11.1.0/avr5/libgcc.a(_udivmodhi4.o)
 .bss           0x0000000000800456        0x0 /home/prapor/AVR/avr-gcc-11.1.0-x64-linux/bin/../lib/gcc/avr/11.1.0/avr5/libgcc.a(_udivmodsi4.o)
 .bss           0x0000000000800456        0x0 /home/prapor/AVR/avr-gcc-11.1.0-x64-linux/bin/../lib/gcc/avr/11.1.0/avr5/libgcc.a(_divmodsi4.o)
 .bss           0x0000000000800456        0x0 /home/prapor/AVR/avr-gcc-11.1.0-x64-linux/bin/../lib/gcc/avr/11.1.0/avr5/libgcc.a(_negsi2.o)
 .bss           0x0000000000800456        0x0 /home/prapor/AVR/avr-gcc-11.1.0-x64-linux/bin/../lib/gcc/avr/11.1.0/avr5/libgcc.a(_exit.o)
 .bss           0x0000000000800456        0x0 /home/prapor/AVR/avr-gcc-11.1.0-x64-linux/bin/../lib/gcc/avr/11.1.0/avr5/libgcc.a(_tablejump2.o)
 .bss           0x0000000000800456        0x0 /home/prapor/AVR/avr-gcc-11.1.0-x64-linux/bin/../lib/gcc/avr/11.1.0/avr5/libgcc.a(_copy_data.o)
 .bss           0x0000000000800456        0x0 /home/prapor/AVR/avr-gcc-11.1.0-x64-linux/bin/../lib/gcc/avr/11.1.0/avr5/libgcc.a(_clear_bss.o)
 .bss           0x0000000000800456        0x0 /home/prapor/AVR/avr-gcc-11.1.0-x64-linux/bin/../lib/gcc/avr/11.1.0/avr5/libgcc.a(_muluhisi3.o)
 .bss           0x0000000000800456        0x0 /home/prapor/AVR/avr-gcc-11.1.0-x64-linux/bin/../lib/gcc/avr/11.1.0/avr5/libgcc.a(_umulhisi3.o)
 .bss           0x0000000000800456        0x4 /home/prapor/AVR/avr-gcc-11.1.0-x64-linux/bin/../lib/gcc/avr/11.1.0/../../../../avr/lib/avr5/libc.a(malloc.o)
                0x0000000000800456                __flp
                0x0000000000800458                __brkval
 .bss           0x000000000080045a        0x0 /home/prapor/AVR/avr-gcc-11.1.0-x64-linux/bin/../lib/gcc/avr/11.1.0/../../../../avr/lib/avr5/libc.a(strtoul.o)
 .bss           0x000000000080045a        0x0 /home/prapor/AVR/avr-gcc-11.1.0-x64-linux/bin/../lib/gcc/avr/11.1.0/../../../../avr/lib/avr5/libc.a(atoi.o)
 .bss           0x000000000080045a        0x0 /home/prapor/AVR/avr-gcc-11.1.0-x64-linux/bin/../lib/gcc/avr/11.1.0/../../../../avr/lib/avr5/libc.a(isspace.o)
 .bss           0x000000000080045a        0x0 /home/prapor/AVR/avr-gcc-11.1.0-x64-linux/bin/../lib/gcc/avr/11.1.0/../../../../avr/lib/avr5/libc.a(memcmp_P.o)
 .bss           0x000000000080045a        0x0 /home/prapor/AVR/avr-gcc-11.1.0-x64-linux/bin/../lib/gcc/avr/11.1.0/../../../../avr/lib/avr5/libc.a(strcat_P.o)
 .bss           0x000000000080045a        0x0 /home/prapor/AVR/avr-gcc-11.1.0-x64-linux/bin/../lib/gcc/avr/11.1.0/../../../../avr/lib/avr5/libc.a(strstr_P.o)
 .bss           0x000000000080045a        0x2 /home/prapor/AVR/avr-gcc-11.1.0-x64-linux/bin/../lib/gcc/avr/11.1.0/../../../../avr/lib/avr5/libc.a(strtok.o)
 .bss           0x000000000080045c        0x0 /home/prapor/AVR/avr-gcc-11.1.0-x64-linux/bin/../lib/gcc/avr/11.1.0/../../../../avr/lib/avr5/libc.a(memcmp.o)
 .bss           0x000000000080045c        0x0 /home/prapor/AVR/avr-gcc-11.1.0-x64-linux/bin/../lib/gcc/avr/11.1.0/../../../../avr/lib/avr5/libc.a(memcpy.o)
 .bss           0x000000000080045c        0x0 /home/prapor/AVR/avr-gcc-11.1.0-x64-linux/bin/../lib/gcc/avr/11.1.0/../../../../avr/lib/avr5/libc.a(memmove.o)
 .bss           0x000000000080045c        0x0 /home/prapor/AVR/avr-gcc-11.1.0-x64-linux/bin/../lib/gcc/avr/11.1.0/../../../../avr/lib/avr5/libc.a(memset.o)
 .bss           0x000000000080045c        0x0 /home/prapor/AVR/avr-gcc-11.1.0-x64-linux/bin/../lib/gcc/avr/11.1.0/../../../../avr/lib/avr5/libc.a(strchr.o)
 .bss           0x000000000080045c        0x0 /home/prapor/AVR/avr-gcc-11.1.0-x64-linux/bin/../lib/gcc/avr/11.1.0/../../../../avr/lib/avr5/libc.a(strlen.o)
 .bss           0x000000000080045c        0x0 /home/prapor/AVR/avr-gcc-11.1.0-x64-linux/bin/../lib/gcc/avr/11.1.0/../../../../avr/lib/avr5/libc.a(strlwr.o)
 .bss           0x000000000080045c        0x0 /home/prapor/AVR/avr-gcc-11.1.0-x64-linux/bin/../lib/gcc/avr/11.1.0/../../../../avr/lib/avr5/libc.a(strstr.o)
 .bss           0x000000000080045c        0x0 /home/prapor/AVR/avr-gcc-11.1.0-x64-linux/bin/../lib/gcc/avr/11.1.0/../../../../avr/lib/avr5/libc.a(strtok_r.o)
 .bss           0x000000000080045c        0x0 /home/prapor/AVR/avr-gcc-11.1.0-x64-linux/bin/../lib/gcc/avr/11.1.0/../../../../avr/lib/avr5/libc.a(itoa.o)
 .bss           0x000000000080045c        0x0 /home/prapor/AVR/avr-gcc-11.1.0-x64-linux/bin/../lib/gcc/avr/11.1.0/../../../../avr/lib/avr5/libc.a(itoa_ncheck.o)
 .bss           0x000000000080045c        0x0 /home/prapor/AVR/avr-gcc-11.1.0-x64-linux/bin/../lib/gcc/avr/11.1.0/../../../../avr/lib/avr5/libc.a(mul10.o)
 .bss           0x000000000080045c        0x0 /home/prapor/AVR/avr-gcc-11.1.0-x64-linux/bin/../lib/gcc/avr/11.1.0/../../../../avr/lib/avr5/libc.a(utoa_ncheck.o)
 .bss           0x000000000080045c        0x0 /home/prapor/AVR/avr-gcc-11.1.0-x64-linux/bin/../lib/gcc/avr/11.1.0/../../../../avr/lib/avr5/libc.a(sprintf_p.o)
 .bss           0x000000000080045c        0x0 /home/prapor/AVR/avr-gcc-11.1.0-x64-linux/bin/../lib/gcc/avr/11.1.0/../../../../avr/lib/avr5/libc.a(vfprintf_std.o)
 .bss           0x000000000080045c        0x2 /home/prapor/AVR/avr-gcc-11.1.0-x64-linux/bin/../lib/gcc/avr/11.1.0/../../../../avr/lib/avr5/libc.a(errno.o)
                0x000000000080045c                errno
 .bss           0x000000000080045e        0x0 /home/prapor/AVR/avr-gcc-11.1.0-x64-linux/bin/../lib/gcc/avr/11.1.0/../../../../avr/lib/avr5/libc.a(cty_isfalse.o)
 .bss           0x000000000080045e        0x0 /home/prapor/AVR/avr-gcc-11.1.0-x64-linux/bin/../lib/gcc/avr/11.1.0/../../../../avr/lib/avr5/libc.a(strnlen_P.o)
 .bss           0x000000000080045e        0x0 /home/prapor/AVR/avr-gcc-11.1.0-x64-linux/bin/../lib/gcc/avr/11.1.0/../../../../avr/lib/avr5/libc.a(strnlen.o)
 .bss           0x000000000080045e        0x0 /home/prapor/AVR/avr-gcc-11.1.0-x64-linux/bin/../lib/gcc/avr/11.1.0/../../../../avr/lib/avr5/libc.a(strrev.o)
 .bss           0x000000000080045e        0x0 /home/prapor/AVR/avr-gcc-11.1.0-x64-linux/bin/../lib/gcc/avr/11.1.0/../../../../avr/lib/avr5/libc.a(fputc.o)
 .bss           0x000000000080045e        0x0 /home/prapor/AVR/avr-gcc-11.1.0-x64-linux/bin/../lib/gcc/avr/11.1.0/../../../../avr/lib/avr5/libc.a(ultoa_invert.o)
 .bss           0x000000000080045e        0x0 /home/prapor/AVR/avr-gcc-11.1.0-x64-linux/bin/../lib/gcc/avr/11.1.0/../../../../avr/lib/avr5/libatmega328p.a(eerd_block.o)
 .bss           0x000000000080045e        0x0 /home/prapor/AVR/avr-gcc-11.1.0-x64-linux/bin/../lib/gcc/avr/11.1.0/../../../../avr/lib/avr5/libatmega328p.a(eeupd_block.o)
 .bss           0x000000000080045e        0x0 /home/prapor/AVR/avr-gcc-11.1.0-x64-linux/bin/../lib/gcc/avr/11.1.0/../../../../avr/lib/avr5/libatmega328p.a(eeupd_byte.o)
 .bss           0x000000000080045e        0x0 /home/prapor/AVR/avr-gcc-11.1.0-x64-linux/bin/../lib/gcc/avr/11.1.0/../../../../avr/lib/avr5/libatmega328p.a(eewr_block.o)
 .bss           0x000000000080045e        0x0 /home/prapor/AVR/avr-gcc-11.1.0-x64-linux/bin/../lib/gcc/avr/11.1.0/../../../../avr/lib/avr5/libatmega328p.a(eewr_byte.o)
 .bss           0x000000000080045e        0x0 /home/prapor/AVR/avr-gcc-11.1.0-x64-linux/bin/../lib/gcc/avr/11.1.0/avr5/libgcc.a(_prologue.o)
 .bss           0x000000000080045e        0x0 /home/prapor/AVR/avr-gcc-11.1.0-x64-linux/bin/../lib/gcc/avr/11.1.0/avr5/libgcc.a(_epilogue.o)
 *(.bss*)
 *(COMMON)
                0x000000000080045e                PROVIDE (__bss_end = .)
                0x0000000000007168                __data_load_start = LOADADDR (.data)
                0x0000000000007210                __data_load_end = (__data_load_start + SIZEOF (.data))

.noinit         0x000000000080045e        0x0
                [!provide]                        PROVIDE (__noinit_start = .)
 *(.noinit .noinit.* .gnu.linkonce.n.*)
                [!provide]                        PROVIDE (__noinit_end = .)
                0x000000000080045e                _end = .
                0x000000000080045e                PROVIDE (__heap_start = .)

.eeprom         0x0000000000810000        0x0
 *(.eeprom*)
                0x0000000000810000                __eeprom_end = .

.fuse
 *(.fuse)
 *(.lfuse)
 *(.hfuse)
 *(.efuse)

.lock
 *(.lock*)

.signature
 *(.signature*)

.stab
 *(.stab)

.stabstr
 *(.stabstr)

.stab.excl
 *(.stab.excl)

.stab.exclstr
 *(.stab.exclstr)

.stab.index
 *(.stab.index)

.stab.indexstr
 *(.stab.indexstr)

.comment        0x0000000000000000       0x12
 *(.comment)
 .comment       0x0000000000000000       0x12 obj/Debug/app.o
                                         0x13 (size before relaxing)
 .comment       0x0000000000000012       0x13 obj/Debug/eeprom.o
 .comment       0x0000000000000012       0x13 obj/Debug/GSM.o
 .comment       0x0000000000000012       0x13 obj/Debug/main.o
 .comment       0x0000000000000012       0x13 obj/Debug/port.o
 .comment       0x0000000000000012       0x13 obj/Debug/sms_parse.o
 .comment       0x0000000000000012       0x13 obj/Debug/softuart.o
 .comment       0x0000000000000012       0x13 obj/Debug/timer.o
 .comment       0x0000000000000012       0x13 obj/Debug/UART.o
 .comment       0x0000000000000012       0x13 /home/prapor/AVR/avr-gcc-11.1.0-x64-linux/bin/../lib/gcc/avr/11.1.0/../../../../avr/lib/avr5/libc.a(malloc.o)
 .comment       0x0000000000000012       0x13 /home/prapor/AVR/avr-gcc-11.1.0-x64-linux/bin/../lib/gcc/avr/11.1.0/../../../../avr/lib/avr5/libc.a(strtoul.o)
 .comment       0x0000000000000012       0x13 /home/prapor/AVR/avr-gcc-11.1.0-x64-linux/bin/../lib/gcc/avr/11.1.0/../../../../avr/lib/avr5/libc.a(strtok.o)
 .comment       0x0000000000000012       0x13 /home/prapor/AVR/avr-gcc-11.1.0-x64-linux/bin/../lib/gcc/avr/11.1.0/../../../../avr/lib/avr5/libc.a(sprintf_p.o)
 .comment       0x0000000000000012       0x13 /home/prapor/AVR/avr-gcc-11.1.0-x64-linux/bin/../lib/gcc/avr/11.1.0/../../../../avr/lib/avr5/libc.a(vfprintf_std.o)
 .comment       0x0000000000000012       0x13 /home/prapor/AVR/avr-gcc-11.1.0-x64-linux/bin/../lib/gcc/avr/11.1.0/../../../../avr/lib/avr5/libc.a(errno.o)
 .comment       0x0000000000000012       0x13 /home/prapor/AVR/avr-gcc-11.1.0-x64-linux/bin/../lib/gcc/avr/11.1.0/../../../../avr/lib/avr5/libc.a(fputc.o)

.note.gnu.avr.deviceinfo
                0x0000000000000000       0x40
 .note.gnu.avr.deviceinfo
                0x0000000000000000       0x40 /home/prapor/AVR/avr-gcc-11.1.0-x64-linux/bin/../lib/gcc/avr/11.1.0/../../../../avr/lib/avr5/crtatmega328p.o

.note.gnu.build-id
 *(.note.gnu.build-id)

.debug
 *(.debug)

.line
 *(.line)

.debug_srcinfo
 *(.debug_srcinfo)

.debug_sfnames
 *(.debug_sfnames)

.debug_aranges  0x0000000000000000      0x2c0
 *(.debug_aranges)
 .debug_aranges
                0x0000000000000000       0x20 obj/Debug/app.o
 .debug_aranges
                0x0000000000000020       0x20 obj/Debug/eeprom.o
 .debug_aranges
                0x0000000000000040       0x20 obj/Debug/GSM.o
 .debug_aranges
                0x0000000000000060       0x20 obj/Debug/main.o
 .debug_aranges
                0x0000000000000080       0x20 obj/Debug/port.o
 .debug_aranges
                0x00000000000000a0       0x20 obj/Debug/sms_parse.o
 .debug_aranges
                0x00000000000000c0       0x20 obj/Debug/softuart.o
 .debug_aranges
                0x00000000000000e0       0x20 obj/Debug/timer.o
 .debug_aranges
                0x0000000000000100       0x20 obj/Debug/UART.o
 .debug_aranges
                0x0000000000000120       0x20 /home/prapor/AVR/avr-gcc-11.1.0-x64-linux/bin/../lib/gcc/avr/11.1.0/avr5/libgcc.a(_mulsi3.o)
 .debug_aranges
                0x0000000000000140       0x20 /home/prapor/AVR/avr-gcc-11.1.0-x64-linux/bin/../lib/gcc/avr/11.1.0/avr5/libgcc.a(_udivmodhi4.o)
 .debug_aranges
                0x0000000000000160       0x20 /home/prapor/AVR/avr-gcc-11.1.0-x64-linux/bin/../lib/gcc/avr/11.1.0/avr5/libgcc.a(_udivmodsi4.o)
 .debug_aranges
                0x0000000000000180       0x20 /home/prapor/AVR/avr-gcc-11.1.0-x64-linux/bin/../lib/gcc/avr/11.1.0/avr5/libgcc.a(_divmodsi4.o)
 .debug_aranges
                0x00000000000001a0       0x20 /home/prapor/AVR/avr-gcc-11.1.0-x64-linux/bin/../lib/gcc/avr/11.1.0/avr5/libgcc.a(_negsi2.o)
 .debug_aranges
                0x00000000000001c0       0x20 /home/prapor/AVR/avr-gcc-11.1.0-x64-linux/bin/../lib/gcc/avr/11.1.0/avr5/libgcc.a(_exit.o)
 .debug_aranges
                0x00000000000001e0       0x20 /home/prapor/AVR/avr-gcc-11.1.0-x64-linux/bin/../lib/gcc/avr/11.1.0/avr5/libgcc.a(_tablejump2.o)
 .debug_aranges
                0x0000000000000200       0x20 /home/prapor/AVR/avr-gcc-11.1.0-x64-linux/bin/../lib/gcc/avr/11.1.0/avr5/libgcc.a(_copy_data.o)
 .debug_aranges
                0x0000000000000220       0x20 /home/prapor/AVR/avr-gcc-11.1.0-x64-linux/bin/../lib/gcc/avr/11.1.0/avr5/libgcc.a(_clear_bss.o)
 .debug_aranges
                0x0000000000000240       0x20 /home/prapor/AVR/avr-gcc-11.1.0-x64-linux/bin/../lib/gcc/avr/11.1.0/avr5/libgcc.a(_muluhisi3.o)
 .debug_aranges
                0x0000000000000260       0x20 /home/prapor/AVR/avr-gcc-11.1.0-x64-linux/bin/../lib/gcc/avr/11.1.0/avr5/libgcc.a(_umulhisi3.o)
 .debug_aranges
                0x0000000000000280       0x20 /home/prapor/AVR/avr-gcc-11.1.0-x64-linux/bin/../lib/gcc/avr/11.1.0/avr5/libgcc.a(_prologue.o)
 .debug_aranges
                0x00000000000002a0       0x20 /home/prapor/AVR/avr-gcc-11.1.0-x64-linux/bin/../lib/gcc/avr/11.1.0/avr5/libgcc.a(_epilogue.o)

.debug_pubnames
 *(.debug_pubnames)

.debug_info     0x0000000000000000     0x499b
 *(.debug_info .gnu.linkonce.wi.*)
 .debug_info    0x0000000000000000      0x5f4 /home/prapor/AVR/avr-gcc-11.1.0-x64-linux/bin/../lib/gcc/avr/11.1.0/../../../../avr/lib/avr5/crtatmega328p.o
 .debug_info    0x00000000000005f4      0xe97 obj/Debug/app.o
 .debug_info    0x000000000000148b      0x58d obj/Debug/eeprom.o
 .debug_info    0x0000000000001a18     0x1513 obj/Debug/GSM.o
 .debug_info    0x0000000000002f2b      0x1e5 obj/Debug/main.o
 .debug_info    0x0000000000003110      0x150 obj/Debug/port.o
 .debug_info    0x0000000000003260      0xc7c obj/Debug/sms_parse.o
 .debug_info    0x0000000000003edc      0x389 obj/Debug/softuart.o
 .debug_info    0x0000000000004265      0x2e0 obj/Debug/timer.o
 .debug_info    0x0000000000004545      0x282 obj/Debug/UART.o
 .debug_info    0x00000000000047c7       0x24 /home/prapor/AVR/avr-gcc-11.1.0-x64-linux/bin/../lib/gcc/avr/11.1.0/avr5/libgcc.a(_mulsi3.o)
 .debug_info    0x00000000000047eb       0x24 /home/prapor/AVR/avr-gcc-11.1.0-x64-linux/bin/../lib/gcc/avr/11.1.0/avr5/libgcc.a(_udivmodhi4.o)
 .debug_info    0x000000000000480f       0x24 /home/prapor/AVR/avr-gcc-11.1.0-x64-linux/bin/../lib/gcc/avr/11.1.0/avr5/libgcc.a(_udivmodsi4.o)
 .debug_info    0x0000000000004833       0x24 /home/prapor/AVR/avr-gcc-11.1.0-x64-linux/bin/../lib/gcc/avr/11.1.0/avr5/libgcc.a(_divmodsi4.o)
 .debug_info    0x0000000000004857       0x24 /home/prapor/AVR/avr-gcc-11.1.0-x64-linux/bin/../lib/gcc/avr/11.1.0/avr5/libgcc.a(_negsi2.o)
 .debug_info    0x000000000000487b       0x24 /home/prapor/AVR/avr-gcc-11.1.0-x64-linux/bin/../lib/gcc/avr/11.1.0/avr5/libgcc.a(_exit.o)
 .debug_info    0x000000000000489f       0x24 /home/prapor/AVR/avr-gcc-11.1.0-x64-linux/bin/../lib/gcc/avr/11.1.0/avr5/libgcc.a(_tablejump2.o)
 .debug_info    0x00000000000048c3       0x24 /home/prapor/AVR/avr-gcc-11.1.0-x64-linux/bin/../lib/gcc/avr/11.1.0/avr5/libgcc.a(_copy_data.o)
 .debug_info    0x00000000000048e7       0x24 /home/prapor/AVR/avr-gcc-11.1.0-x64-linux/bin/../lib/gcc/avr/11.1.0/avr5/libgcc.a(_clear_bss.o)
 .debug_info    0x000000000000490b       0x24 /home/prapor/AVR/avr-gcc-11.1.0-x64-linux/bin/../lib/gcc/avr/11.1.0/avr5/libgcc.a(_muluhisi3.o)
 .debug_info    0x000000000000492f       0x24 /home/prapor/AVR/avr-gcc-11.1.0-x64-linux/bin/../lib/gcc/avr/11.1.0/avr5/libgcc.a(_umulhisi3.o)
 .debug_info    0x0000000000004953       0x24 /home/prapor/AVR/avr-gcc-11.1.0-x64-linux/bin/../lib/gcc/avr/11.1.0/avr5/libgcc.a(_prologue.o)
 .debug_info    0x0000000000004977       0x24 /home/prapor/AVR/avr-gcc-11.1.0-x64-linux/bin/../lib/gcc/avr/11.1.0/avr5/libgcc.a(_epilogue.o)

.debug_abbrev   0x0000000000000000     0x1795
 *(.debug_abbrev)
 .debug_abbrev  0x0000000000000000      0x5a2 /home/prapor/AVR/avr-gcc-11.1.0-x64-linux/bin/../lib/gcc/avr/11.1.0/../../../../avr/lib/avr5/crtatmega328p.o
 .debug_abbrev  0x00000000000005a2      0x2d1 obj/Debug/app.o
 .debug_abbrev  0x0000000000000873      0x1ff obj/Debug/eeprom.o
 .debug_abbrev  0x0000000000000a72      0x358 obj/Debug/GSM.o
 .debug_abbrev  0x0000000000000dca      0x13c obj/Debug/main.o
 .debug_abbrev  0x0000000000000f06       0xc0 obj/Debug/port.o
 .debug_abbrev  0x0000000000000fc6      0x24e obj/Debug/sms_parse.o
 .debug_abbrev  0x0000000000001214      0x1e3 obj/Debug/softuart.o
 .debug_abbrev  0x00000000000013f7      0x12f obj/Debug/timer.o
 .debug_abbrev  0x0000000000001526      0x16b obj/Debug/UART.o
 .debug_abbrev  0x0000000000001691       0x14 /home/prapor/AVR/avr-gcc-11.1.0-x64-linux/bin/../lib/gcc/avr/11.1.0/avr5/libgcc.a(_mulsi3.o)
 .debug_abbrev  0x00000000000016a5       0x14 /home/prapor/AVR/avr-gcc-11.1.0-x64-linux/bin/../lib/gcc/avr/11.1.0/avr5/libgcc.a(_udivmodhi4.o)
 .debug_abbrev  0x00000000000016b9       0x14 /home/prapor/AVR/avr-gcc-11.1.0-x64-linux/bin/../lib/gcc/avr/11.1.0/avr5/libgcc.a(_udivmodsi4.o)
 .debug_abbrev  0x00000000000016cd       0x14 /home/prapor/AVR/avr-gcc-11.1.0-x64-linux/bin/../lib/gcc/avr/11.1.0/avr5/libgcc.a(_divmodsi4.o)
 .debug_abbrev  0x00000000000016e1       0x14 /home/prapor/AVR/avr-gcc-11.1.0-x64-linux/bin/../lib/gcc/avr/11.1.0/avr5/libgcc.a(_negsi2.o)
 .debug_abbrev  0x00000000000016f5       0x14 /home/prapor/AVR/avr-gcc-11.1.0-x64-linux/bin/../lib/gcc/avr/11.1.0/avr5/libgcc.a(_exit.o)
 .debug_abbrev  0x0000000000001709       0x14 /home/prapor/AVR/avr-gcc-11.1.0-x64-linux/bin/../lib/gcc/avr/11.1.0/avr5/libgcc.a(_tablejump2.o)
 .debug_abbrev  0x000000000000171d       0x14 /home/prapor/AVR/avr-gcc-11.1.0-x64-linux/bin/../lib/gcc/avr/11.1.0/avr5/libgcc.a(_copy_data.o)
 .debug_abbrev  0x0000000000001731       0x14 /home/prapor/AVR/avr-gcc-11.1.0-x64-linux/bin/../lib/gcc/avr/11.1.0/avr5/libgcc.a(_clear_bss.o)
 .debug_abbrev  0x0000000000001745       0x14 /home/prapor/AVR/avr-gcc-11.1.0-x64-linux/bin/../lib/gcc/avr/11.1.0/avr5/libgcc.a(_muluhisi3.o)
 .debug_abbrev  0x0000000000001759       0x14 /home/prapor/AVR/avr-gcc-11.1.0-x64-linux/bin/../lib/gcc/avr/11.1.0/avr5/libgcc.a(_umulhisi3.o)
 .debug_abbrev  0x000000000000176d       0x14 /home/prapor/AVR/avr-gcc-11.1.0-x64-linux/bin/../lib/gcc/avr/11.1.0/avr5/libgcc.a(_prologue.o)
 .debug_abbrev  0x0000000000001781       0x14 /home/prapor/AVR/avr-gcc-11.1.0-x64-linux/bin/../lib/gcc/avr/11.1.0/avr5/libgcc.a(_epilogue.o)

.debug_line     0x0000000000000000     0x554d
 *(.debug_line .debug_line.* .debug_line_end)
 .debug_line    0x0000000000000000       0x1d /home/prapor/AVR/avr-gcc-11.1.0-x64-linux/bin/../lib/gcc/avr/11.1.0/../../../../avr/lib/avr5/crtatmega328p.o
 .debug_line    0x000000000000001d      0xe5b obj/Debug/app.o
 .debug_line    0x0000000000000e78      0x474 obj/Debug/eeprom.o
 .debug_line    0x00000000000012ec     0x1f0a obj/Debug/GSM.o
 .debug_line    0x00000000000031f6      0x15a obj/Debug/main.o
 .debug_line    0x0000000000003350      0x205 obj/Debug/port.o
 .debug_line    0x0000000000003555      0xd24 obj/Debug/sms_parse.o
 .debug_line    0x0000000000004279      0x4b0 obj/Debug/softuart.o
 .debug_line    0x0000000000004729      0x29d obj/Debug/timer.o
 .debug_line    0x00000000000049c6      0x362 obj/Debug/UART.o
 .debug_line    0x0000000000004d28       0x9f /home/prapor/AVR/avr-gcc-11.1.0-x64-linux/bin/../lib/gcc/avr/11.1.0/avr5/libgcc.a(_mulsi3.o)
 .debug_line    0x0000000000004dc7       0xbd /home/prapor/AVR/avr-gcc-11.1.0-x64-linux/bin/../lib/gcc/avr/11.1.0/avr5/libgcc.a(_udivmodhi4.o)
 .debug_line    0x0000000000004e84      0x111 /home/prapor/AVR/avr-gcc-11.1.0-x64-linux/bin/../lib/gcc/avr/11.1.0/avr5/libgcc.a(_udivmodsi4.o)
 .debug_line    0x0000000000004f95       0xbd /home/prapor/AVR/avr-gcc-11.1.0-x64-linux/bin/../lib/gcc/avr/11.1.0/avr5/libgcc.a(_divmodsi4.o)
 .debug_line    0x0000000000005052       0x51 /home/prapor/AVR/avr-gcc-11.1.0-x64-linux/bin/../lib/gcc/avr/11.1.0/avr5/libgcc.a(_negsi2.o)
 .debug_line    0x00000000000050a3       0x51 /home/prapor/AVR/avr-gcc-11.1.0-x64-linux/bin/../lib/gcc/avr/11.1.0/avr5/libgcc.a(_exit.o)
 .debug_line    0x00000000000050f4       0x69 /home/prapor/AVR/avr-gcc-11.1.0-x64-linux/bin/../lib/gcc/avr/11.1.0/avr5/libgcc.a(_tablejump2.o)
 .debug_line    0x000000000000515d       0x87 /home/prapor/AVR/avr-gcc-11.1.0-x64-linux/bin/../lib/gcc/avr/11.1.0/avr5/libgcc.a(_copy_data.o)
 .debug_line    0x00000000000051e4       0x75 /home/prapor/AVR/avr-gcc-11.1.0-x64-linux/bin/../lib/gcc/avr/11.1.0/avr5/libgcc.a(_clear_bss.o)
 .debug_line    0x0000000000005259       0x81 /home/prapor/AVR/avr-gcc-11.1.0-x64-linux/bin/../lib/gcc/avr/11.1.0/avr5/libgcc.a(_muluhisi3.o)
 .debug_line    0x00000000000052da       0x9f /home/prapor/AVR/avr-gcc-11.1.0-x64-linux/bin/../lib/gcc/avr/11.1.0/avr5/libgcc.a(_umulhisi3.o)
 .debug_line    0x0000000000005379       0xed /home/prapor/AVR/avr-gcc-11.1.0-x64-linux/bin/../lib/gcc/avr/11.1.0/avr5/libgcc.a(_prologue.o)
 .debug_line    0x0000000000005466       0xe7 /home/prapor/AVR/avr-gcc-11.1.0-x64-linux/bin/../lib/gcc/avr/11.1.0/avr5/libgcc.a(_epilogue.o)

.debug_frame    0x0000000000000000     0x1130
 *(.debug_frame)
 .debug_frame   0x0000000000000000      0x23c obj/Debug/app.o
 .debug_frame   0x000000000000023c      0x324 obj/Debug/eeprom.o
 .debug_frame   0x0000000000000560      0x4d8 obj/Debug/GSM.o
 .debug_frame   0x0000000000000a38       0x34 obj/Debug/main.o
 .debug_frame   0x0000000000000a6c       0xf4 obj/Debug/port.o
 .debug_frame   0x0000000000000b60       0xc0 obj/Debug/sms_parse.o
 .debug_frame   0x0000000000000c20      0x218 obj/Debug/softuart.o
 .debug_frame   0x0000000000000e38      0x178 obj/Debug/timer.o
 .debug_frame   0x0000000000000fb0      0x180 obj/Debug/UART.o

.debug_str      0x0000000000000000      0xf93
 *(.debug_str)
 .debug_str     0x0000000000000000      0x20b /home/prapor/AVR/avr-gcc-11.1.0-x64-linux/bin/../lib/gcc/avr/11.1.0/../../../../avr/lib/avr5/crtatmega328p.o
 .debug_str     0x000000000000020b      0x449 obj/Debug/app.o
                                        0x4d4 (size before relaxing)
 .debug_str     0x0000000000000654      0x1f4 obj/Debug/eeprom.o
                                        0x41c (size before relaxing)
 .debug_str     0x0000000000000848      0x3f8 obj/Debug/GSM.o
                                        0x723 (size before relaxing)
 .debug_str     0x0000000000000c40       0x29 obj/Debug/main.o
                                        0x211 (size before relaxing)
 .debug_str     0x0000000000000c69       0x6c obj/Debug/port.o
                                        0x16c (size before relaxing)
 .debug_str     0x0000000000000cd5       0x71 obj/Debug/sms_parse.o
                                        0x334 (size before relaxing)
 .debug_str     0x0000000000000d46      0x1ad obj/Debug/softuart.o
                                        0x2c7 (size before relaxing)
 .debug_str     0x0000000000000ef3       0x12 obj/Debug/timer.o
                                        0x1f2 (size before relaxing)
 .debug_str     0x0000000000000f05       0x4b obj/Debug/UART.o
                                        0x1d4 (size before relaxing)
 .debug_str     0x0000000000000f50       0x43 /home/prapor/AVR/avr-gcc-11.1.0-x64-linux/bin/../lib/gcc/avr/11.1.0/avr5/libgcc.a(_mulsi3.o)
 .debug_str     0x0000000000000f93       0x43 /home/prapor/AVR/avr-gcc-11.1.0-x64-linux/bin/../lib/gcc/avr/11.1.0/avr5/libgcc.a(_udivmodhi4.o)
 .debug_str     0x0000000000000f93       0x43 /home/prapor/AVR/avr-gcc-11.1.0-x64-linux/bin/../lib/gcc/avr/11.1.0/avr5/libgcc.a(_udivmodsi4.o)
 .debug_str     0x0000000000000f93       0x43 /home/prapor/AVR/avr-gcc-11.1.0-x64-linux/bin/../lib/gcc/avr/11.1.0/avr5/libgcc.a(_divmodsi4.o)
 .debug_str     0x0000000000000f93       0x43 /home/prapor/AVR/avr-gcc-11.1.0-x64-linux/bin/../lib/gcc/avr/11.1.0/avr5/libgcc.a(_negsi2.o)
 .debug_str     0x0000000000000f93       0x43 /home/prapor/AVR/avr-gcc-11.1.0-x64-linux/bin/../lib/gcc/avr/11.1.0/avr5/libgcc.a(_exit.o)
 .debug_str     0x0000000000000f93       0x43 /home/prapor/AVR/avr-gcc-11.1.0-x64-linux/bin/../lib/gcc/avr/11.1.0/avr5/libgcc.a(_tablejump2.o)
 .debug_str     0x0000000000000f93       0x43 /home/prapor/AVR/avr-gcc-11.1.0-x64-linux/bin/../lib/gcc/avr/11.1.0/avr5/libgcc.a(_copy_data.o)
 .debug_str     0x0000000000000f93       0x43 /home/prapor/AVR/avr-gcc-11.1.0-x64-linux/bin/../lib/gcc/avr/11.1.0/avr5/libgcc.a(_clear_bss.o)
 .debug_str     0x0000000000000f93       0x43 /home/prapor/AVR/avr-gcc-11.1.0-x64-linux/bin/../lib/gcc/avr/11.1.0/avr5/libgcc.a(_muluhisi3.o)
 .debug_str     0x0000000000000f93       0x43 /home/prapor/AVR/avr-gcc-11.1.0-x64-linux/bin/../lib/gcc/avr/11.1.0/avr5/libgcc.a(_umulhisi3.o)
 .debug_str     0x0000000000000f93       0x43 /home/prapor/AVR/avr-gcc-11.1.0-x64-linux/bin/../lib/gcc/avr/11.1.0/avr5/libgcc.a(_prologue.o)
 .debug_str     0x0000000000000f93       0x43 /home/prapor/AVR/avr-gcc-11.1.0-x64-linux/bin/../lib/gcc/avr/11.1.0/avr5/libgcc.a(_epilogue.o)

.debug_loc
 *(.debug_loc)

.debug_macinfo
 *(.debug_macinfo)

.debug_weaknames
 *(.debug_weaknames)

.debug_funcnames
 *(.debug_funcnames)

.debug_typenames
 *(.debug_typenames)

.debug_varnames
 *(.debug_varnames)

.debug_pubtypes
 *(.debug_pubtypes)

.debug_ranges
 *(.debug_ranges)

.debug_addr
 *(.debug_addr)

.debug_line_str
                0x0000000000000000      0x1bf
 *(.debug_line_str)
 .debug_line_str
                0x0000000000000000       0xe2 obj/Debug/app.o
                                        0x10c (size before relaxing)
 .debug_line_str
                0x00000000000000e2       0x60 obj/Debug/eeprom.o
                                        0x144 (size before relaxing)
 .debug_line_str
                0x0000000000000142       0x1f obj/Debug/GSM.o
                                        0x16f (size before relaxing)
 .debug_line_str
                0x0000000000000161        0x7 obj/Debug/main.o
                                         0xc6 (size before relaxing)
 .debug_line_str
                0x0000000000000168        0x7 obj/Debug/port.o
                                         0x90 (size before relaxing)
 .debug_line_str
                0x000000000000016f        0xc obj/Debug/sms_parse.o
                                        0x16c (size before relaxing)
 .debug_line_str
                0x000000000000017b        0xb obj/Debug/softuart.o
                                         0x9c (size before relaxing)
 .debug_line_str
                0x0000000000000186        0x8 obj/Debug/timer.o
                                         0xad (size before relaxing)
 .debug_line_str
                0x000000000000018e        0x7 obj/Debug/UART.o
                                         0x98 (size before relaxing)
 .debug_line_str
                0x0000000000000195       0x2a /home/prapor/AVR/avr-gcc-11.1.0-x64-linux/bin/../lib/gcc/avr/11.1.0/avr5/libgcc.a(_mulsi3.o)
                                         0x54 (size before relaxing)
 .debug_line_str
                0x00000000000001bf       0x54 /home/prapor/AVR/avr-gcc-11.1.0-x64-linux/bin/../lib/gcc/avr/11.1.0/avr5/libgcc.a(_udivmodhi4.o)
 .debug_line_str
                0x00000000000001bf       0x54 /home/prapor/AVR/avr-gcc-11.1.0-x64-linux/bin/../lib/gcc/avr/11.1.0/avr5/libgcc.a(_udivmodsi4.o)
 .debug_line_str
                0x00000000000001bf       0x54 /home/prapor/AVR/avr-gcc-11.1.0-x64-linux/bin/../lib/gcc/avr/11.1.0/avr5/libgcc.a(_divmodsi4.o)
 .debug_line_str
                0x00000000000001bf       0x54 /home/prapor/AVR/avr-gcc-11.1.0-x64-linux/bin/../lib/gcc/avr/11.1.0/avr5/libgcc.a(_negsi2.o)
 .debug_line_str
                0x00000000000001bf       0x54 /home/prapor/AVR/avr-gcc-11.1.0-x64-linux/bin/../lib/gcc/avr/11.1.0/avr5/libgcc.a(_exit.o)
 .debug_line_str
                0x00000000000001bf       0x54 /home/prapor/AVR/avr-gcc-11.1.0-x64-linux/bin/../lib/gcc/avr/11.1.0/avr5/libgcc.a(_tablejump2.o)
 .debug_line_str
                0x00000000000001bf       0x54 /home/prapor/AVR/avr-gcc-11.1.0-x64-linux/bin/../lib/gcc/avr/11.1.0/avr5/libgcc.a(_copy_data.o)
 .debug_line_str
                0x00000000000001bf       0x54 /home/prapor/AVR/avr-gcc-11.1.0-x64-linux/bin/../lib/gcc/avr/11.1.0/avr5/libgcc.a(_clear_bss.o)
 .debug_line_str
                0x00000000000001bf       0x54 /home/prapor/AVR/avr-gcc-11.1.0-x64-linux/bin/../lib/gcc/avr/11.1.0/avr5/libgcc.a(_muluhisi3.o)
 .debug_line_str
                0x00000000000001bf       0x54 /home/prapor/AVR/avr-gcc-11.1.0-x64-linux/bin/../lib/gcc/avr/11.1.0/avr5/libgcc.a(_umulhisi3.o)
 .debug_line_str
                0x00000000000001bf       0x54 /home/prapor/AVR/avr-gcc-11.1.0-x64-linux/bin/../lib/gcc/avr/11.1.0/avr5/libgcc.a(_prologue.o)
 .debug_line_str
                0x00000000000001bf       0x54 /home/prapor/AVR/avr-gcc-11.1.0-x64-linux/bin/../lib/gcc/avr/11.1.0/avr5/libgcc.a(_epilogue.o)

.debug_loclists
 *(.debug_loclists)

.debug_macro
 *(.debug_macro)

.debug_names
 *(.debug_names)

.debug_rnglists
 *(.debug_rnglists)

.debug_str_offsets
 *(.debug_str_offsets)

.debug_sup
 *(.debug_sup)
OUTPUT(bin/Debug/chapeka.elf elf32-avr)
LOAD linker stubs

Cross Reference Table

Symbol                                            File
EEPROM_read                                       obj/Debug/eeprom.o
EEPROM_read_buf                                   obj/Debug/eeprom.o
EEPROM_update                                     obj/Debug/eeprom.o
                                                  obj/Debug/sms_parse.o
                                                  obj/Debug/GSM.o
                                                  obj/Debug/app.o
EEPROM_write                                      obj/Debug/eeprom.o
EEPROM_write_buf                                  obj/Debug/eeprom.o
__FUSE_REGION_LENGTH__                            /home/prapor/AVR/avr-gcc-11.1.0-x64-linux/bin/../lib/gcc/avr/11.1.0/../../../../avr/lib/avr5/crtatmega328p.o
__bad_interrupt                                   /home/prapor/AVR/avr-gcc-11.1.0-x64-linux/bin/../lib/gcc/avr/11.1.0/../../../../avr/lib/avr5/crtatmega328p.o
__brkval                                          /home/prapor/AVR/avr-gcc-11.1.0-x64-linux/bin/../lib/gcc/avr/11.1.0/../../../../avr/lib/avr5/libc.a(malloc.o)
                                                  obj/Debug/app.o
__bss_end                                         /home/prapor/AVR/avr-gcc-11.1.0-x64-linux/bin/../lib/gcc/avr/11.1.0/avr5/libgcc.a(_clear_bss.o)
__bss_start                                       /home/prapor/AVR/avr-gcc-11.1.0-x64-linux/bin/../lib/gcc/avr/11.1.0/avr5/libgcc.a(_clear_bss.o)
__ctype_isfalse                                   /home/prapor/AVR/avr-gcc-11.1.0-x64-linux/bin/../lib/gcc/avr/11.1.0/../../../../avr/lib/avr5/libc.a(cty_isfalse.o)
                                                  /home/prapor/AVR/avr-gcc-11.1.0-x64-linux/bin/../lib/gcc/avr/11.1.0/../../../../avr/lib/avr5/libc.a(isspace.o)
__ctype_istrue                                    /home/prapor/AVR/avr-gcc-11.1.0-x64-linux/bin/../lib/gcc/avr/11.1.0/../../../../avr/lib/avr5/libc.a(cty_isfalse.o)
__data_end                                        /home/prapor/AVR/avr-gcc-11.1.0-x64-linux/bin/../lib/gcc/avr/11.1.0/avr5/libgcc.a(_copy_data.o)
__data_load_start                                 /home/prapor/AVR/avr-gcc-11.1.0-x64-linux/bin/../lib/gcc/avr/11.1.0/avr5/libgcc.a(_copy_data.o)
__data_start                                      /home/prapor/AVR/avr-gcc-11.1.0-x64-linux/bin/../lib/gcc/avr/11.1.0/avr5/libgcc.a(_copy_data.o)
__divmodsi4                                       /home/prapor/AVR/avr-gcc-11.1.0-x64-linux/bin/../lib/gcc/avr/11.1.0/avr5/libgcc.a(_divmodsi4.o)
                                                  obj/Debug/app.o
__do_clear_bss                                    /home/prapor/AVR/avr-gcc-11.1.0-x64-linux/bin/../lib/gcc/avr/11.1.0/avr5/libgcc.a(_clear_bss.o)
                                                  /home/prapor/AVR/avr-gcc-11.1.0-x64-linux/bin/../lib/gcc/avr/11.1.0/../../../../avr/lib/avr5/libc.a(errno.o)
                                                  /home/prapor/AVR/avr-gcc-11.1.0-x64-linux/bin/../lib/gcc/avr/11.1.0/../../../../avr/lib/avr5/libc.a(strtok.o)
                                                  /home/prapor/AVR/avr-gcc-11.1.0-x64-linux/bin/../lib/gcc/avr/11.1.0/../../../../avr/lib/avr5/libc.a(malloc.o)
                                                  obj/Debug/UART.o
                                                  obj/Debug/timer.o
                                                  obj/Debug/softuart.o
                                                  obj/Debug/port.o
                                                  obj/Debug/GSM.o
                                                  obj/Debug/eeprom.o
                                                  obj/Debug/app.o
__do_copy_data                                    /home/prapor/AVR/avr-gcc-11.1.0-x64-linux/bin/../lib/gcc/avr/11.1.0/avr5/libgcc.a(_copy_data.o)
                                                  /home/prapor/AVR/avr-gcc-11.1.0-x64-linux/bin/../lib/gcc/avr/11.1.0/../../../../avr/lib/avr5/libc.a(malloc.o)
                                                  obj/Debug/softuart.o
                                                  obj/Debug/main.o
                                                  obj/Debug/GSM.o
                                                  obj/Debug/eeprom.o
                                                  obj/Debug/app.o
__epilogue_restores__                             /home/prapor/AVR/avr-gcc-11.1.0-x64-linux/bin/../lib/gcc/avr/11.1.0/avr5/libgcc.a(_epilogue.o)
                                                  /home/prapor/AVR/avr-gcc-11.1.0-x64-linux/bin/../lib/gcc/avr/11.1.0/../../../../avr/lib/avr5/libc.a(vfprintf_std.o)
                                                  /home/prapor/AVR/avr-gcc-11.1.0-x64-linux/bin/../lib/gcc/avr/11.1.0/../../../../avr/lib/avr5/libc.a(sprintf_p.o)
                                                  /home/prapor/AVR/avr-gcc-11.1.0-x64-linux/bin/../lib/gcc/avr/11.1.0/../../../../avr/lib/avr5/libc.a(strtoul.o)
__flp                                             /home/prapor/AVR/avr-gcc-11.1.0-x64-linux/bin/../lib/gcc/avr/11.1.0/../../../../avr/lib/avr5/libc.a(malloc.o)
__heap_end                                        /home/prapor/AVR/avr-gcc-11.1.0-x64-linux/bin/../lib/gcc/avr/11.1.0/../../../../avr/lib/avr5/crtatmega328p.o
                                                  /home/prapor/AVR/avr-gcc-11.1.0-x64-linux/bin/../lib/gcc/avr/11.1.0/../../../../avr/lib/avr5/libc.a(malloc.o)
__heap_start                                      /home/prapor/AVR/avr-gcc-11.1.0-x64-linux/bin/../lib/gcc/avr/11.1.0/../../../../avr/lib/avr5/libc.a(malloc.o)
                                                  obj/Debug/app.o
__init                                            /home/prapor/AVR/avr-gcc-11.1.0-x64-linux/bin/../lib/gcc/avr/11.1.0/../../../../avr/lib/avr5/crtatmega328p.o
__itoa                                            /home/prapor/AVR/avr-gcc-11.1.0-x64-linux/bin/../lib/gcc/avr/11.1.0/../../../../avr/lib/avr5/libc.a(itoa.o)
__itoa_ncheck                                     /home/prapor/AVR/avr-gcc-11.1.0-x64-linux/bin/../lib/gcc/avr/11.1.0/../../../../avr/lib/avr5/libc.a(itoa_ncheck.o)
                                                  /home/prapor/AVR/avr-gcc-11.1.0-x64-linux/bin/../lib/gcc/avr/11.1.0/../../../../avr/lib/avr5/libc.a(itoa.o)
__malloc_heap_end                                 /home/prapor/AVR/avr-gcc-11.1.0-x64-linux/bin/../lib/gcc/avr/11.1.0/../../../../avr/lib/avr5/libc.a(malloc.o)
__malloc_heap_start                               /home/prapor/AVR/avr-gcc-11.1.0-x64-linux/bin/../lib/gcc/avr/11.1.0/../../../../avr/lib/avr5/libc.a(malloc.o)
__malloc_margin                                   /home/prapor/AVR/avr-gcc-11.1.0-x64-linux/bin/../lib/gcc/avr/11.1.0/../../../../avr/lib/avr5/libc.a(malloc.o)
__mulhi_const_10                                  /home/prapor/AVR/avr-gcc-11.1.0-x64-linux/bin/../lib/gcc/avr/11.1.0/../../../../avr/lib/avr5/libc.a(mul10.o)
                                                  /home/prapor/AVR/avr-gcc-11.1.0-x64-linux/bin/../lib/gcc/avr/11.1.0/../../../../avr/lib/avr5/libc.a(atoi.o)
__mulsi3                                          /home/prapor/AVR/avr-gcc-11.1.0-x64-linux/bin/../lib/gcc/avr/11.1.0/avr5/libgcc.a(_mulsi3.o)
                                                  /home/prapor/AVR/avr-gcc-11.1.0-x64-linux/bin/../lib/gcc/avr/11.1.0/../../../../avr/lib/avr5/libc.a(strtoul.o)
                                                  obj/Debug/app.o
__muluhisi3                                       /home/prapor/AVR/avr-gcc-11.1.0-x64-linux/bin/../lib/gcc/avr/11.1.0/avr5/libgcc.a(_muluhisi3.o)
                                                  /home/prapor/AVR/avr-gcc-11.1.0-x64-linux/bin/../lib/gcc/avr/11.1.0/avr5/libgcc.a(_mulsi3.o)
                                                  obj/Debug/app.o
__negsi2                                          /home/prapor/AVR/avr-gcc-11.1.0-x64-linux/bin/../lib/gcc/avr/11.1.0/avr5/libgcc.a(_negsi2.o)
                                                  /home/prapor/AVR/avr-gcc-11.1.0-x64-linux/bin/../lib/gcc/avr/11.1.0/avr5/libgcc.a(_divmodsi4.o)